#
# There is insufficient memory for the Java Runtime Environment to continue.
# Native memory allocation (malloc) failed to allocate 1048576 bytes. Error detail: AllocateHeap
# Possible reasons:
#   The system is out of physical RAM or swap space
#   This process is running with CompressedOops enabled, and the Java Heap may be blocking the growth of the native heap
# Possible solutions:
#   Reduce memory load on the system
#   Increase physical memory or swap space
#   Check if swap backing store is full
#   Decrease Java heap size (-Xmx/-Xms)
#   Decrease number of Java threads
#   Decrease Java thread stack sizes (-Xss)
#   Set larger code cache with -XX:ReservedCodeCacheSize=
#   JVM is running with Unscaled Compressed Oops mode in which the Java heap is
#     placed in the first 4GB address space. The Java Heap base address is the
#     maximum limit for the native heap growth. Please use -XX:HeapBaseMinAddress
#     to set the Java Heap base and to place the Java Heap above 4GB virtual address.
# This output file may be truncated or incomplete.
#
#  Out of Memory Error (allocation.cpp:44), pid=22212, tid=20716
#
# JRE version: OpenJDK Runtime Environment Temurin-21.0.8+9 (21.0.8+9) (build 21.0.8+9-LTS)
# Java VM: OpenJDK 64-Bit Server VM Temurin-21.0.8+9 (21.0.8+9-LTS, mixed mode, sharing, tiered, compressed oops, compressed class ptrs, parallel gc, windows-amd64)
# No core dump will be written. Minidumps are not enabled by default on client versions of Windows
#

---------------  S U M M A R Y ------------

Command Line: --add-modules=ALL-SYSTEM --add-opens=java.base/java.util=ALL-UNNAMED --add-opens=java.base/java.lang=ALL-UNNAMED --add-opens=java.base/sun.nio.fs=ALL-UNNAMED -Declipse.application=org.eclipse.jdt.ls.core.id1 -Dosgi.bundles.defaultStartLevel=4 -Declipse.product=org.eclipse.jdt.ls.core.product -Djava.import.generatesMetadataFilesAtProjectRoot=false -DDetectVMInstallationsJob.disabled=true -Dfile.encoding=utf8 -XX:+UseParallelGC -XX:GCTimeRatio=4 -XX:AdaptiveSizePolicyWeight=90 -Dsun.zip.disableMemoryMapping=true -Xmx2G -Xms100m -Xlog:disable -javaagent:c:\Users\saura\.vscode\extensions\redhat.java-1.44.0-win32-x64\lombok\lombok-1.18.39-4050.jar -XX:+HeapDumpOnOutOfMemoryError -XX:HeapDumpPath=c:\Users\saura\AppData\Roaming\Code\User\workspaceStorage\1fb3a914484eae3c1531012f63cb60a3\redhat.java -Daether.dependencyCollector.impl=bf c:\Users\saura\.vscode\extensions\redhat.java-1.44.0-win32-x64\server\plugins\org.eclipse.equinox.launcher_1.7.0.v20250519-0528.jar -configuration c:\Users\saura\AppData\Roaming\Code\User\globalStorage\redhat.java\1.44.0\config_win -data c:\Users\saura\AppData\Roaming\Code\User\workspaceStorage\1fb3a914484eae3c1531012f63cb60a3\redhat.java\jdt_ws --pipe=\\.\pipe\lsp-bd88009f17faaaa57da28eb86030742b-sock

Host: AMD Ryzen 5 3500U with Radeon Vega Mobile Gfx  , 8 cores, 5G,  Windows 11 , 64 bit Build 26100 (10.0.26100.4484)
Time: Wed Aug 13 11:22:33 2025 India Standard Time elapsed time: 1996.000713 seconds (0d 0h 33m 16s)

---------------  T H R E A D  ---------------

Current thread (0x000001787d7b82b0):  JavaThread "Attach Listener" daemon [_thread_in_vm, id=20716, stack(0x0000006a19800000,0x0000006a19900000) (1024K)]

Stack: [0x0000006a19800000,0x0000006a19900000]
Native frames: (J=compiled Java code, j=interpreted, Vv=VM code, C=native code)
V  [jvm.dll+0x6d2449]
V  [jvm.dll+0x8ae341]
V  [jvm.dll+0x8b08be]
V  [jvm.dll+0x8b0fa3]
V  [jvm.dll+0x280c96]
V  [jvm.dll+0xc0347]
V  [jvm.dll+0x6d2cf9]
V  [jvm.dll+0x131116]
V  [jvm.dll+0x3f2d16]
V  [jvm.dll+0x857e6b]
V  [jvm.dll+0x6d0b0d]
C  [ucrtbase.dll+0x37b0]
C  [KERNEL32.DLL+0x2e8d7]
C  [ntdll.dll+0x3c34c]


---------------  P R O C E S S  ---------------

Threads class SMR info:
_java_thread_list=0x000001785bb45870, length=44, elements={
0x000001786ad518c0, 0x000001786ae0dbb0, 0x000001786ae0e850, 0x000001787d7b7660,
0x000001787d7b82b0, 0x000001787d7baf10, 0x000001787d7bf000, 0x000001787d7bfe30,
0x000001787d7c68e0, 0x000001786adbc940, 0x000001787f35c630, 0x000001787f81fd60,
0x0000017849014680, 0x000001784907b1c0, 0x000001784916c210, 0x000001787fb845a0,
0x000001787f5ab350, 0x000001787f5ac700, 0x000001787f5ac070, 0x000001784b554470,
0x000001784b553750, 0x000001784b554b00, 0x000001784b556540, 0x000001784b553de0,
0x000001784b556bd0, 0x000001784a94a500, 0x000001784a947710, 0x000001784a9497e0,
0x000001784a947080, 0x000001784a94b220, 0x000001784a948430, 0x000001784a949e70,
0x000001784a94c5d0, 0x000001784a94d980, 0x000001784a94bf40, 0x000001784a94e6a0,
0x000001787f5ab9e0, 0x000001784c99b140, 0x000001784c99c4f0, 0x000001784b687c20,
0x000001784c999070, 0x000001784c999700, 0x000001787f5ad420, 0x000001785c05ac30
}

Java Threads: ( => current thread )
  0x000001786ad518c0 JavaThread "main"                              [_thread_blocked, id=23048, stack(0x0000006a19100000,0x0000006a19200000) (1024K)]
  0x000001786ae0dbb0 JavaThread "Reference Handler"          daemon [_thread_blocked, id=12888, stack(0x0000006a19500000,0x0000006a19600000) (1024K)]
  0x000001786ae0e850 JavaThread "Finalizer"                  daemon [_thread_blocked, id=14696, stack(0x0000006a19600000,0x0000006a19700000) (1024K)]
  0x000001787d7b7660 JavaThread "Signal Dispatcher"          daemon [_thread_blocked, id=10364, stack(0x0000006a19700000,0x0000006a19800000) (1024K)]
=>0x000001787d7b82b0 JavaThread "Attach Listener"            daemon [_thread_in_vm, id=20716, stack(0x0000006a19800000,0x0000006a19900000) (1024K)]
  0x000001787d7baf10 JavaThread "Service Thread"             daemon [_thread_blocked, id=15688, stack(0x0000006a19900000,0x0000006a19a00000) (1024K)]
  0x000001787d7bf000 JavaThread "Monitor Deflation Thread"   daemon [_thread_blocked, id=3284, stack(0x0000006a19a00000,0x0000006a19b00000) (1024K)]
  0x000001787d7bfe30 JavaThread "C2 CompilerThread0"         daemon [_thread_blocked, id=16680, stack(0x0000006a19b00000,0x0000006a19c00000) (1024K)]
  0x000001787d7c68e0 JavaThread "C1 CompilerThread0"         daemon [_thread_blocked, id=18304, stack(0x0000006a19c00000,0x0000006a19d00000) (1024K)]
  0x000001786adbc940 JavaThread "Common-Cleaner"             daemon [_thread_blocked, id=20344, stack(0x0000006a19d00000,0x0000006a19e00000) (1024K)]
  0x000001787f35c630 JavaThread "Notification Thread"        daemon [_thread_blocked, id=9936, stack(0x0000006a19e00000,0x0000006a19f00000) (1024K)]
  0x000001787f81fd60 JavaThread "Active Thread: Equinox Container: d57d9350-c60e-4510-94f8-4acf2cc4ebd5"        [_thread_blocked, id=15792, stack(0x0000006a1a700000,0x0000006a1a800000) (1024K)]
  0x0000017849014680 JavaThread "Refresh Thread: Equinox Container: d57d9350-c60e-4510-94f8-4acf2cc4ebd5" daemon [_thread_blocked, id=20192, stack(0x0000006a1a000000,0x0000006a1a100000) (1024K)]
  0x000001784907b1c0 JavaThread "Framework Event Dispatcher: Equinox Container: d57d9350-c60e-4510-94f8-4acf2cc4ebd5" daemon [_thread_blocked, id=20672, stack(0x0000006a1a800000,0x0000006a1a900000) (1024K)]
  0x000001784916c210 JavaThread "Start Level: Equinox Container: d57d9350-c60e-4510-94f8-4acf2cc4ebd5" daemon [_thread_blocked, id=8160, stack(0x0000006a1a900000,0x0000006a1aa00000) (1024K)]
  0x000001787fb845a0 JavaThread "Bundle File Closer"         daemon [_thread_blocked, id=14620, stack(0x0000006a1aa00000,0x0000006a1ab00000) (1024K)]
  0x000001787f5ab350 JavaThread "SCR Component Actor"        daemon [_thread_blocked, id=4284, stack(0x0000006a1ab00000,0x0000006a1ac00000) (1024K)]
  0x000001787f5ac700 JavaThread "Worker-JM"                         [_thread_blocked, id=6148, stack(0x0000006a1ae00000,0x0000006a1af00000) (1024K)]
  0x000001787f5ac070 JavaThread "Java indexing"              daemon [_thread_blocked, id=12068, stack(0x0000006a1b300000,0x0000006a1b400000) (1024K)]
  0x000001784b554470 JavaThread "JNA Cleaner"                daemon [_thread_blocked, id=19820, stack(0x0000006a18e00000,0x0000006a18f00000) (1024K)]
  0x000001784b553750 JavaThread "Thread-2"                   daemon [_thread_in_native, id=7776, stack(0x0000006a1ba00000,0x0000006a1bb00000) (1024K)]
  0x000001784b554b00 JavaThread "Thread-3"                   daemon [_thread_in_native, id=8840, stack(0x0000006a1bb00000,0x0000006a1bc00000) (1024K)]
  0x000001784b556540 JavaThread "Thread-4"                   daemon [_thread_in_native, id=23536, stack(0x0000006a1bc00000,0x0000006a1bd00000) (1024K)]
  0x000001784b553de0 JavaThread "Thread-5"                   daemon [_thread_in_native, id=12436, stack(0x0000006a1bd00000,0x0000006a1be00000) (1024K)]
  0x000001784b556bd0 JavaThread "Thread-6"                   daemon [_thread_in_native, id=13292, stack(0x0000006a1be00000,0x0000006a1bf00000) (1024K)]
  0x000001784a94a500 JavaThread "Thread-7"                   daemon [_thread_in_native, id=8344, stack(0x0000006a1bf00000,0x0000006a1c000000) (1024K)]
  0x000001784a947710 JavaThread "Thread-8"                   daemon [_thread_in_native, id=23540, stack(0x0000006a1c000000,0x0000006a1c100000) (1024K)]
  0x000001784a9497e0 JavaThread "Thread-9"                   daemon [_thread_in_native, id=21580, stack(0x0000006a1c100000,0x0000006a1c200000) (1024K)]
  0x000001784a947080 JavaThread "Thread-10"                  daemon [_thread_in_native, id=18008, stack(0x0000006a1c200000,0x0000006a1c300000) (1024K)]
  0x000001784a94b220 JavaThread "pool-2-thread-1"                   [_thread_blocked, id=20968, stack(0x0000006a1c300000,0x0000006a1c400000) (1024K)]
  0x000001784a948430 JavaThread "WorkspaceEventsHandler"            [_thread_blocked, id=3628, stack(0x0000006a1c500000,0x0000006a1c600000) (1024K)]
  0x000001784a949e70 JavaThread "pool-1-thread-1"                   [_thread_blocked, id=16124, stack(0x0000006a1c600000,0x0000006a1c700000) (1024K)]
  0x000001784a94c5d0 JavaThread "Timer-0"                           [_thread_blocked, id=3144, stack(0x0000006a1ac00000,0x0000006a1ad00000) (1024K)]
  0x000001784a94d980 JavaThread "Timer-1"                           [_thread_blocked, id=22756, stack(0x0000006a1ad00000,0x0000006a1ae00000) (1024K)]
  0x000001784a94bf40 JavaThread "Timer-2"                           [_thread_blocked, id=1056, stack(0x0000006a1b100000,0x0000006a1b200000) (1024K)]
  0x000001784a94e6a0 JavaThread "Timer-3"                           [_thread_blocked, id=20420, stack(0x0000006a1c900000,0x0000006a1ca00000) (1024K)]
  0x000001787f5ab9e0 JavaThread "Timer-4"                           [_thread_blocked, id=3556, stack(0x0000006a1ca00000,0x0000006a1cb00000) (1024K)]
  0x000001784c99b140 JavaThread "Timer-5"                           [_thread_blocked, id=2688, stack(0x0000006a1cb00000,0x0000006a1cc00000) (1024K)]
  0x000001784c99c4f0 JavaThread "Timer-6"                           [_thread_blocked, id=18980, stack(0x0000006a1cc00000,0x0000006a1cd00000) (1024K)]
  0x000001784b687c20 JavaThread "Worker-8"                          [_thread_blocked, id=15992, stack(0x0000006a18f00000,0x0000006a19000000) (1024K)]
  0x000001784c999070 JavaThread "LocalFile Deleter"          daemon [_thread_blocked, id=13192, stack(0x0000006a1cf00000,0x0000006a1d000000) (1024K)]
  0x000001784c999700 JavaThread "LocalFile Deleter"          daemon [_thread_blocked, id=10616, stack(0x0000006a1d000000,0x0000006a1d100000) (1024K)]
  0x000001787f5ad420 JavaThread "LocalFile Deleter"          daemon [_thread_blocked, id=2132, stack(0x0000006a1b600000,0x0000006a1b700000) (1024K)]
  0x000001785c05ac30 JavaThread "Worker-13"                         [_thread_blocked, id=20020, stack(0x0000006a1d200000,0x0000006a1d300000) (1024K)]
Total: 44

Other Threads:
  0x000001787d7b2600 VMThread "VM Thread"                           [id=1828, stack(0x0000006a19400000,0x0000006a19500000) (1024K)]
  0x000001787d6cca00 WatcherThread "VM Periodic Task Thread"        [id=19540, stack(0x0000006a19300000,0x0000006a19400000) (1024K)]
  0x000001786ad6f830 WorkerThread "GC Thread#0"                     [id=20452, stack(0x0000006a19200000,0x0000006a19300000) (1024K)]
  0x000001787f778710 WorkerThread "GC Thread#1"                     [id=15024, stack(0x0000006a1a100000,0x0000006a1a200000) (1024K)]
  0x000001787f778ab0 WorkerThread "GC Thread#2"                     [id=8576, stack(0x0000006a1a200000,0x0000006a1a300000) (1024K)]
  0x000001787f778e50 WorkerThread "GC Thread#3"                     [id=9956, stack(0x0000006a1a300000,0x0000006a1a400000) (1024K)]
  0x000001787f7791f0 WorkerThread "GC Thread#4"                     [id=6228, stack(0x0000006a1a400000,0x0000006a1a500000) (1024K)]
  0x000001787f9f7290 WorkerThread "GC Thread#5"                     [id=9380, stack(0x0000006a1a500000,0x0000006a1a600000) (1024K)]
  0x000001787f9f7630 WorkerThread "GC Thread#6"                     [id=13244, stack(0x0000006a1a600000,0x0000006a1a700000) (1024K)]
  0x000001787f088050 WorkerThread "GC Thread#7"                     [id=20156, stack(0x0000006a19f00000,0x0000006a1a000000) (1024K)]
Total: 10

Threads with active compile tasks:
Total: 0

VM state: not at safepoint (normal execution)

VM Mutex/Monitor currently owned by a thread: None

Heap address: 0x0000000080000000, size: 2048 MB, Compressed Oops mode: 32-bit

CDS archive(s) mapped at: [0x0000017804000000-0x0000017804ba0000-0x0000017804ba0000), size 12189696, SharedBaseAddress: 0x0000017804000000, ArchiveRelocationMode: 1.
Compressed class space mapped at: 0x0000017805000000-0x0000017845000000, reserved size: 1073741824
Narrow klass base: 0x0000017804000000, Narrow klass shift: 0, Narrow klass range: 0x100000000

GC Precious Log:
 CardTable entry size: 512
 CPUs: 8 total, 8 available
 Memory: 6088M
 Large Page Support: Disabled
 NUMA Support: Disabled
 Compressed Oops: Enabled (32-bit)
 Alignments: Space 512K, Generation 512K, Heap 2M
 Heap Min Capacity: 100M
 Heap Initial Capacity: 100M
 Heap Max Capacity: 2G
 Pre-touch: Disabled
 Parallel Workers: 8

Heap:
 PSYoungGen      total 3072K, used 2522K [0x00000000d5580000, 0x00000000d5980000, 0x0000000100000000)
  eden space 2560K, 89% used [0x00000000d5580000,0x00000000d57beb00,0x00000000d5800000)
  from space 512K, 43% used [0x00000000d5880000,0x00000000d58b8000,0x00000000d5900000)
  to   space 512K, 0% used [0x00000000d5900000,0x00000000d5900000,0x00000000d5980000)
 ParOldGen       total 1249792K, used 1249737K [0x0000000080000000, 0x00000000cc480000, 0x00000000d5580000)
  object space 1249792K, 99% used [0x0000000080000000,0x00000000cc472518,0x00000000cc480000)
 Metaspace       used 89562K, committed 91328K, reserved 1179648K
  class space    used 10071K, committed 10880K, reserved 1048576K

Card table byte_map: [0x000001786a6f0000,0x000001786ab00000] _byte_map_base: 0x000001786a2f0000

Marking Bits: (ParMarkBitMap*) 0x00007ffec144a340
 Begin Bits: [0x0000017800000000, 0x0000017802000000)
 End Bits:   [0x0000017802000000, 0x0000017804000000)

Polling page: 0x0000017868d00000

Metaspace:

Usage:
  Non-class:     77.63 MB used.
      Class:      9.84 MB used.
       Both:     87.46 MB used.

Virtual space:
  Non-class space:      128.00 MB reserved,      78.56 MB ( 61%) committed,  2 nodes.
      Class space:        1.00 GB reserved,      10.62 MB (  1%) committed,  1 nodes.
             Both:        1.12 GB reserved,      89.19 MB (  8%) committed. 

Chunk freelists:
   Non-Class:  1.05 MB
       Class:  5.35 MB
        Both:  6.39 MB

MaxMetaspaceSize: unlimited
CompressedClassSpaceSize: 1.00 GB
Initial GC threshold: 21.00 MB
Current GC threshold: 148.25 MB
CDS: on
 - commit_granule_bytes: 65536.
 - commit_granule_words: 8192.
 - virtual_space_node_default_size: 8388608.
 - enlarge_chunks_in_place: 1.
 - use_allocation_guard: 0.


Internal statistics:

num_allocs_failed_limit: 9.
num_arena_births: 1652.
num_arena_deaths: 36.
num_vsnodes_births: 3.
num_vsnodes_deaths: 0.
num_space_committed: 1427.
num_space_uncommitted: 0.
num_chunks_returned_to_freelist: 52.
num_chunks_taken_from_freelist: 5801.
num_chunk_merges: 13.
num_chunk_splits: 3562.
num_chunks_enlarged: 2094.
num_inconsistent_stats: 0.

CodeHeap 'non-profiled nmethods': size=120000Kb used=25054Kb max_used=27150Kb free=94945Kb
 bounds [0x0000017875a10000, 0x00000178774a0000, 0x000001787cf40000]
CodeHeap 'profiled nmethods': size=120000Kb used=29645Kb max_used=46553Kb free=90354Kb
 bounds [0x000001786df40000, 0x0000017870cc0000, 0x0000017875470000]
CodeHeap 'non-nmethods': size=5760Kb used=1486Kb max_used=1586Kb free=4274Kb
 bounds [0x0000017875470000, 0x00000178756e0000, 0x0000017875a10000]
CodeCache: size=245760Kb, used=56185Kb, max_used=75289Kb, free=189573Kb
 total_blobs=14862, nmethods=14060, adapters=704, full_count=0
Compilation: enabled, stopped_count=0, restarted_count=0

Compilation events (20 events):
Event: 1724.593 Thread 0x000001787d7c68e0 23149       1       com.sun.jna.internal.Cleaner::access$100 (5 bytes)
Event: 1724.627 Thread 0x000001787d7c68e0 nmethod 23149 0x000001787747ad90 code [0x000001787747af20, 0x000001787747afd0]
Event: 1773.573 Thread 0x000001787d7c68e0 23150       3       java.util.concurrent.ScheduledThreadPoolExecutor$DelayedWorkQueue::finishPoll (43 bytes)
Event: 1773.573 Thread 0x000001787d7c68e0 nmethod 23150 0x000001786e7b4510 code [0x000001786e7b46e0, 0x000001786e7b4c68]
Event: 1774.823 Thread 0x000001787d7c68e0 23151       3       java.util.concurrent.ThreadPoolExecutor::ensurePrestart (41 bytes)
Event: 1774.823 Thread 0x000001787d7c68e0 nmethod 23151 0x000001786eae0e10 code [0x000001786eae0fe0, 0x000001786eae1290]
Event: 1804.839 Thread 0x000001787d7c68e0 23152   !   3       java.util.concurrent.FutureTask::runAndReset (125 bytes)
Event: 1804.843 Thread 0x000001787d7c68e0 nmethod 23152 0x000001786fc7fd10 code [0x000001786fc80180, 0x000001786fc82610]
Event: 1804.843 Thread 0x000001787d7c68e0 23153       3       java.util.concurrent.ScheduledThreadPoolExecutor$ScheduledFutureTask::setNextRunTime (38 bytes)
Event: 1804.844 Thread 0x000001787d7c68e0 nmethod 23153 0x000001786ea8ff10 code [0x000001786ea900c0, 0x000001786ea902d0]
Event: 1804.844 Thread 0x000001787d7c68e0 23154       3       java.util.concurrent.ScheduledThreadPoolExecutor::reExecutePeriodic (49 bytes)
Event: 1804.845 Thread 0x000001787d7c68e0 nmethod 23154 0x000001786ef91b90 code [0x000001786ef91dc0, 0x000001786ef92440]
Event: 1940.625 Thread 0x000001787d7c68e0 23155       3       jdk.internal.misc.Unsafe::freeMemory (18 bytes)
Event: 1940.626 Thread 0x000001787d7c68e0 nmethod 23155 0x00000178700f9810 code [0x00000178700f99e0, 0x00000178700f9cc0]
Event: 1940.626 Thread 0x000001787d7c68e0 23156       3       jdk.internal.misc.Unsafe::freeMemoryChecks (7 bytes)
Event: 1940.626 Thread 0x000001787d7c68e0 nmethod 23156 0x000001786eabb290 code [0x000001786eabb440, 0x000001786eabb640]
Event: 1940.627 Thread 0x000001787d7c68e0 23158       3       sun.nio.ch.Util$BufferCache::isEmpty (13 bytes)
Event: 1940.627 Thread 0x000001787d7c68e0 nmethod 23158 0x000001786e328d90 code [0x000001786e328f20, 0x000001786e329080]
Event: 1940.627 Thread 0x000001787d7c68e0 23157       3       java.util.IdentityHashMap$KeyIterator::next (13 bytes)
Event: 1940.627 Thread 0x000001787d7c68e0 nmethod 23157 0x000001786eb3fc10 code [0x000001786eb3fde0, 0x000001786eb40080]

GC Heap History (20 events):
Event: 1654.494 GC heap before
{Heap before GC invocations=6617 (full 7):
 PSYoungGen      total 3072K, used 2688K [0x00000000d5580000, 0x00000000d5980000, 0x0000000100000000)
  eden space 2560K, 100% used [0x00000000d5580000,0x00000000d5800000,0x00000000d5800000)
  from space 512K, 25% used [0x00000000d5880000,0x00000000d58a0000,0x00000000d5900000)
  to   space 512K, 0% used [0x00000000d5900000,0x00000000d5900000,0x00000000d5980000)
 ParOldGen       total 1249792K, used 1249729K [0x0000000080000000, 0x00000000cc480000, 0x00000000d5580000)
  object space 1249792K, 99% used [0x0000000080000000,0x00000000cc470518,0x00000000cc480000)
 Metaspace       used 89558K, committed 91328K, reserved 1179648K
  class space    used 10071K, committed 10880K, reserved 1048576K
}
Event: 1654.498 GC heap after
{Heap after GC invocations=6617 (full 7):
 PSYoungGen      total 3072K, used 128K [0x00000000d5580000, 0x00000000d5980000, 0x0000000100000000)
  eden space 2560K, 0% used [0x00000000d5580000,0x00000000d5580000,0x00000000d5800000)
  from space 512K, 25% used [0x00000000d5900000,0x00000000d5920000,0x00000000d5980000)
  to   space 512K, 0% used [0x00000000d5880000,0x00000000d5880000,0x00000000d5900000)
 ParOldGen       total 1249792K, used 1249729K [0x0000000080000000, 0x00000000cc480000, 0x00000000d5580000)
  object space 1249792K, 99% used [0x0000000080000000,0x00000000cc470518,0x00000000cc480000)
 Metaspace       used 89558K, committed 91328K, reserved 1179648K
  class space    used 10071K, committed 10880K, reserved 1048576K
}
Event: 1654.631 GC heap before
{Heap before GC invocations=6618 (full 7):
 PSYoungGen      total 3072K, used 2688K [0x00000000d5580000, 0x00000000d5980000, 0x0000000100000000)
  eden space 2560K, 100% used [0x00000000d5580000,0x00000000d5800000,0x00000000d5800000)
  from space 512K, 25% used [0x00000000d5900000,0x00000000d5920000,0x00000000d5980000)
  to   space 512K, 0% used [0x00000000d5880000,0x00000000d5880000,0x00000000d5900000)
 ParOldGen       total 1249792K, used 1249729K [0x0000000080000000, 0x00000000cc480000, 0x00000000d5580000)
  object space 1249792K, 99% used [0x0000000080000000,0x00000000cc470518,0x00000000cc480000)
 Metaspace       used 89558K, committed 91328K, reserved 1179648K
  class space    used 10071K, committed 10880K, reserved 1048576K
}
Event: 1654.634 GC heap after
{Heap after GC invocations=6618 (full 7):
 PSYoungGen      total 3072K, used 192K [0x00000000d5580000, 0x00000000d5980000, 0x0000000100000000)
  eden space 2560K, 0% used [0x00000000d5580000,0x00000000d5580000,0x00000000d5800000)
  from space 512K, 37% used [0x00000000d5880000,0x00000000d58b0000,0x00000000d5900000)
  to   space 512K, 0% used [0x00000000d5900000,0x00000000d5900000,0x00000000d5980000)
 ParOldGen       total 1249792K, used 1249729K [0x0000000080000000, 0x00000000cc480000, 0x00000000d5580000)
  object space 1249792K, 99% used [0x0000000080000000,0x00000000cc470518,0x00000000cc480000)
 Metaspace       used 89558K, committed 91328K, reserved 1179648K
  class space    used 10071K, committed 10880K, reserved 1048576K
}
Event: 1654.749 GC heap before
{Heap before GC invocations=6619 (full 7):
 PSYoungGen      total 3072K, used 2752K [0x00000000d5580000, 0x00000000d5980000, 0x0000000100000000)
  eden space 2560K, 100% used [0x00000000d5580000,0x00000000d5800000,0x00000000d5800000)
  from space 512K, 37% used [0x00000000d5880000,0x00000000d58b0000,0x00000000d5900000)
  to   space 512K, 0% used [0x00000000d5900000,0x00000000d5900000,0x00000000d5980000)
 ParOldGen       total 1249792K, used 1249729K [0x0000000080000000, 0x00000000cc480000, 0x00000000d5580000)
  object space 1249792K, 99% used [0x0000000080000000,0x00000000cc470518,0x00000000cc480000)
 Metaspace       used 89558K, committed 91328K, reserved 1179648K
  class space    used 10071K, committed 10880K, reserved 1048576K
}
Event: 1654.753 GC heap after
{Heap after GC invocations=6619 (full 7):
 PSYoungGen      total 3072K, used 192K [0x00000000d5580000, 0x00000000d5980000, 0x0000000100000000)
  eden space 2560K, 0% used [0x00000000d5580000,0x00000000d5580000,0x00000000d5800000)
  from space 512K, 37% used [0x00000000d5900000,0x00000000d5930000,0x00000000d5980000)
  to   space 512K, 0% used [0x00000000d5880000,0x00000000d5880000,0x00000000d5900000)
 ParOldGen       total 1249792K, used 1249729K [0x0000000080000000, 0x00000000cc480000, 0x00000000d5580000)
  object space 1249792K, 99% used [0x0000000080000000,0x00000000cc470518,0x00000000cc480000)
 Metaspace       used 89558K, committed 91328K, reserved 1179648K
  class space    used 10071K, committed 10880K, reserved 1048576K
}
Event: 1654.863 GC heap before
{Heap before GC invocations=6620 (full 7):
 PSYoungGen      total 3072K, used 2752K [0x00000000d5580000, 0x00000000d5980000, 0x0000000100000000)
  eden space 2560K, 100% used [0x00000000d5580000,0x00000000d5800000,0x00000000d5800000)
  from space 512K, 37% used [0x00000000d5900000,0x00000000d5930000,0x00000000d5980000)
  to   space 512K, 0% used [0x00000000d5880000,0x00000000d5880000,0x00000000d5900000)
 ParOldGen       total 1249792K, used 1249729K [0x0000000080000000, 0x00000000cc480000, 0x00000000d5580000)
  object space 1249792K, 99% used [0x0000000080000000,0x00000000cc470518,0x00000000cc480000)
 Metaspace       used 89558K, committed 91328K, reserved 1179648K
  class space    used 10071K, committed 10880K, reserved 1048576K
}
Event: 1654.867 GC heap after
{Heap after GC invocations=6620 (full 7):
 PSYoungGen      total 3072K, used 128K [0x00000000d5580000, 0x00000000d5980000, 0x0000000100000000)
  eden space 2560K, 0% used [0x00000000d5580000,0x00000000d5580000,0x00000000d5800000)
  from space 512K, 25% used [0x00000000d5880000,0x00000000d58a0000,0x00000000d5900000)
  to   space 512K, 0% used [0x00000000d5900000,0x00000000d5900000,0x00000000d5980000)
 ParOldGen       total 1249792K, used 1249737K [0x0000000080000000, 0x00000000cc480000, 0x00000000d5580000)
  object space 1249792K, 99% used [0x0000000080000000,0x00000000cc472518,0x00000000cc480000)
 Metaspace       used 89558K, committed 91328K, reserved 1179648K
  class space    used 10071K, committed 10880K, reserved 1048576K
}
Event: 1655.001 GC heap before
{Heap before GC invocations=6621 (full 7):
 PSYoungGen      total 3072K, used 2688K [0x00000000d5580000, 0x00000000d5980000, 0x0000000100000000)
  eden space 2560K, 100% used [0x00000000d5580000,0x00000000d5800000,0x00000000d5800000)
  from space 512K, 25% used [0x00000000d5880000,0x00000000d58a0000,0x00000000d5900000)
  to   space 512K, 0% used [0x00000000d5900000,0x00000000d5900000,0x00000000d5980000)
 ParOldGen       total 1249792K, used 1249737K [0x0000000080000000, 0x00000000cc480000, 0x00000000d5580000)
  object space 1249792K, 99% used [0x0000000080000000,0x00000000cc472518,0x00000000cc480000)
 Metaspace       used 89558K, committed 91328K, reserved 1179648K
  class space    used 10071K, committed 10880K, reserved 1048576K
}
Event: 1655.005 GC heap after
{Heap after GC invocations=6621 (full 7):
 PSYoungGen      total 3072K, used 128K [0x00000000d5580000, 0x00000000d5980000, 0x0000000100000000)
  eden space 2560K, 0% used [0x00000000d5580000,0x00000000d5580000,0x00000000d5800000)
  from space 512K, 25% used [0x00000000d5900000,0x00000000d5920000,0x00000000d5980000)
  to   space 512K, 0% used [0x00000000d5880000,0x00000000d5880000,0x00000000d5900000)
 ParOldGen       total 1249792K, used 1249737K [0x0000000080000000, 0x00000000cc480000, 0x00000000d5580000)
  object space 1249792K, 99% used [0x0000000080000000,0x00000000cc472518,0x00000000cc480000)
 Metaspace       used 89558K, committed 91328K, reserved 1179648K
  class space    used 10071K, committed 10880K, reserved 1048576K
}
Event: 1655.113 GC heap before
{Heap before GC invocations=6622 (full 7):
 PSYoungGen      total 3072K, used 2688K [0x00000000d5580000, 0x00000000d5980000, 0x0000000100000000)
  eden space 2560K, 100% used [0x00000000d5580000,0x00000000d5800000,0x00000000d5800000)
  from space 512K, 25% used [0x00000000d5900000,0x00000000d5920000,0x00000000d5980000)
  to   space 512K, 0% used [0x00000000d5880000,0x00000000d5880000,0x00000000d5900000)
 ParOldGen       total 1249792K, used 1249737K [0x0000000080000000, 0x00000000cc480000, 0x00000000d5580000)
  object space 1249792K, 99% used [0x0000000080000000,0x00000000cc472518,0x00000000cc480000)
 Metaspace       used 89558K, committed 91328K, reserved 1179648K
  class space    used 10071K, committed 10880K, reserved 1048576K
}
Event: 1655.116 GC heap after
{Heap after GC invocations=6622 (full 7):
 PSYoungGen      total 3072K, used 224K [0x00000000d5580000, 0x00000000d5980000, 0x0000000100000000)
  eden space 2560K, 0% used [0x00000000d5580000,0x00000000d5580000,0x00000000d5800000)
  from space 512K, 43% used [0x00000000d5880000,0x00000000d58b8000,0x00000000d5900000)
  to   space 512K, 0% used [0x00000000d5900000,0x00000000d5900000,0x00000000d5980000)
 ParOldGen       total 1249792K, used 1249737K [0x0000000080000000, 0x00000000cc480000, 0x00000000d5580000)
  object space 1249792K, 99% used [0x0000000080000000,0x00000000cc472518,0x00000000cc480000)
 Metaspace       used 89558K, committed 91328K, reserved 1179648K
  class space    used 10071K, committed 10880K, reserved 1048576K
}
Event: 1655.237 GC heap before
{Heap before GC invocations=6623 (full 7):
 PSYoungGen      total 3072K, used 2784K [0x00000000d5580000, 0x00000000d5980000, 0x0000000100000000)
  eden space 2560K, 100% used [0x00000000d5580000,0x00000000d5800000,0x00000000d5800000)
  from space 512K, 43% used [0x00000000d5880000,0x00000000d58b8000,0x00000000d5900000)
  to   space 512K, 0% used [0x00000000d5900000,0x00000000d5900000,0x00000000d5980000)
 ParOldGen       total 1249792K, used 1249737K [0x0000000080000000, 0x00000000cc480000, 0x00000000d5580000)
  object space 1249792K, 99% used [0x0000000080000000,0x00000000cc472518,0x00000000cc480000)
 Metaspace       used 89558K, committed 91328K, reserved 1179648K
  class space    used 10071K, committed 10880K, reserved 1048576K
}
Event: 1655.241 GC heap after
{Heap after GC invocations=6623 (full 7):
 PSYoungGen      total 3072K, used 160K [0x00000000d5580000, 0x00000000d5980000, 0x0000000100000000)
  eden space 2560K, 0% used [0x00000000d5580000,0x00000000d5580000,0x00000000d5800000)
  from space 512K, 31% used [0x00000000d5900000,0x00000000d5928000,0x00000000d5980000)
  to   space 512K, 0% used [0x00000000d5880000,0x00000000d5880000,0x00000000d5900000)
 ParOldGen       total 1249792K, used 1249737K [0x0000000080000000, 0x00000000cc480000, 0x00000000d5580000)
  object space 1249792K, 99% used [0x0000000080000000,0x00000000cc472518,0x00000000cc480000)
 Metaspace       used 89558K, committed 91328K, reserved 1179648K
  class space    used 10071K, committed 10880K, reserved 1048576K
}
Event: 1655.354 GC heap before
{Heap before GC invocations=6624 (full 7):
 PSYoungGen      total 3072K, used 2720K [0x00000000d5580000, 0x00000000d5980000, 0x0000000100000000)
  eden space 2560K, 100% used [0x00000000d5580000,0x00000000d5800000,0x00000000d5800000)
  from space 512K, 31% used [0x00000000d5900000,0x00000000d5928000,0x00000000d5980000)
  to   space 512K, 0% used [0x00000000d5880000,0x00000000d5880000,0x00000000d5900000)
 ParOldGen       total 1249792K, used 1249737K [0x0000000080000000, 0x00000000cc480000, 0x00000000d5580000)
  object space 1249792K, 99% used [0x0000000080000000,0x00000000cc472518,0x00000000cc480000)
 Metaspace       used 89558K, committed 91328K, reserved 1179648K
  class space    used 10071K, committed 10880K, reserved 1048576K
}
Event: 1655.358 GC heap after
{Heap after GC invocations=6624 (full 7):
 PSYoungGen      total 3072K, used 160K [0x00000000d5580000, 0x00000000d5980000, 0x0000000100000000)
  eden space 2560K, 0% used [0x00000000d5580000,0x00000000d5580000,0x00000000d5800000)
  from space 512K, 31% used [0x00000000d5880000,0x00000000d58a8000,0x00000000d5900000)
  to   space 512K, 0% used [0x00000000d5900000,0x00000000d5900000,0x00000000d5980000)
 ParOldGen       total 1249792K, used 1249737K [0x0000000080000000, 0x00000000cc480000, 0x00000000d5580000)
  object space 1249792K, 99% used [0x0000000080000000,0x00000000cc472518,0x00000000cc480000)
 Metaspace       used 89558K, committed 91328K, reserved 1179648K
  class space    used 10071K, committed 10880K, reserved 1048576K
}
Event: 1655.451 GC heap before
{Heap before GC invocations=6625 (full 7):
 PSYoungGen      total 3072K, used 2720K [0x00000000d5580000, 0x00000000d5980000, 0x0000000100000000)
  eden space 2560K, 100% used [0x00000000d5580000,0x00000000d5800000,0x00000000d5800000)
  from space 512K, 31% used [0x00000000d5880000,0x00000000d58a8000,0x00000000d5900000)
  to   space 512K, 0% used [0x00000000d5900000,0x00000000d5900000,0x00000000d5980000)
 ParOldGen       total 1249792K, used 1249737K [0x0000000080000000, 0x00000000cc480000, 0x00000000d5580000)
  object space 1249792K, 99% used [0x0000000080000000,0x00000000cc472518,0x00000000cc480000)
 Metaspace       used 89558K, committed 91328K, reserved 1179648K
  class space    used 10071K, committed 10880K, reserved 1048576K
}
Event: 1655.454 GC heap after
{Heap after GC invocations=6625 (full 7):
 PSYoungGen      total 3072K, used 192K [0x00000000d5580000, 0x00000000d5980000, 0x0000000100000000)
  eden space 2560K, 0% used [0x00000000d5580000,0x00000000d5580000,0x00000000d5800000)
  from space 512K, 37% used [0x00000000d5900000,0x00000000d5930000,0x00000000d5980000)
  to   space 512K, 0% used [0x00000000d5880000,0x00000000d5880000,0x00000000d5900000)
 ParOldGen       total 1249792K, used 1249737K [0x0000000080000000, 0x00000000cc480000, 0x00000000d5580000)
  object space 1249792K, 99% used [0x0000000080000000,0x00000000cc472518,0x00000000cc480000)
 Metaspace       used 89558K, committed 91328K, reserved 1179648K
  class space    used 10071K, committed 10880K, reserved 1048576K
}
Event: 1655.545 GC heap before
{Heap before GC invocations=6626 (full 7):
 PSYoungGen      total 3072K, used 2752K [0x00000000d5580000, 0x00000000d5980000, 0x0000000100000000)
  eden space 2560K, 100% used [0x00000000d5580000,0x00000000d5800000,0x00000000d5800000)
  from space 512K, 37% used [0x00000000d5900000,0x00000000d5930000,0x00000000d5980000)
  to   space 512K, 0% used [0x00000000d5880000,0x00000000d5880000,0x00000000d5900000)
 ParOldGen       total 1249792K, used 1249737K [0x0000000080000000, 0x00000000cc480000, 0x00000000d5580000)
  object space 1249792K, 99% used [0x0000000080000000,0x00000000cc472518,0x00000000cc480000)
 Metaspace       used 89558K, committed 91328K, reserved 1179648K
  class space    used 10071K, committed 10880K, reserved 1048576K
}
Event: 1655.547 GC heap after
{Heap after GC invocations=6626 (full 7):
 PSYoungGen      total 3072K, used 224K [0x00000000d5580000, 0x00000000d5980000, 0x0000000100000000)
  eden space 2560K, 0% used [0x00000000d5580000,0x00000000d5580000,0x00000000d5800000)
  from space 512K, 43% used [0x00000000d5880000,0x00000000d58b8000,0x00000000d5900000)
  to   space 512K, 0% used [0x00000000d5900000,0x00000000d5900000,0x00000000d5980000)
 ParOldGen       total 1249792K, used 1249737K [0x0000000080000000, 0x00000000cc480000, 0x00000000d5580000)
  object space 1249792K, 99% used [0x0000000080000000,0x00000000cc472518,0x00000000cc480000)
 Metaspace       used 89558K, committed 91328K, reserved 1179648K
  class space    used 10071K, committed 10880K, reserved 1048576K
}

Dll operation events (15 events):
Event: 0.027 Loaded shared library c:\Users\saura\.vscode\extensions\redhat.java-1.44.0-win32-x64\jre\21.0.8-win32-x86_64\bin\java.dll
Event: 0.168 Loaded shared library c:\Users\saura\.vscode\extensions\redhat.java-1.44.0-win32-x64\jre\21.0.8-win32-x86_64\bin\zip.dll
Event: 0.218 Loaded shared library C:\Users\saura\.vscode\extensions\redhat.java-1.44.0-win32-x64\jre\21.0.8-win32-x86_64\bin\instrument.dll
Event: 0.230 Loaded shared library C:\Users\saura\.vscode\extensions\redhat.java-1.44.0-win32-x64\jre\21.0.8-win32-x86_64\bin\net.dll
Event: 0.236 Loaded shared library C:\Users\saura\.vscode\extensions\redhat.java-1.44.0-win32-x64\jre\21.0.8-win32-x86_64\bin\nio.dll
Event: 0.243 Loaded shared library C:\Users\saura\.vscode\extensions\redhat.java-1.44.0-win32-x64\jre\21.0.8-win32-x86_64\bin\zip.dll
Event: 0.286 Loaded shared library C:\Users\saura\.vscode\extensions\redhat.java-1.44.0-win32-x64\jre\21.0.8-win32-x86_64\bin\jimage.dll
Event: 0.507 Loaded shared library c:\Users\saura\.vscode\extensions\redhat.java-1.44.0-win32-x64\jre\21.0.8-win32-x86_64\bin\verify.dll
Event: 10.526 Loaded shared library C:\Users\saura\AppData\Roaming\Code\User\globalStorage\redhat.java\1.44.0\config_win\org.eclipse.equinox.launcher\org.eclipse.equinox.launcher.win32.win32.x86_64_1.2.1400.v20250730-1736\eclipse_11913.dll
Event: 27.805 Loaded shared library C:\Users\saura\.vscode\extensions\redhat.java-1.44.0-win32-x64\jre\21.0.8-win32-x86_64\bin\management.dll
Event: 27.811 Loaded shared library C:\Users\saura\.vscode\extensions\redhat.java-1.44.0-win32-x64\jre\21.0.8-win32-x86_64\bin\management_ext.dll
Event: 30.677 Loaded shared library C:\Users\saura\AppData\Local\Temp\jna-109210710\jna9412929163041202287.dll
Event: 31.447 Loaded shared library C:\Users\saura\.vscode\extensions\redhat.java-1.44.0-win32-x64\jre\21.0.8-win32-x86_64\bin\sunmscapi.dll
Event: 31.658 Loaded shared library C:\Users\saura\.vscode\extensions\redhat.java-1.44.0-win32-x64\jre\21.0.8-win32-x86_64\bin\extnet.dll
Event: 54.821 Loaded shared library C:\Users\saura\.gradle\native\1def1411415f61bf3af743bc5b6707747c0891f09f0c88961ee8f79bc544acac\windows-amd64\native-platform.dll

Deoptimization events (20 events):
Event: 1945.047 Thread 0x000001784b555820 Uncommon trap: trap_request=0xffffff45 fr.pc=0x0000017877342a2c relative=0x0000000000000e2c
Event: 1945.047 Thread 0x000001784b555820 Uncommon trap: reason=unstable_if action=reinterpret pc=0x0000017877342a2c method=java.util.concurrent.LinkedBlockingQueue.poll(JLjava/util/concurrent/TimeUnit;)Ljava/lang/Object; @ 36 c2
Event: 1945.047 Thread 0x000001784b555820 DEOPT PACKING pc=0x0000017877342a2c sp=0x0000006a1d6fee80
Event: 1945.047 Thread 0x000001784b555820 DEOPT UNPACKING pc=0x00000178754c3aa2 sp=0x0000006a1d6fee30 mode 2
Event: 1945.047 Thread 0x000001784b555190 Uncommon trap: trap_request=0xffffff45 fr.pc=0x0000017877342a2c relative=0x0000000000000e2c
Event: 1945.047 Thread 0x000001784b555190 Uncommon trap: reason=unstable_if action=reinterpret pc=0x0000017877342a2c method=java.util.concurrent.LinkedBlockingQueue.poll(JLjava/util/concurrent/TimeUnit;)Ljava/lang/Object; @ 36 c2
Event: 1945.047 Thread 0x000001784b555190 DEOPT PACKING pc=0x0000017877342a2c sp=0x0000006a1d5ff2a0
Event: 1945.047 Thread 0x000001784b555190 DEOPT UNPACKING pc=0x00000178754c3aa2 sp=0x0000006a1d5ff250 mode 2
Event: 1945.061 Thread 0x000001784a94b8b0 Uncommon trap: trap_request=0xffffff45 fr.pc=0x0000017877342a2c relative=0x0000000000000e2c
Event: 1945.061 Thread 0x000001784a94b8b0 Uncommon trap: reason=unstable_if action=reinterpret pc=0x0000017877342a2c method=java.util.concurrent.LinkedBlockingQueue.poll(JLjava/util/concurrent/TimeUnit;)Ljava/lang/Object; @ 36 c2
Event: 1945.061 Thread 0x000001784a94b8b0 DEOPT PACKING pc=0x0000017877342a2c sp=0x0000006a1d8ff1b0
Event: 1945.061 Thread 0x000001784a94b8b0 DEOPT UNPACKING pc=0x00000178754c3aa2 sp=0x0000006a1d8ff160 mode 2
Event: 1945.062 Thread 0x000001784eac91c0 Uncommon trap: trap_request=0xffffff45 fr.pc=0x0000017877342a2c relative=0x0000000000000e2c
Event: 1945.062 Thread 0x000001784eac91c0 Uncommon trap: reason=unstable_if action=reinterpret pc=0x0000017877342a2c method=java.util.concurrent.LinkedBlockingQueue.poll(JLjava/util/concurrent/TimeUnit;)Ljava/lang/Object; @ 36 c2
Event: 1945.062 Thread 0x000001784eac91c0 DEOPT PACKING pc=0x0000017877342a2c sp=0x0000006a1d9ff3d0
Event: 1945.062 Thread 0x000001784eac91c0 DEOPT UNPACKING pc=0x00000178754c3aa2 sp=0x0000006a1d9ff380 mode 2
Event: 1945.062 Thread 0x000001784eac91c0 Uncommon trap: trap_request=0xffffffde fr.pc=0x00000178773d2fcc relative=0x000000000000026c
Event: 1945.062 Thread 0x000001784eac91c0 Uncommon trap: reason=class_check action=maybe_recompile pc=0x00000178773d2fcc method=java.util.concurrent.ThreadPoolExecutor.getTask()Ljava/lang/Runnable; @ 98 c2
Event: 1945.062 Thread 0x000001784eac91c0 DEOPT PACKING pc=0x00000178773d2fcc sp=0x0000006a1d9ff470
Event: 1945.062 Thread 0x000001784eac91c0 DEOPT UNPACKING pc=0x00000178754c3aa2 sp=0x0000006a1d9ff3f8 mode 2

Classes loaded (20 events):
Event: 1134.312 Loading class java/util/stream/ReduceOps$4ReducingSink
Event: 1134.313 Loading class java/util/stream/ReduceOps$4ReducingSink done
Event: 1135.064 Loading class java/nio/file/Files$2
Event: 1135.072 Loading class java/nio/file/Files$2 done
Event: 1136.967 Loading class java/util/Hashtable$ValueCollection
Event: 1136.968 Loading class java/util/Hashtable$ValueCollection done
Event: 1206.025 Loading class java/util/stream/ReferencePipeline$4
Event: 1206.029 Loading class java/util/stream/ReferencePipeline$4 done
Event: 1206.030 Loading class java/util/stream/Nodes$IntFixedNodeBuilder
Event: 1206.033 Loading class java/util/stream/Node$Builder$OfInt
Event: 1206.035 Loading class java/util/stream/Node$Builder$OfInt done
Event: 1206.036 Loading class java/util/stream/Nodes$IntArrayNode
Event: 1206.038 Loading class java/util/stream/Nodes$IntArrayNode done
Event: 1206.038 Loading class java/util/stream/Nodes$IntFixedNodeBuilder done
Event: 1206.039 Loading class java/util/stream/ReferencePipeline$4$1
Event: 1206.041 Loading class java/util/stream/ReferencePipeline$4$1 done
Event: 1280.116 Loading class java/util/concurrent/ConcurrentHashMap$KeySpliterator
Event: 1280.117 Loading class java/util/concurrent/ConcurrentHashMap$KeySpliterator done
Event: 1299.275 Loading class java/util/ArrayDeque$DeqSpliterator
Event: 1299.276 Loading class java/util/ArrayDeque$DeqSpliterator done

Classes unloaded (18 events):
Event: 28.996 Thread 0x000001787d7b2600 Unloading class 0x00000178051ac800 'java/lang/invoke/LambdaForm$MH+0x00000178051ac800'
Event: 28.996 Thread 0x000001787d7b2600 Unloading class 0x00000178051ac400 'java/lang/invoke/LambdaForm$MH+0x00000178051ac400'
Event: 28.996 Thread 0x000001787d7b2600 Unloading class 0x00000178051ac000 'java/lang/invoke/LambdaForm$MH+0x00000178051ac000'
Event: 28.996 Thread 0x000001787d7b2600 Unloading class 0x00000178051abc00 'java/lang/invoke/LambdaForm$MH+0x00000178051abc00'
Event: 28.996 Thread 0x000001787d7b2600 Unloading class 0x00000178051ab800 'java/lang/invoke/LambdaForm$BMH+0x00000178051ab800'
Event: 28.996 Thread 0x000001787d7b2600 Unloading class 0x00000178051ab400 'java/lang/invoke/LambdaForm$DMH+0x00000178051ab400'
Event: 28.996 Thread 0x000001787d7b2600 Unloading class 0x00000178051aa000 'java/lang/invoke/LambdaForm$DMH+0x00000178051aa000'
Event: 30.976 Thread 0x000001787d7b2600 Unloading class 0x00000178052ef400 'java/lang/invoke/LambdaForm$MH+0x00000178052ef400'
Event: 30.976 Thread 0x000001787d7b2600 Unloading class 0x00000178052ee800 'java/lang/invoke/LambdaForm$MH+0x00000178052ee800'
Event: 30.976 Thread 0x000001787d7b2600 Unloading class 0x00000178052ee000 'java/lang/invoke/LambdaForm$MH+0x00000178052ee000'
Event: 30.976 Thread 0x000001787d7b2600 Unloading class 0x00000178052ed800 'java/lang/invoke/LambdaForm$MH+0x00000178052ed800'
Event: 30.976 Thread 0x000001787d7b2600 Unloading class 0x00000178052ed400 'java/lang/invoke/LambdaForm$DMH+0x00000178052ed400'
Event: 30.976 Thread 0x000001787d7b2600 Unloading class 0x00000178052ec800 'java/lang/invoke/LambdaForm$MH+0x00000178052ec800'
Event: 30.976 Thread 0x000001787d7b2600 Unloading class 0x00000178052e9400 'java/lang/invoke/LambdaForm$MH+0x00000178052e9400'
Event: 30.976 Thread 0x000001787d7b2600 Unloading class 0x00000178052e8800 'java/lang/invoke/LambdaForm$MH+0x00000178052e8800'
Event: 30.976 Thread 0x000001787d7b2600 Unloading class 0x00000178052e3800 'java/lang/invoke/LambdaForm$MH+0x00000178052e3800'
Event: 30.976 Thread 0x000001787d7b2600 Unloading class 0x00000178052e3000 'java/lang/invoke/LambdaForm$MH+0x00000178052e3000'
Event: 30.976 Thread 0x000001787d7b2600 Unloading class 0x00000178052e2800 'java/lang/invoke/LambdaForm$MH+0x00000178052e2800'

Classes redefined (0 events):
No events

Internal exceptions (20 events):
Event: 1639.734 Thread 0x000001784c999070 Exception <a 'sun/nio/fs/WindowsException'{0x00000000d5826fb0}> (0x00000000d5826fb0) 
thrown [s\src\hotspot\share\prims\jni.cpp, line 520]
Event: 1639.736 Thread 0x000001784c999070 Exception <a 'sun/nio/fs/WindowsException'{0x00000000d583bb68}> (0x00000000d583bb68) 
thrown [s\src\hotspot\share\prims\jni.cpp, line 520]
Event: 1639.736 Thread 0x000001784c99a420 Exception <a 'sun/nio/fs/WindowsException'{0x00000000d584dbc8}> (0x00000000d584dbc8) 
thrown [s\src\hotspot\share\prims\jni.cpp, line 520]
Event: 1639.743 Thread 0x000001784c99b7d0 Exception <a 'sun/nio/fs/WindowsException'{0x00000000d586de18}> (0x00000000d586de18) 
thrown [s\src\hotspot\share\prims\jni.cpp, line 520]
Event: 1639.744 Thread 0x000001784c99b7d0 Exception <a 'sun/nio/fs/WindowsException'{0x00000000d58717d0}> (0x00000000d58717d0) 
thrown [s\src\hotspot\share\prims\jni.cpp, line 520]
Event: 1639.746 Thread 0x000001784c99a420 Exception <a 'sun/nio/fs/WindowsException'{0x00000000d5895d20}> (0x00000000d5895d20) 
thrown [s\src\hotspot\share\prims\jni.cpp, line 520]
Event: 1639.750 Thread 0x000001784c999070 Exception <a 'sun/nio/fs/WindowsException'{0x00000000d589bed8}> (0x00000000d589bed8) 
thrown [s\src\hotspot\share\prims\jni.cpp, line 520]
Event: 1639.750 Thread 0x000001784c99a420 Exception <a 'sun/nio/fs/WindowsException'{0x00000000d589d3f8}> (0x00000000d589d3f8) 
thrown [s\src\hotspot\share\prims\jni.cpp, line 520]
Event: 1639.751 Thread 0x000001784c999070 Exception <a 'sun/nio/fs/WindowsException'{0x00000000d58a1a10}> (0x00000000d58a1a10) 
thrown [s\src\hotspot\share\prims\jni.cpp, line 520]
Event: 1639.760 Thread 0x000001784c999d90 Exception <a 'sun/nio/fs/WindowsException'{0x00000000d58ca010}> (0x00000000d58ca010) 
thrown [s\src\hotspot\share\prims\jni.cpp, line 520]
Event: 1639.763 Thread 0x000001784c99b7d0 Exception <a 'sun/nio/fs/WindowsException'{0x00000000d58cf0a8}> (0x00000000d58cf0a8) 
thrown [s\src\hotspot\share\prims\jni.cpp, line 520]
Event: 1639.768 Thread 0x000001784c99a420 Exception <a 'sun/nio/fs/WindowsException'{0x00000000d58d9fe0}> (0x00000000d58d9fe0) 
thrown [s\src\hotspot\share\prims\jni.cpp, line 520]
Event: 1642.295 Thread 0x000001784eac8b30 Implicit null exception at 0x000001786f66c59b to 0x000001786f66fdfb
Event: 1642.295 Thread 0x000001784eac8b30 Exception <a 'java/lang/NullPointerException'{0x00000000d56d5ba0}> (0x00000000d56d5ba0) 
thrown [s\src\hotspot\share\runtime\sharedRuntime.cpp, line 625]
Event: 1642.295 Thread 0x000001784eac8b30 Implicit null exception at 0x000001786f66c59b to 0x000001786f66fdfb
Event: 1642.295 Thread 0x000001784eac8b30 Exception <a 'java/lang/NullPointerException'{0x00000000d56db3c8}> (0x00000000d56db3c8) 
thrown [s\src\hotspot\share\runtime\sharedRuntime.cpp, line 625]
Event: 1642.314 Thread 0x000001784eac8b30 Implicit null exception at 0x000001786f66c59b to 0x000001786f66fdfb
Event: 1642.314 Thread 0x000001784eac8b30 Exception <a 'java/lang/NullPointerException'{0x00000000d5601e60}> (0x00000000d5601e60) 
thrown [s\src\hotspot\share\runtime\sharedRuntime.cpp, line 625]
Event: 1645.055 Thread 0x000001785c05bfe0 Exception <a 'sun/nio/fs/WindowsException'{0x00000000d55e2168}> (0x00000000d55e2168) 
thrown [s\src\hotspot\share\prims\jni.cpp, line 520]
Event: 1645.055 Thread 0x000001785c05bfe0 Exception <a 'sun/nio/fs/WindowsException'{0x00000000d55e2aa0}> (0x00000000d55e2aa0) 
thrown [s\src\hotspot\share\prims\jni.cpp, line 520]

ZGC Phase Switch (0 events):
No events

VM Operations (20 events):
Event: 1684.058 Executing VM operation: HandshakeAllThreads (HandshakeForDeflation)
Event: 1684.058 Executing VM operation: HandshakeAllThreads (HandshakeForDeflation) done
Event: 1684.058 Executing VM operation: RendezvousGCThreads
Event: 1684.058 Executing VM operation: RendezvousGCThreads done
Event: 1744.276 Executing VM operation: HandshakeAllThreads (HandshakeForDeflation)
Event: 1744.276 Executing VM operation: HandshakeAllThreads (HandshakeForDeflation) done
Event: 1744.276 Executing VM operation: RendezvousGCThreads
Event: 1744.276 Executing VM operation: RendezvousGCThreads done
Event: 1804.479 Executing VM operation: HandshakeAllThreads (HandshakeForDeflation)
Event: 1804.479 Executing VM operation: HandshakeAllThreads (HandshakeForDeflation) done
Event: 1804.479 Executing VM operation: RendezvousGCThreads
Event: 1804.479 Executing VM operation: RendezvousGCThreads done
Event: 1864.653 Executing VM operation: HandshakeAllThreads (HandshakeForDeflation)
Event: 1864.653 Executing VM operation: HandshakeAllThreads (HandshakeForDeflation) done
Event: 1864.653 Executing VM operation: RendezvousGCThreads
Event: 1864.653 Executing VM operation: RendezvousGCThreads done
Event: 1984.727 Executing VM operation: HandshakeAllThreads (HandshakeForDeflation)
Event: 1984.728 Executing VM operation: HandshakeAllThreads (HandshakeForDeflation) done
Event: 1984.728 Executing VM operation: RendezvousGCThreads
Event: 1984.728 Executing VM operation: RendezvousGCThreads done

Memory protections (0 events):
No events

Nmethod flushes (20 events):
Event: 1589.346 Thread 0x000001787d7b2600 flushing  nmethod 0x0000017870c49d90
Event: 1589.346 Thread 0x000001787d7b2600 flushing  nmethod 0x0000017870c4b310
Event: 1589.346 Thread 0x000001787d7b2600 flushing  nmethod 0x0000017870c4bb10
Event: 1589.346 Thread 0x000001787d7b2600 flushing  nmethod 0x0000017870c4c610
Event: 1589.346 Thread 0x000001787d7b2600 flushing  nmethod 0x0000017870c4ee90
Event: 1589.346 Thread 0x000001787d7b2600 flushing  nmethod 0x0000017870c50990
Event: 1589.346 Thread 0x000001787d7b2600 flushing  nmethod 0x0000017870c56610
Event: 1589.346 Thread 0x000001787d7b2600 flushing  nmethod 0x0000017870c57390
Event: 1589.346 Thread 0x000001787d7b2600 flushing  nmethod 0x0000017870c65810
Event: 1589.346 Thread 0x000001787d7b2600 flushing  nmethod 0x0000017870c66b10
Event: 1589.346 Thread 0x000001787d7b2600 flushing  nmethod 0x0000017870c67890
Event: 1589.346 Thread 0x000001787d7b2600 flushing  nmethod 0x0000017870c6ef90
Event: 1589.346 Thread 0x000001787d7b2600 flushing  nmethod 0x0000017870c74310
Event: 1589.346 Thread 0x000001787d7b2600 flushing  nmethod 0x0000017870c83090
Event: 1589.346 Thread 0x000001787d7b2600 flushing  nmethod 0x0000017870c89910
Event: 1589.346 Thread 0x000001787d7b2600 flushing  nmethod 0x0000017870c8fa90
Event: 1589.346 Thread 0x000001787d7b2600 flushing  nmethod 0x0000017870ca2e90
Event: 1589.346 Thread 0x000001787d7b2600 flushing  nmethod 0x0000017870ca8090
Event: 1589.346 Thread 0x000001787d7b2600 flushing  nmethod 0x0000017870caa010
Event: 1589.346 Thread 0x000001787d7b2600 flushing  nmethod 0x0000017870cab790

Events (20 events):
Event: 1705.050 Thread 0x000001784eac8b30 Thread exited: 0x000001784eac8b30
Event: 1705.078 Thread 0x000001784b6882b0 Thread exited: 0x000001784b6882b0
Event: 1706.089 Thread 0x000001785c05bfe0 Thread exited: 0x000001785c05bfe0
Event: 1706.089 Thread 0x000001784b68c450 Thread exited: 0x000001784b68c450
Event: 1759.900 Thread 0x000001784c999d90 Thread exited: 0x000001784c999d90
Event: 1819.915 Thread 0x000001784c99a420 Thread exited: 0x000001784c99a420
Event: 1879.926 Thread 0x000001784c99b7d0 Thread exited: 0x000001784c99b7d0
Event: 1939.929 Thread 0x000001787f5acd90 Thread exited: 0x000001787f5acd90
Event: 1940.624 Thread 0x000001784b68cae0 Thread exited: 0x000001784b68cae0
Event: 1940.624 Thread 0x000001784b68b730 Thread exited: 0x000001784b68b730
Event: 1940.624 Thread 0x000001784b689660 Thread exited: 0x000001784b689660
Event: 1940.625 Thread 0x000001784b68b0a0 Thread exited: 0x000001784b68b0a0
Event: 1940.626 Thread 0x000001784b68d800 Thread exited: 0x000001784b68d800
Event: 1940.626 Thread 0x000001784b68e520 Thread exited: 0x000001784b68e520
Event: 1945.046 Thread 0x000001787f5aa630 Thread exited: 0x000001787f5aa630
Event: 1945.047 Thread 0x000001784b555eb0 Thread exited: 0x000001784b555eb0
Event: 1945.047 Thread 0x000001784b555820 Thread exited: 0x000001784b555820
Event: 1945.047 Thread 0x000001784b555190 Thread exited: 0x000001784b555190
Event: 1945.062 Thread 0x000001784a94b8b0 Thread exited: 0x000001784a94b8b0
Event: 1945.062 Thread 0x000001784eac91c0 Thread exited: 0x000001784eac91c0


Dynamic libraries:
0x00007ff782880000 - 0x00007ff78288e000 	c:\Users\saura\.vscode\extensions\redhat.java-1.44.0-win32-x64\jre\21.0.8-win32-x86_64\bin\java.exe
0x00007fff68f80000 - 0x00007fff691e8000 	C:\WINDOWS\SYSTEM32\ntdll.dll
0x00007fff67850000 - 0x00007fff67919000 	C:\WINDOWS\System32\KERNEL32.DLL
0x00007fff66480000 - 0x00007fff6686d000 	C:\WINDOWS\System32\KERNELBASE.dll
0x00007fff660d0000 - 0x00007fff6621b000 	C:\WINDOWS\System32\ucrtbase.dll
0x00007fff3c6d0000 - 0x00007fff3c6ee000 	c:\Users\saura\.vscode\extensions\redhat.java-1.44.0-win32-x64\jre\21.0.8-win32-x86_64\bin\VCRUNTIME140.dll
0x00007fff3e650000 - 0x00007fff3e668000 	c:\Users\saura\.vscode\extensions\redhat.java-1.44.0-win32-x64\jre\21.0.8-win32-x86_64\bin\jli.dll
0x00007fff68a20000 - 0x00007fff68bec000 	C:\WINDOWS\System32\USER32.dll
0x00007fff66450000 - 0x00007fff66477000 	C:\WINDOWS\System32\win32u.dll
0x00007fff68c80000 - 0x00007fff68cab000 	C:\WINDOWS\System32\GDI32.dll
0x00007fff66910000 - 0x00007fff66a47000 	C:\WINDOWS\System32\gdi32full.dll
0x00007fff663a0000 - 0x00007fff66443000 	C:\WINDOWS\System32\msvcp_win.dll
0x00007fff54bd0000 - 0x00007fff54e6a000 	C:\WINDOWS\WinSxS\amd64_microsoft.windows.common-controls_6595b64144ccf1df_6.0.26100.4484_none_3e0e6d4ce32ef3b3\COMCTL32.dll
0x00007fff67920000 - 0x00007fff679c9000 	C:\WINDOWS\System32\msvcrt.dll
0x00007fff66dd0000 - 0x00007fff66dff000 	C:\WINDOWS\System32\IMM32.DLL
0x00007fff528d0000 - 0x00007fff528dc000 	c:\Users\saura\.vscode\extensions\redhat.java-1.44.0-win32-x64\jre\21.0.8-win32-x86_64\bin\vcruntime140_1.dll
0x00007fff13df0000 - 0x00007fff13e7d000 	c:\Users\saura\.vscode\extensions\redhat.java-1.44.0-win32-x64\jre\21.0.8-win32-x86_64\bin\msvcp140.dll
0x00007ffec0790000 - 0x00007ffec1527000 	c:\Users\saura\.vscode\extensions\redhat.java-1.44.0-win32-x64\jre\21.0.8-win32-x86_64\bin\server\jvm.dll
0x00007fff673a0000 - 0x00007fff67454000 	C:\WINDOWS\System32\ADVAPI32.dll
0x00007fff67460000 - 0x00007fff67506000 	C:\WINDOWS\System32\sechost.dll
0x00007fff679f0000 - 0x00007fff67b08000 	C:\WINDOWS\System32\RPCRT4.dll
0x00007fff68cc0000 - 0x00007fff68d34000 	C:\WINDOWS\System32\WS2_32.dll
0x00007fff65f40000 - 0x00007fff65f9e000 	C:\WINDOWS\SYSTEM32\POWRPROF.dll
0x00007fff57160000 - 0x00007fff57195000 	C:\WINDOWS\SYSTEM32\WINMM.dll
0x00007fff5aa50000 - 0x00007fff5aa5b000 	C:\WINDOWS\SYSTEM32\VERSION.dll
0x00007fff65f20000 - 0x00007fff65f34000 	C:\WINDOWS\SYSTEM32\UMPDC.dll
0x00007fff64e70000 - 0x00007fff64e8b000 	C:\WINDOWS\SYSTEM32\kernel.appcore.dll
0x00007fff4fed0000 - 0x00007fff4feda000 	c:\Users\saura\.vscode\extensions\redhat.java-1.44.0-win32-x64\jre\21.0.8-win32-x86_64\bin\jimage.dll
0x00007fff5d2d0000 - 0x00007fff5d511000 	C:\WINDOWS\SYSTEM32\DBGHELP.DLL
0x00007fff67b10000 - 0x00007fff67e96000 	C:\WINDOWS\System32\combase.dll
0x00007fff68900000 - 0x00007fff689e0000 	C:\WINDOWS\System32\OLEAUT32.dll
0x00007fff50060000 - 0x00007fff500a3000 	C:\WINDOWS\SYSTEM32\dbgcore.DLL
0x00007fff66870000 - 0x00007fff66909000 	C:\WINDOWS\System32\bcryptPrimitives.dll
0x00007fff4eb60000 - 0x00007fff4eb6f000 	c:\Users\saura\.vscode\extensions\redhat.java-1.44.0-win32-x64\jre\21.0.8-win32-x86_64\bin\instrument.dll
0x00007fff382c0000 - 0x00007fff382df000 	c:\Users\saura\.vscode\extensions\redhat.java-1.44.0-win32-x64\jre\21.0.8-win32-x86_64\bin\java.dll
0x00007fff67ea0000 - 0x00007fff685ea000 	C:\WINDOWS\System32\SHELL32.dll
0x00007fff66220000 - 0x00007fff66394000 	C:\WINDOWS\System32\wintypes.dll
0x00007fff63d50000 - 0x00007fff645ab000 	C:\WINDOWS\SYSTEM32\windows.storage.dll
0x00007fff68d40000 - 0x00007fff68e35000 	C:\WINDOWS\System32\SHCORE.dll
0x00007fff686b0000 - 0x00007fff6871a000 	C:\WINDOWS\System32\shlwapi.dll
0x00007fff65fe0000 - 0x00007fff6600f000 	C:\WINDOWS\SYSTEM32\profapi.dll
0x00007fff37c90000 - 0x00007fff37ca8000 	c:\Users\saura\.vscode\extensions\redhat.java-1.44.0-win32-x64\jre\21.0.8-win32-x86_64\bin\zip.dll
0x00007fff4c390000 - 0x00007fff4c3a0000 	C:\Users\saura\.vscode\extensions\redhat.java-1.44.0-win32-x64\jre\21.0.8-win32-x86_64\bin\net.dll
0x00007fff5d000000 - 0x00007fff5d11e000 	C:\WINDOWS\SYSTEM32\WINHTTP.dll
0x00007fff65400000 - 0x00007fff6546a000 	C:\WINDOWS\system32\mswsock.dll
0x00007fff1aa80000 - 0x00007fff1aa96000 	C:\Users\saura\.vscode\extensions\redhat.java-1.44.0-win32-x64\jre\21.0.8-win32-x86_64\bin\nio.dll
0x00007fff44e30000 - 0x00007fff44e40000 	c:\Users\saura\.vscode\extensions\redhat.java-1.44.0-win32-x64\jre\21.0.8-win32-x86_64\bin\verify.dll
0x00007fff36230000 - 0x00007fff36275000 	C:\Users\saura\AppData\Roaming\Code\User\globalStorage\redhat.java\1.44.0\config_win\org.eclipse.equinox.launcher\org.eclipse.equinox.launcher.win32.win32.x86_64_1.2.1400.v20250730-1736\eclipse_11913.dll
0x00007fff67530000 - 0x00007fff676ce000 	C:\WINDOWS\System32\ole32.dll
0x00007fff61100000 - 0x00007fff6110a000 	C:\Users\saura\.vscode\extensions\redhat.java-1.44.0-win32-x64\jre\21.0.8-win32-x86_64\bin\management.dll
0x00007fff610f0000 - 0x00007fff610fb000 	C:\Users\saura\.vscode\extensions\redhat.java-1.44.0-win32-x64\jre\21.0.8-win32-x86_64\bin\management_ext.dll
0x00007fff68cb0000 - 0x00007fff68cb8000 	C:\WINDOWS\System32\PSAPI.DLL
0x00007fff656b0000 - 0x00007fff656cb000 	C:\WINDOWS\SYSTEM32\CRYPTSP.dll
0x00007fff64dd0000 - 0x00007fff64e0b000 	C:\WINDOWS\system32\rsaenh.dll
0x00007fff654a0000 - 0x00007fff654cb000 	C:\WINDOWS\SYSTEM32\USERENV.dll
0x00007fff65fb0000 - 0x00007fff65fd6000 	C:\WINDOWS\SYSTEM32\bcrypt.dll
0x00007fff656d0000 - 0x00007fff656dc000 	C:\WINDOWS\SYSTEM32\CRYPTBASE.dll
0x00007fff648f0000 - 0x00007fff64923000 	C:\WINDOWS\SYSTEM32\IPHLPAPI.DLL
0x00007fff68640000 - 0x00007fff6864a000 	C:\WINDOWS\System32\NSI.dll
0x00007ffefcff0000 - 0x00007ffefd039000 	C:\Users\saura\AppData\Local\Temp\jna-109210710\jna9412929163041202287.dll
0x00007fff5cfd0000 - 0x00007fff5cfef000 	C:\WINDOWS\SYSTEM32\dhcpcsvc6.DLL
0x00007fff5cfa0000 - 0x00007fff5cfc5000 	C:\WINDOWS\SYSTEM32\dhcpcsvc.DLL
0x00007fff3b880000 - 0x00007fff3b88e000 	C:\Users\saura\.vscode\extensions\redhat.java-1.44.0-win32-x64\jre\21.0.8-win32-x86_64\bin\sunmscapi.dll
0x00007fff66a50000 - 0x00007fff66bc7000 	C:\WINDOWS\System32\CRYPT32.dll
0x00007fff658d0000 - 0x00007fff65900000 	C:\WINDOWS\SYSTEM32\ncrypt.dll
0x00007fff65880000 - 0x00007fff658bf000 	C:\WINDOWS\SYSTEM32\NTASN1.dll
0x00007fff64990000 - 0x00007fff64ab6000 	C:\WINDOWS\SYSTEM32\DNSAPI.dll
0x00007fff5a550000 - 0x00007fff5a55b000 	C:\Windows\System32\rasadhlp.dll
0x00007fff5ab70000 - 0x00007fff5abf6000 	C:\WINDOWS\System32\fwpuclnt.dll
0x00007fff394a0000 - 0x00007fff394a9000 	C:\Users\saura\.vscode\extensions\redhat.java-1.44.0-win32-x64\jre\21.0.8-win32-x86_64\bin\extnet.dll
0x00007ffea0460000 - 0x00007ffea0487000 	C:\Users\saura\.gradle\native\1def1411415f61bf3af743bc5b6707747c0891f09f0c88961ee8f79bc544acac\windows-amd64\native-platform.dll
0x00007ffecd1a0000 - 0x00007ffecd1a8000 	C:\WINDOWS\system32\wshunix.dll

JVMTI agents:
c:\Users\saura\.vscode\extensions\redhat.java-1.44.0-win32-x64\lombok\lombok-1.18.39-4050.jar path:c:\Users\saura\.vscode\extensions\redhat.java-1.44.0-win32-x64\jre\21.0.8-win32-x86_64\bin\instrument.dll, loaded, initialized, instrumentlib options:none

dbghelp: loaded successfully - version: 4.0.5 - missing functions: none
symbol engine: initialized successfully - sym options: 0x614 - pdb path: .;c:\Users\saura\.vscode\extensions\redhat.java-1.44.0-win32-x64\jre\21.0.8-win32-x86_64\bin;C:\WINDOWS\SYSTEM32;C:\WINDOWS\WinSxS\amd64_microsoft.windows.common-controls_6595b64144ccf1df_6.0.26100.4484_none_3e0e6d4ce32ef3b3;c:\Users\saura\.vscode\extensions\redhat.java-1.44.0-win32-x64\jre\21.0.8-win32-x86_64\bin\server;C:\Users\saura\AppData\Roaming\Code\User\globalStorage\redhat.java\1.44.0\config_win\org.eclipse.equinox.launcher\org.eclipse.equinox.launcher.win32.win32.x86_64_1.2.1400.v20250730-1736;C:\Users\saura\AppData\Local\Temp\jna-109210710;C:\Users\saura\.gradle\native\1def1411415f61bf3af743bc5b6707747c0891f09f0c88961ee8f79bc544acac\windows-amd64

VM Arguments:
jvm_args: --add-modules=ALL-SYSTEM --add-opens=java.base/java.util=ALL-UNNAMED --add-opens=java.base/java.lang=ALL-UNNAMED --add-opens=java.base/sun.nio.fs=ALL-UNNAMED -Declipse.application=org.eclipse.jdt.ls.core.id1 -Dosgi.bundles.defaultStartLevel=4 -Declipse.product=org.eclipse.jdt.ls.core.product -Djava.import.generatesMetadataFilesAtProjectRoot=false -DDetectVMInstallationsJob.disabled=true -Dfile.encoding=utf8 -XX:+UseParallelGC -XX:GCTimeRatio=4 -XX:AdaptiveSizePolicyWeight=90 -Dsun.zip.disableMemoryMapping=true -Xmx2G -Xms100m -Xlog:disable -javaagent:c:\Users\saura\.vscode\extensions\redhat.java-1.44.0-win32-x64\lombok\lombok-1.18.39-4050.jar -XX:+HeapDumpOnOutOfMemoryError -XX:HeapDumpPath=c:\Users\saura\AppData\Roaming\Code\User\workspaceStorage\1fb3a914484eae3c1531012f63cb60a3\redhat.java -Daether.dependencyCollector.impl=bf 
java_command: c:\Users\saura\.vscode\extensions\redhat.java-1.44.0-win32-x64\server\plugins\org.eclipse.equinox.launcher_1.7.0.v20250519-0528.jar -configuration c:\Users\saura\AppData\Roaming\Code\User\globalStorage\redhat.java\1.44.0\config_win -data c:\Users\saura\AppData\Roaming\Code\User\workspaceStorage\1fb3a914484eae3c1531012f63cb60a3\redhat.java\jdt_ws --pipe=\\.\pipe\lsp-bd88009f17faaaa57da28eb86030742b-sock
java_class_path (initial): c:\Users\saura\.vscode\extensions\redhat.java-1.44.0-win32-x64\server\plugins\org.eclipse.equinox.launcher_1.7.0.v20250519-0528.jar
Launcher Type: SUN_STANDARD

[Global flags]
    uintx AdaptiveSizePolicyWeight                 = 90                                        {product} {command line}
     intx CICompilerCount                          = 4                                         {product} {ergonomic}
    uintx GCTimeRatio                              = 4                                         {product} {command line}
     bool HeapDumpOnOutOfMemoryError               = true                                   {manageable} {command line}
    ccstr HeapDumpPath                             = c:\Users\saura\AppData\Roaming\Code\User\workspaceStorage\1fb3a914484eae3c1531012f63cb60a3\redhat.java         {manageable} {command line}
   size_t InitialHeapSize                          = 104857600                                 {product} {command line}
   size_t MaxHeapSize                              = 2147483648                                {product} {command line}
   size_t MaxNewSize                               = 715653120                                 {product} {ergonomic}
   size_t MinHeapDeltaBytes                        = 524288                                    {product} {ergonomic}
   size_t MinHeapSize                              = 104857600                                 {product} {command line}
   size_t NewSize                                  = 34603008                                  {product} {ergonomic}
    uintx NonNMethodCodeHeapSize                   = 5839372                                {pd product} {ergonomic}
    uintx NonProfiledCodeHeapSize                  = 122909434                              {pd product} {ergonomic}
   size_t OldSize                                  = 70254592                                  {product} {ergonomic}
    uintx ProfiledCodeHeapSize                     = 122909434                              {pd product} {ergonomic}
    uintx ReservedCodeCacheSize                    = 251658240                              {pd product} {ergonomic}
     bool SegmentedCodeCache                       = true                                      {product} {ergonomic}
   size_t SoftMaxHeapSize                          = 2147483648                             {manageable} {ergonomic}
     bool UseCompressedOops                        = true                           {product lp64_product} {ergonomic}
     bool UseLargePagesIndividualAllocation        = false                                  {pd product} {ergonomic}
     bool UseParallelGC                            = true                                      {product} {command line}

Logging:
Log output configuration:
 #0: stdout all=off uptime,level,tags foldmultilines=false
 #1: stderr all=off uptime,level,tags foldmultilines=false

Environment Variables:
JAVA_HOME=C:\Program Files\Microsoft\jdk-17.0.13.11-hotspot
PATH=C:\Program Files\Microsoft\jdk-17.0.13.11-hotspot\bin;C:\Program Files\Common Files\Oracle\Java\javapath;C:\Program Files\NVIDIA GPU Computing Toolkit\CUDA\v11.7\bin;C:\Program Files\NVIDIA GPU Computing Toolkit\CUDA\v11.7\libnvvp;C:\Windows\system32;C:\Windows;C:\Windows\System32\Wbem;C:\Windows\System32\WindowsPowerShell\v1.0\;C:\Windows\System32\OpenSSH\;C:\MinGW\bin;C:\Program Files\Git\cmd;C:\Program Files\MySQL\MySQL Server 8.0\bin;C:\Program Files\NVIDIA Corporation\Nsight Compute 2022.2.0\;C:\Program Files (x86)\NVIDIA Corporation\PhysX\Common;C:\WINDOWS\system32;C:\WINDOWS;C:\WINDOWS\System32\Wbem;C:\WINDOWS\System32\WindowsPowerShell\v1.0\;C:\WINDOWS\System32\OpenSSH\;C:\Program Files\Git\bin;C:\Program Files\CMake\bin;C:\Program Files\Java\jdk-19\bin;C:\Program Files\MongoDB\Server\6.0\bin;C:\mongoshell\mongosh-1.8.0-win32-x64\bin;C:\Program Files\MiKTeX\miktex\bin\x64\;C:\Users\saura\AppData\Local\Pub\Cache\bin;C:\xampp\php;C:\ProgramData\ComposerSetup\bin;C:\ProgramData\chocolatey\bin;C:\Program Files\nodejs\;C:\Users\saura\AppData\Local\Android\Sdk\platforms;C:\Users\saura\AppData\Local\Android\Sdk;C:\Users\saura\AppData\Local\Android\Sdk\platform-tools;C:\Users\saura\AppData\Local\Android\Sdk\build-tools;C:\Users\saura\AppData\Local\Android\Sdk\emulator;C:\src\flutter\bin;C:\Users\saura\AppData\Local\Android\Sdk\tools;C:\Program Files\Microsoft\jdk-17.0.13.11-hotspot\bin;C:\Program Files\MySQL\MySQL Shell 8.0\bin\;C:\Users\saura\AppData\Local\Programs\Python\Python38\Scripts\;C:\Users\saura\AppData\Local\Programs\Python\Python38\;C:\Users\saura\.conda;C:\Users\saura\.conda\Library\mingw-w64\bin;C:\Users\saura\.conda\Library\usr\bin;C:\Users\saura\.conda\Library\bin;C:\Users\saura\.conda\Scripts;C:\Users\saura\anaconda3;C:\Users\saura\anaconda3\Library\mingw-w64\bin;C:\Users\saura\anaconda3\Library\usr\bin;C:\Users\saura\anaconda3\Library\bin;C:\Users\saura\anaconda3\Scripts;C:\Users\saura\AppData\Local\Microsoft\WindowsApps;C:\Users\saura\AppData\Local\Programs\Microsoft VS Code\bin;C:\Program Files\Git\bin;C:\Program Files\Java\jdk-21\bin;C:\Users\saura\AppData\Local\Pub\Cache\bin;C:\Users\saura\AppData\Roaming\Composer\vendor\bin;C:\ProgramData\ComposerSetup\bin;C:\Users\saura\AppData\Roaming\npm;C:\Users\saura\AppData\Local\Android\Sdk\platf;C:\src\flutter\bin;C:\src\flutter\bin;
USERNAME=saura
OS=Windows_NT
PROCESSOR_IDENTIFIER=AMD64 Family 23 Model 24 Stepping 1, AuthenticAMD
TMP=C:\Users\saura\AppData\Local\Temp
TEMP=C:\Users\saura\AppData\Local\Temp




Periodic native trim disabled

---------------  S Y S T E M  ---------------

OS:
 Windows 11 , 64 bit Build 26100 (10.0.26100.4484)
OS uptime: 0 days 16:06 hours

CPU: total 8 (initial active 8) (8 cores per cpu, 2 threads per core) family 23 model 24 stepping 1 microcode 0x8108109, cx8, cmov, fxsr, ht, mmx, 3dnowpref, sse, sse2, sse3, ssse3, sse4a, sse4.1, sse4.2, popcnt, lzcnt, tsc, tscinvbit, avx, avx2, aes, clmul, bmi1, bmi2, adx, sha, fma, vzeroupper, clflush, clflushopt, rdtscp, f16c
Processor Information for the first 8 processors :
  Max Mhz: 2100, Current Mhz: 2100, Mhz Limit: 2100

Memory: 4k page, system-wide physical 6088M (530M free)
TotalPageFile size 16314M (AvailPageFile size 1067M)
current process WorkingSet (physical memory assigned to process): 782M, peak: 1630M
current process commit charge ("private bytes"): 1631M, peak: 1794M

vm_info: OpenJDK 64-Bit Server VM (21.0.8+9-LTS) for windows-amd64 JRE (21.0.8+9-LTS), built on 2025-07-15T00:00:00Z by "admin" with MS VC++ 17.7 (VS2022)

END.
