#
# There is insufficient memory for the Java Runtime Environment to continue.
# Native memory allocation (malloc) failed to allocate 2115360 bytes. Error detail: Chunk::new
# Possible reasons:
#   The system is out of physical RAM or swap space
#   This process is running with CompressedOops enabled, and the Java Heap may be blocking the growth of the native heap
# Possible solutions:
#   Reduce memory load on the system
#   Increase physical memory or swap space
#   Check if swap backing store is full
#   Decrease Java heap size (-Xmx/-Xms)
#   Decrease number of Java threads
#   Decrease Java thread stack sizes (-Xss)
#   Set larger code cache with -XX:ReservedCodeCacheSize=
#   JVM is running with Unscaled Compressed Oops mode in which the Java heap is
#     placed in the first 4GB address space. The Java Heap base address is the
#     maximum limit for the native heap growth. Please use -XX:HeapBaseMinAddress
#     to set the Java Heap base and to place the Java Heap above 4GB virtual address.
# This output file may be truncated or incomplete.
#
#  Out of Memory Error (arena.cpp:191), pid=17756, tid=200
#
# JRE version: OpenJDK Runtime Environment Microsoft-10376486 (17.0.13+11) (build 17.0.13+11-LTS)
# Java VM: OpenJDK 64-Bit Server VM Microsoft-10376486 (17.0.13+11-LTS, mixed mode, sharing, tiered, compressed oops, compressed class ptrs, g1 gc, windows-amd64)
# No core dump will be written. Minidumps are not enabled by default on client versions of Windows
#

---------------  S U M M A R Y ------------

Command Line: --add-opens=java.base/java.lang=ALL-UNNAMED --add-opens=java.base/java.lang.invoke=ALL-UNNAMED --add-opens=java.base/java.util=ALL-UNNAMED --add-opens=java.prefs/java.util.prefs=ALL-UNNAMED --add-exports=jdk.compiler/com.sun.tools.javac.api=ALL-UNNAMED --add-exports=jdk.compiler/com.sun.tools.javac.util=ALL-UNNAMED --add-opens=java.base/java.util=ALL-UNNAMED --add-opens=java.prefs/java.util.prefs=ALL-UNNAMED --add-opens=java.base/java.nio.charset=ALL-UNNAMED --add-opens=java.base/java.net=ALL-UNNAMED --add-opens=java.base/java.util.concurrent.atomic=ALL-UNNAMED --add-opens=java.xml/javax.xml.namespace=ALL-UNNAMED -XX:MaxMetaspaceSize=512m -Xmx2048m -Dfile.encoding=UTF-8 -Duser.country=US -Duser.language=en -Duser.variant -javaagent:C:\Users\saura\.gradle\wrapper\dists\gradle-8.12-all\ejduaidbjup3bmmkhw3rie4zb\gradle-8.12\lib\agents\gradle-instrumentation-agent-8.12.jar org.gradle.launcher.daemon.bootstrap.GradleDaemon 8.12

Host: AMD Ryzen 5 3500U with Radeon Vega Mobile Gfx  , 8 cores, 5G,  Windows 11 , 64 bit Build 26100 (10.0.26100.4484)
Time: Sat Jul 12 12:39:01 2025 India Standard Time elapsed time: 98.683252 seconds (0d 0h 1m 38s)

---------------  T H R E A D  ---------------

Current thread (0x000002a99519ff50):  JavaThread "C2 CompilerThread0" daemon [_thread_in_native, id=200, stack(0x000000ab8c200000,0x000000ab8c300000)]


Current CompileTask:
C2:  98683 9171   !   4       java.net.URLClassLoader::findClass (47 bytes)

Stack: [0x000000ab8c200000,0x000000ab8c300000]
Native frames: (J=compiled Java code, j=interpreted, Vv=VM code, C=native code)
V  [jvm.dll+0x687fc9]
V  [jvm.dll+0x83eeb8]
V  [jvm.dll+0x840963]
V  [jvm.dll+0x840fd3]
V  [jvm.dll+0x24951f]
V  [jvm.dll+0xad0c4]
V  [jvm.dll+0xad75c]
V  [jvm.dll+0x36aafe]
V  [jvm.dll+0x1bcf75]
V  [jvm.dll+0x21a8bc]
V  [jvm.dll+0x219b7f]
V  [jvm.dll+0x1a5506]
V  [jvm.dll+0x22a1ca]
V  [jvm.dll+0x22830b]
V  [jvm.dll+0x7f4708]
V  [jvm.dll+0x7eea6c]
V  [jvm.dll+0x686ea7]
C  [ucrtbase.dll+0x37b0]
C  [KERNEL32.DLL+0x2e8d7]
C  [ntdll.dll+0x3c34c]


---------------  P R O C E S S  ---------------

Threads class SMR info:
_java_thread_list=0x000002a9b7556f70, length=72, elements={
0x000002a9f6ce0090, 0x000002a9951826c0, 0x000002a995185d10, 0x000002a995199710,
0x000002a99519c0f0, 0x000002a99519e9d0, 0x000002a99519f2a0, 0x000002a99519ff50,
0x000002a9951a2790, 0x000002a995220800, 0x000002a9952bba90, 0x000002a99535e910,
0x000002a9b5574e30, 0x000002a9954522c0, 0x000002a9b53ac8d0, 0x000002a9b53a6bb0,
0x000002a9b5107b60, 0x000002a9b51c8950, 0x000002a9b51c9370, 0x000002a9b51c8e60,
0x000002a9b51c8440, 0x000002a9b51ca2a0, 0x000002a9b51c7510, 0x000002a9b51c9880,
0x000002a9b51c7a20, 0x000002a9b51c9d90, 0x000002a9b51ca7b0, 0x000002a9b51cacc0,
0x000002a9b65b4400, 0x000002a9b65b5330, 0x000002a9b65b5d50, 0x000002a9b65b6260,
0x000002a9b65b3ef0, 0x000002a9b65b4910, 0x000002a9b65b4e20, 0x000002a9b65b2fc0,
0x000002a9b65b6c80, 0x000002a9b65b7190, 0x000002a9b65b39e0, 0x000002a9b65b85d0,
0x000002a9b65ba940, 0x000002a9b65b76a0, 0x000002a9b65b8ae0, 0x000002a9b65b9f20,
0x000002a9b65b8ff0, 0x000002a9b65b7bb0, 0x000002a9b65b9500, 0x000002a9b65b9a10,
0x000002a9b69a5840, 0x000002a9b69a7190, 0x000002a9b69a76a0, 0x000002a9b69a7bb0,
0x000002a9b69a6770, 0x000002a9b69a80c0, 0x000002a9b69a8ff0, 0x000002a9b69a85d0,
0x000002a9b69a5d50, 0x000002a9b69a8ae0, 0x000002a9b69a6c80, 0x000002a9b6c9db80,
0x000002a9b6c9c230, 0x000002a9b6c9d670, 0x000002a9b6c9e090, 0x000002a9b6c9d160,
0x000002a9b6c9eab0, 0x000002a9b6c9e5a0, 0x000002a9b6c9efc0, 0x000002a9b6c9b810,
0x000002a9b6c9cc50, 0x000002a9b6c9f4d0, 0x000002a9b6c9bd20, 0x000002a9b6ca1d50
}

Java Threads: ( => current thread )
  0x000002a9f6ce0090 JavaThread "main" [_thread_blocked, id=22708, stack(0x000000ab8b500000,0x000000ab8b600000)]
  0x000002a9951826c0 JavaThread "Reference Handler" daemon [_thread_blocked, id=16136, stack(0x000000ab8bc00000,0x000000ab8bd00000)]
  0x000002a995185d10 JavaThread "Finalizer" daemon [_thread_blocked, id=14824, stack(0x000000ab8bd00000,0x000000ab8be00000)]
  0x000002a995199710 JavaThread "Signal Dispatcher" daemon [_thread_blocked, id=25968, stack(0x000000ab8be00000,0x000000ab8bf00000)]
  0x000002a99519c0f0 JavaThread "Attach Listener" daemon [_thread_blocked, id=25500, stack(0x000000ab8bf00000,0x000000ab8c000000)]
  0x000002a99519e9d0 JavaThread "Service Thread" daemon [_thread_blocked, id=27956, stack(0x000000ab8c000000,0x000000ab8c100000)]
  0x000002a99519f2a0 JavaThread "Monitor Deflation Thread" daemon [_thread_blocked, id=2196, stack(0x000000ab8c100000,0x000000ab8c200000)]
=>0x000002a99519ff50 JavaThread "C2 CompilerThread0" daemon [_thread_in_native, id=200, stack(0x000000ab8c200000,0x000000ab8c300000)]
  0x000002a9951a2790 JavaThread "C1 CompilerThread0" daemon [_thread_blocked, id=25272, stack(0x000000ab8c300000,0x000000ab8c400000)]
  0x000002a995220800 JavaThread "Sweeper thread" daemon [_thread_blocked, id=20628, stack(0x000000ab8c400000,0x000000ab8c500000)]
  0x000002a9952bba90 JavaThread "Common-Cleaner" daemon [_thread_blocked, id=25996, stack(0x000000ab8c500000,0x000000ab8c600000)]
  0x000002a99535e910 JavaThread "Notification Thread" daemon [_thread_blocked, id=19360, stack(0x000000ab8c600000,0x000000ab8c700000)]
  0x000002a9b5574e30 JavaThread "Daemon health stats" [_thread_blocked, id=1904, stack(0x000000ab8cc00000,0x000000ab8cd00000)]
  0x000002a9954522c0 JavaThread "Incoming local TCP Connector on port 63535" [_thread_in_native, id=22100, stack(0x000000ab8cd00000,0x000000ab8ce00000)]
  0x000002a9b53ac8d0 JavaThread "Daemon periodic checks" [_thread_blocked, id=26728, stack(0x000000ab8ce00000,0x000000ab8cf00000)]
  0x000002a9b53a6bb0 JavaThread "Daemon" [_thread_blocked, id=21928, stack(0x000000ab8cf00000,0x000000ab8d000000)]
  0x000002a9b5107b60 JavaThread "Handler for socket connection from /127.0.0.1:63535 to /127.0.0.1:63537" [_thread_in_native, id=21116, stack(0x000000ab8d000000,0x000000ab8d100000)]
  0x000002a9b51c8950 JavaThread "Cancel handler" [_thread_blocked, id=25256, stack(0x000000ab8d100000,0x000000ab8d200000)]
  0x000002a9b51c9370 JavaThread "Daemon worker" [_thread_in_vm, id=26748, stack(0x000000ab8d200000,0x000000ab8d300000)]
  0x000002a9b51c8e60 JavaThread "Asynchronous log dispatcher for DefaultDaemonConnection: socket connection from /127.0.0.1:63535 to /127.0.0.1:63537" [_thread_blocked, id=26768, stack(0x000000ab8d300000,0x000000ab8d400000)]
  0x000002a9b51c8440 JavaThread "Stdin handler" [_thread_blocked, id=12484, stack(0x000000ab8d400000,0x000000ab8d500000)]
  0x000002a9b51ca2a0 JavaThread "Daemon client event forwarder" [_thread_blocked, id=26676, stack(0x000000ab8d500000,0x000000ab8d600000)]
  0x000002a9b51c7510 JavaThread "Cache worker for journal cache (C:\Users\saura\.gradle\caches\journal-1)" [_thread_blocked, id=25852, stack(0x000000ab8d900000,0x000000ab8da00000)]
  0x000002a9b51c9880 JavaThread "File lock request listener" [_thread_in_native, id=23784, stack(0x000000ab8da00000,0x000000ab8db00000)]
  0x000002a9b51c7a20 JavaThread "Cache worker for file hash cache (C:\Users\saura\.gradle\caches\8.12\fileHashes)" [_thread_blocked, id=1476, stack(0x000000ab8db00000,0x000000ab8dc00000)]
  0x000002a9b51c9d90 JavaThread "File lock release action executor" [_thread_blocked, id=10504, stack(0x000000ab8dc00000,0x000000ab8dd00000)]
  0x000002a9b51ca7b0 JavaThread "Cache worker for file hash cache (C:\Users\saura\Desktop\SvindoApp\Svindo_VendorApp\android\.gradle\8.12\fileHashes)" [_thread_blocked, id=16652, stack(0x000000ab8dd00000,0x000000ab8de00000)]
  0x000002a9b51cacc0 JavaThread "Cache worker for Build Output Cleanup Cache (C:\Users\saura\Desktop\SvindoApp\Svindo_VendorApp\android\.gradle\buildOutputCleanup)" [_thread_blocked, id=13388, stack(0x000000ab8de00000,0x000000ab8df00000)]
  0x000002a9b65b4400 JavaThread "File watcher server" daemon [_thread_in_native, id=14800, stack(0x000000ab8e000000,0x000000ab8e100000)]
  0x000002a9b65b5330 JavaThread "File watcher consumer" daemon [_thread_blocked, id=23676, stack(0x000000ab8e100000,0x000000ab8e200000)]
  0x000002a9b65b5d50 JavaThread "jar transforms" [_thread_blocked, id=27408, stack(0x000000ab8e200000,0x000000ab8e300000)]
  0x000002a9b65b6260 JavaThread "jar transforms Thread 2" [_thread_blocked, id=26232, stack(0x000000ab8e300000,0x000000ab8e400000)]
  0x000002a9b65b3ef0 JavaThread "jar transforms Thread 3" [_thread_blocked, id=3740, stack(0x000000ab8e400000,0x000000ab8e500000)]
  0x000002a9b65b4910 JavaThread "jar transforms Thread 4" [_thread_blocked, id=26336, stack(0x000000ab8e500000,0x000000ab8e600000)]
  0x000002a9b65b4e20 JavaThread "jar transforms Thread 5" [_thread_blocked, id=3728, stack(0x000000ab8e600000,0x000000ab8e700000)]
  0x000002a9b65b2fc0 JavaThread "Cache worker for checksums cache (C:\Users\saura\Desktop\SvindoApp\Svindo_VendorApp\android\.gradle\8.12\checksums)" [_thread_blocked, id=1256, stack(0x000000ab8e700000,0x000000ab8e800000)]
  0x000002a9b65b6c80 JavaThread "Cache worker for file content cache (C:\Users\saura\.gradle\caches\8.12\fileContent)" [_thread_blocked, id=21892, stack(0x000000ab8e800000,0x000000ab8e900000)]
  0x000002a9b65b7190 JavaThread "jar transforms Thread 6" [_thread_blocked, id=21308, stack(0x000000ab8e900000,0x000000ab8ea00000)]
  0x000002a9b65b39e0 JavaThread "jar transforms Thread 7" [_thread_blocked, id=24460, stack(0x000000ab8ea00000,0x000000ab8eb00000)]
  0x000002a9b65b85d0 JavaThread "jar transforms Thread 8" [_thread_blocked, id=23920, stack(0x000000ab8eb00000,0x000000ab8ec00000)]
  0x000002a9b65ba940 JavaThread "Cache worker for cache directory md-rule (C:\Users\saura\.gradle\caches\8.12\md-rule)" [_thread_blocked, id=11180, stack(0x000000ab8ee00000,0x000000ab8ef00000)]
  0x000002a9b65b76a0 JavaThread "Cache worker for cache directory md-supplier (C:\Users\saura\.gradle\caches\8.12\md-supplier)" [_thread_blocked, id=27200, stack(0x000000ab8ef00000,0x000000ab8f000000)]
  0x000002a9b65b8ae0 JavaThread "Cache worker for Build Output Cleanup Cache (C:\Users\saura\Desktop\SvindoApp\Svindo_VendorApp\node_modules\@react-native\gradle-plugin\.gradle\buildOutputCleanup)" [_thread_blocked, id=23284, stack(0x000000ab8f000000,0x000000ab8f100000)]
  0x000002a9b65b9f20 JavaThread "Unconstrained build operations" [_thread_blocked, id=25772, stack(0x000000ab8f100000,0x000000ab8f200000)]
  0x000002a9b65b8ff0 JavaThread "Unconstrained build operations Thread 2" [_thread_blocked, id=23532, stack(0x000000ab8f200000,0x000000ab8f300000)]
  0x000002a9b65b7bb0 JavaThread "Unconstrained build operations Thread 3" [_thread_blocked, id=4192, stack(0x000000ab8f300000,0x000000ab8f400000)]
  0x000002a9b65b9500 JavaThread "Unconstrained build operations Thread 4" [_thread_blocked, id=3608, stack(0x000000ab8f400000,0x000000ab8f500000)]
  0x000002a9b65b9a10 JavaThread "Unconstrained build operations Thread 5" [_thread_blocked, id=28172, stack(0x000000ab8f500000,0x000000ab8f600000)]
  0x000002a9b69a5840 JavaThread "Unconstrained build operations Thread 6" [_thread_blocked, id=25404, stack(0x000000ab8f600000,0x000000ab8f700000)]
  0x000002a9b69a7190 JavaThread "Unconstrained build operations Thread 7" [_thread_blocked, id=25372, stack(0x000000ab8b200000,0x000000ab8b300000)]
  0x000002a9b69a76a0 JavaThread "Unconstrained build operations Thread 8" [_thread_blocked, id=3292, stack(0x000000ab8b300000,0x000000ab8b400000)]
  0x000002a9b69a7bb0 JavaThread "Unconstrained build operations Thread 9" [_thread_blocked, id=26836, stack(0x000000ab8b400000,0x000000ab8b500000)]
  0x000002a9b69a6770 JavaThread "Unconstrained build operations Thread 10" [_thread_blocked, id=14412, stack(0x000000ab8f700000,0x000000ab8f800000)]
  0x000002a9b69a80c0 JavaThread "Unconstrained build operations Thread 11" [_thread_blocked, id=19116, stack(0x000000ab8f800000,0x000000ab8f900000)]
  0x000002a9b69a8ff0 JavaThread "Unconstrained build operations Thread 12" [_thread_blocked, id=21984, stack(0x000000ab8f900000,0x000000ab8fa00000)]
  0x000002a9b69a85d0 JavaThread "Unconstrained build operations Thread 13" [_thread_blocked, id=22784, stack(0x000000ab8fa00000,0x000000ab8fb00000)]
  0x000002a9b69a5d50 JavaThread "Unconstrained build operations Thread 14" [_thread_blocked, id=20280, stack(0x000000ab8fb00000,0x000000ab8fc00000)]
  0x000002a9b69a8ae0 JavaThread "Unconstrained build operations Thread 15" [_thread_blocked, id=28156, stack(0x000000ab8fc00000,0x000000ab8fd00000)]
  0x000002a9b69a6c80 JavaThread "Unconstrained build operations Thread 16" [_thread_blocked, id=21372, stack(0x000000ab8fd00000,0x000000ab8fe00000)]
  0x000002a9b6c9db80 JavaThread "Unconstrained build operations Thread 17" [_thread_blocked, id=5604, stack(0x000000ab8fe00000,0x000000ab8ff00000)]
  0x000002a9b6c9c230 JavaThread "Unconstrained build operations Thread 18" [_thread_blocked, id=22420, stack(0x000000ab8ff00000,0x000000ab90000000)]
  0x000002a9b6c9d670 JavaThread "Unconstrained build operations Thread 19" [_thread_blocked, id=22000, stack(0x000000ab90000000,0x000000ab90100000)]
  0x000002a9b6c9e090 JavaThread "Unconstrained build operations Thread 20" [_thread_blocked, id=25520, stack(0x000000ab90100000,0x000000ab90200000)]
  0x000002a9b6c9d160 JavaThread "Unconstrained build operations Thread 21" [_thread_blocked, id=8580, stack(0x000000ab90200000,0x000000ab90300000)]
  0x000002a9b6c9eab0 JavaThread "Unconstrained build operations Thread 22" [_thread_blocked, id=7780, stack(0x000000ab90300000,0x000000ab90400000)]
  0x000002a9b6c9e5a0 JavaThread "Unconstrained build operations Thread 23" [_thread_blocked, id=21104, stack(0x000000ab90400000,0x000000ab90500000)]
  0x000002a9b6c9efc0 JavaThread "Unconstrained build operations Thread 24" [_thread_blocked, id=11464, stack(0x000000ab90500000,0x000000ab90600000)]
  0x000002a9b6c9b810 JavaThread "Unconstrained build operations Thread 25" [_thread_blocked, id=25604, stack(0x000000ab90600000,0x000000ab90700000)]
  0x000002a9b6c9cc50 JavaThread "Unconstrained build operations Thread 26" [_thread_blocked, id=320, stack(0x000000ab90700000,0x000000ab90800000)]
  0x000002a9b6c9f4d0 JavaThread "Unconstrained build operations Thread 27" [_thread_blocked, id=26256, stack(0x000000ab90800000,0x000000ab90900000)]
  0x000002a9b6c9bd20 JavaThread "build event listener" [_thread_blocked, id=27288, stack(0x000000ab90900000,0x000000ab90a00000)]
  0x000002a9b6ca1d50 JavaThread "Memory manager" [_thread_blocked, id=27776, stack(0x000000ab90a00000,0x000000ab90b00000)]

Other Threads:
  0x000002a99517e3d0 VMThread "VM Thread" [stack: 0x000000ab8bb00000,0x000000ab8bc00000] [id=6048]
  0x000002a9953a2f60 WatcherThread [stack: 0x000000ab8c700000,0x000000ab8c800000] [id=18600]
  0x000002a9f6d3f120 GCTaskThread "GC Thread#0" [stack: 0x000000ab8b600000,0x000000ab8b700000] [id=26876]
  0x000002a995643f70 GCTaskThread "GC Thread#1" [stack: 0x000000ab8c800000,0x000000ab8c900000] [id=1268]
  0x000002a9959632b0 GCTaskThread "GC Thread#2" [stack: 0x000000ab8c900000,0x000000ab8ca00000] [id=5420]
  0x000002a99525ac10 GCTaskThread "GC Thread#3" [stack: 0x000000ab8ca00000,0x000000ab8cb00000] [id=25780]
  0x000002a99553fae0 GCTaskThread "GC Thread#4" [stack: 0x000000ab8cb00000,0x000000ab8cc00000] [id=20652]
  0x000002a9b5e9bcc0 GCTaskThread "GC Thread#5" [stack: 0x000000ab8d600000,0x000000ab8d700000] [id=20964]
  0x000002a9b5cfe020 GCTaskThread "GC Thread#6" [stack: 0x000000ab8d700000,0x000000ab8d800000] [id=26660]
  0x000002a9b5cfe2e0 GCTaskThread "GC Thread#7" [stack: 0x000000ab8d800000,0x000000ab8d900000] [id=10820]
  0x000002a9f6d4ff80 ConcurrentGCThread "G1 Main Marker" [stack: 0x000000ab8b700000,0x000000ab8b800000] [id=25692]
  0x000002a9f6d508b0 ConcurrentGCThread "G1 Conc#0" [stack: 0x000000ab8b800000,0x000000ab8b900000] [id=8920]
  0x000002a9b68ceb00 ConcurrentGCThread "G1 Conc#1" [stack: 0x000000ab8df00000,0x000000ab8e000000] [id=27896]
  0x000002a9f6d8e3f0 ConcurrentGCThread "G1 Refine#0" [stack: 0x000000ab8b900000,0x000000ab8ba00000] [id=24116]
  0x000002a995036050 ConcurrentGCThread "G1 Service" [stack: 0x000000ab8ba00000,0x000000ab8bb00000] [id=8280]

Threads with active compile tasks:
C2 CompilerThread0    98796 9171   !   4       java.net.URLClassLoader::findClass (47 bytes)

VM state: not at safepoint (normal execution)

VM Mutex/Monitor currently owned by a thread: None

Heap address: 0x0000000080000000, size: 2048 MB, Compressed Oops mode: 32-bit

CDS archive(s) mapped at: [0x000002a996000000-0x000002a996bb0000-0x000002a996bb0000), size 12255232, SharedBaseAddress: 0x000002a996000000, ArchiveRelocationMode: 1.
Compressed class space mapped at: 0x000002a997000000-0x000002a9b1000000, reserved size: 436207616
Narrow klass base: 0x000002a996000000, Narrow klass shift: 0, Narrow klass range: 0x100000000

GC Precious Log:
 CPUs: 8 total, 8 available
 Memory: 6088M
 Large Page Support: Disabled
 NUMA Support: Disabled
 Compressed Oops: Enabled (32-bit)
 Heap Region Size: 1M
 Heap Min Capacity: 8M
 Heap Initial Capacity: 96M
 Heap Max Capacity: 2G
 Pre-touch: Disabled
 Parallel Workers: 8
 Concurrent Workers: 2
 Concurrent Refinement Workers: 8
 Periodic GC: Disabled

Heap:
 garbage-first heap   total 134144K, used 68746K [0x0000000080000000, 0x0000000100000000)
  region size 1024K, 5 young (5120K), 3 survivors (3072K)
 Metaspace       used 69227K, committed 70144K, reserved 491520K
  class space    used 9732K, committed 10176K, reserved 425984K

Heap Regions: E=young(eden), S=young(survivor), O=old, HS=humongous(starts), HC=humongous(continues), CS=collection set, F=free, OA=open archive, CA=closed archive, TAMS=top-at-mark-start (previous, next)
|   0|0x0000000080000000, 0x0000000080100000, 0x0000000080100000|100%| O|  |TAMS 0x0000000080100000, 0x0000000080000000| Untracked 
|   1|0x0000000080100000, 0x0000000080200000, 0x0000000080200000|100%|HS|  |TAMS 0x0000000080200000, 0x0000000080100000| Complete 
|   2|0x0000000080200000, 0x0000000080300000, 0x0000000080300000|100%|HC|  |TAMS 0x0000000080300000, 0x0000000080200000| Complete 
|   3|0x0000000080300000, 0x0000000080400000, 0x0000000080400000|100%|HC|  |TAMS 0x0000000080400000, 0x0000000080300000| Complete 
|   4|0x0000000080400000, 0x0000000080500000, 0x0000000080500000|100%| O|  |TAMS 0x0000000080500000, 0x0000000080400000| Untracked 
|   5|0x0000000080500000, 0x0000000080600000, 0x0000000080600000|100%| O|  |TAMS 0x0000000080600000, 0x0000000080500000| Untracked 
|   6|0x0000000080600000, 0x0000000080700000, 0x0000000080700000|100%| O|  |TAMS 0x0000000080700000, 0x0000000080600000| Untracked 
|   7|0x0000000080700000, 0x0000000080800000, 0x0000000080800000|100%|HS|  |TAMS 0x0000000080800000, 0x0000000080700000| Complete 
|   8|0x0000000080800000, 0x0000000080900000, 0x0000000080900000|100%| O|  |TAMS 0x0000000080900000, 0x0000000080800000| Untracked 
|   9|0x0000000080900000, 0x0000000080a00000, 0x0000000080a00000|100%| O|  |TAMS 0x0000000080a00000, 0x0000000080900000| Untracked 
|  10|0x0000000080a00000, 0x0000000080b00000, 0x0000000080b00000|100%| O|  |TAMS 0x0000000080b00000, 0x0000000080a00000| Untracked 
|  11|0x0000000080b00000, 0x0000000080c00000, 0x0000000080c00000|100%| O|  |TAMS 0x0000000080c00000, 0x0000000080b00000| Untracked 
|  12|0x0000000080c00000, 0x0000000080d00000, 0x0000000080d00000|100%| O|  |TAMS 0x0000000080d00000, 0x0000000080c00000| Untracked 
|  13|0x0000000080d00000, 0x0000000080e00000, 0x0000000080e00000|100%| O|  |TAMS 0x0000000080e00000, 0x0000000080d00000| Untracked 
|  14|0x0000000080e00000, 0x0000000080f00000, 0x0000000080f00000|100%| O|  |TAMS 0x0000000080f00000, 0x0000000080e00000| Untracked 
|  15|0x0000000080f00000, 0x0000000081000000, 0x0000000081000000|100%| O|  |TAMS 0x0000000081000000, 0x0000000080f00000| Untracked 
|  16|0x0000000081000000, 0x0000000081100000, 0x0000000081100000|100%| O|  |TAMS 0x0000000081100000, 0x0000000081000000| Untracked 
|  17|0x0000000081100000, 0x0000000081200000, 0x0000000081200000|100%| O|  |TAMS 0x0000000081200000, 0x0000000081100000| Untracked 
|  18|0x0000000081200000, 0x0000000081300000, 0x0000000081300000|100%| O|  |TAMS 0x0000000081300000, 0x0000000081200000| Untracked 
|  19|0x0000000081300000, 0x0000000081400000, 0x0000000081400000|100%| O|  |TAMS 0x0000000081400000, 0x0000000081300000| Untracked 
|  20|0x0000000081400000, 0x0000000081500000, 0x0000000081500000|100%| O|  |TAMS 0x0000000081500000, 0x0000000081400000| Untracked 
|  21|0x0000000081500000, 0x0000000081600000, 0x0000000081600000|100%| O|  |TAMS 0x0000000081600000, 0x0000000081500000| Untracked 
|  22|0x0000000081600000, 0x0000000081700000, 0x0000000081700000|100%| O|  |TAMS 0x0000000081700000, 0x0000000081600000| Untracked 
|  23|0x0000000081700000, 0x0000000081800000, 0x0000000081800000|100%| O|  |TAMS 0x0000000081800000, 0x0000000081700000| Untracked 
|  24|0x0000000081800000, 0x0000000081900000, 0x0000000081900000|100%| O|  |TAMS 0x0000000081900000, 0x0000000081800000| Untracked 
|  25|0x0000000081900000, 0x0000000081a00000, 0x0000000081a00000|100%| O|  |TAMS 0x0000000081a00000, 0x0000000081900000| Untracked 
|  26|0x0000000081a00000, 0x0000000081b00000, 0x0000000081b00000|100%| O|  |TAMS 0x0000000081b00000, 0x0000000081a00000| Untracked 
|  27|0x0000000081b00000, 0x0000000081c00000, 0x0000000081c00000|100%| O|  |TAMS 0x0000000081c00000, 0x0000000081b00000| Untracked 
|  28|0x0000000081c00000, 0x0000000081d00000, 0x0000000081d00000|100%| O|  |TAMS 0x0000000081d00000, 0x0000000081c00000| Untracked 
|  29|0x0000000081d00000, 0x0000000081e00000, 0x0000000081e00000|100%| O|  |TAMS 0x0000000081e00000, 0x0000000081d00000| Untracked 
|  30|0x0000000081e00000, 0x0000000081f00000, 0x0000000081f00000|100%| O|  |TAMS 0x0000000081f00000, 0x0000000081e00000| Untracked 
|  31|0x0000000081f00000, 0x0000000082000000, 0x0000000082000000|100%| O|  |TAMS 0x0000000082000000, 0x0000000081f00000| Untracked 
|  32|0x0000000082000000, 0x0000000082100000, 0x0000000082100000|100%| O|  |TAMS 0x0000000082100000, 0x0000000082000000| Untracked 
|  33|0x0000000082100000, 0x0000000082200000, 0x0000000082200000|100%| O|  |TAMS 0x0000000082200000, 0x0000000082100000| Untracked 
|  34|0x0000000082200000, 0x0000000082300000, 0x0000000082300000|100%| O|  |TAMS 0x0000000082300000, 0x0000000082200000| Untracked 
|  35|0x0000000082300000, 0x0000000082400000, 0x0000000082400000|100%| O|  |TAMS 0x0000000082400000, 0x0000000082300000| Untracked 
|  36|0x0000000082400000, 0x0000000082500000, 0x0000000082500000|100%| O|  |TAMS 0x0000000082500000, 0x0000000082400000| Untracked 
|  37|0x0000000082500000, 0x0000000082600000, 0x0000000082600000|100%| O|  |TAMS 0x0000000082600000, 0x0000000082500000| Untracked 
|  38|0x0000000082600000, 0x0000000082700000, 0x0000000082700000|100%| O|  |TAMS 0x0000000082700000, 0x0000000082600000| Untracked 
|  39|0x0000000082700000, 0x0000000082800000, 0x0000000082800000|100%| O|  |TAMS 0x0000000082800000, 0x0000000082700000| Untracked 
|  40|0x0000000082800000, 0x0000000082900000, 0x0000000082900000|100%| O|  |TAMS 0x00000000828c6a00, 0x0000000082800000| Untracked 
|  41|0x0000000082900000, 0x0000000082a00000, 0x0000000082a00000|100%| O|  |TAMS 0x0000000082a00000, 0x0000000082900000| Untracked 
|  42|0x0000000082a00000, 0x0000000082b00000, 0x0000000082b00000|100%| O|  |TAMS 0x0000000082b00000, 0x0000000082a00000| Untracked 
|  43|0x0000000082b00000, 0x0000000082c00000, 0x0000000082c00000|100%| O|  |TAMS 0x0000000082c00000, 0x0000000082b00000| Untracked 
|  44|0x0000000082c00000, 0x0000000082d00000, 0x0000000082d00000|100%| O|  |TAMS 0x0000000082c00000, 0x0000000082c00000| Untracked 
|  45|0x0000000082d00000, 0x0000000082e00000, 0x0000000082e00000|100%| O|  |TAMS 0x0000000082e00000, 0x0000000082d00000| Untracked 
|  46|0x0000000082e00000, 0x0000000082f00000, 0x0000000082f00000|100%| O|  |TAMS 0x0000000082f00000, 0x0000000082e00000| Untracked 
|  47|0x0000000082f00000, 0x0000000082f00000, 0x0000000083000000|  0%| F|  |TAMS 0x0000000082f00000, 0x0000000082f00000| Untracked 
|  48|0x0000000083000000, 0x0000000083100000, 0x0000000083100000|100%| O|  |TAMS 0x0000000083000000, 0x0000000083000000| Untracked 
|  49|0x0000000083100000, 0x0000000083200000, 0x0000000083200000|100%|HS|  |TAMS 0x0000000083200000, 0x0000000083100000| Complete 
|  50|0x0000000083200000, 0x0000000083300000, 0x0000000083300000|100%|HC|  |TAMS 0x0000000083300000, 0x0000000083200000| Complete 
|  51|0x0000000083300000, 0x0000000083400000, 0x0000000083400000|100%|HS|  |TAMS 0x0000000083400000, 0x0000000083300000| Complete 
|  52|0x0000000083400000, 0x0000000083500000, 0x0000000083500000|100%|HC|  |TAMS 0x0000000083500000, 0x0000000083400000| Complete 
|  53|0x0000000083500000, 0x0000000083600000, 0x0000000083600000|100%|HC|  |TAMS 0x0000000083600000, 0x0000000083500000| Complete 
|  54|0x0000000083600000, 0x0000000083700000, 0x0000000083700000|100%|HS|  |TAMS 0x0000000083700000, 0x0000000083600000| Complete 
|  55|0x0000000083700000, 0x0000000083800000, 0x0000000083800000|100%|HC|  |TAMS 0x0000000083800000, 0x0000000083700000| Complete 
|  56|0x0000000083800000, 0x0000000083900000, 0x0000000083900000|100%| O|  |TAMS 0x0000000083900000, 0x0000000083800000| Untracked 
|  57|0x0000000083900000, 0x0000000083a00000, 0x0000000083a00000|100%| O|  |TAMS 0x0000000083a00000, 0x0000000083900000| Untracked 
|  58|0x0000000083a00000, 0x0000000083b00000, 0x0000000083b00000|100%| O|  |TAMS 0x0000000083b00000, 0x0000000083a00000| Untracked 
|  59|0x0000000083b00000, 0x0000000083c00000, 0x0000000083c00000|100%| O|  |TAMS 0x0000000083c00000, 0x0000000083b00000| Untracked 
|  60|0x0000000083c00000, 0x0000000083d00000, 0x0000000083d00000|100%| O|  |TAMS 0x0000000083d00000, 0x0000000083c00000| Untracked 
|  61|0x0000000083d00000, 0x0000000083e00000, 0x0000000083e00000|100%|HS|  |TAMS 0x0000000083e00000, 0x0000000083d00000| Complete 
|  62|0x0000000083e00000, 0x0000000083f00000, 0x0000000083f00000|100%|HC|  |TAMS 0x0000000083f00000, 0x0000000083e00000| Complete 
|  63|0x0000000083f00000, 0x0000000084000000, 0x0000000084000000|100%|HC|  |TAMS 0x0000000084000000, 0x0000000083f00000| Complete 
|  64|0x0000000084000000, 0x0000000084100000, 0x0000000084100000|100%| O|  |TAMS 0x0000000084000000, 0x0000000084000000| Untracked 
|  65|0x0000000084100000, 0x000000008411e000, 0x0000000084200000| 11%| O|  |TAMS 0x0000000084100000, 0x0000000084100000| Untracked 
|  66|0x0000000084200000, 0x0000000084200000, 0x0000000084300000|  0%| F|  |TAMS 0x0000000084200000, 0x0000000084200000| Untracked 
|  67|0x0000000084300000, 0x0000000084300000, 0x0000000084400000|  0%| F|  |TAMS 0x0000000084300000, 0x0000000084300000| Untracked 
|  68|0x0000000084400000, 0x0000000084400000, 0x0000000084500000|  0%| F|  |TAMS 0x0000000084400000, 0x0000000084400000| Untracked 
|  69|0x0000000084500000, 0x0000000084500000, 0x0000000084600000|  0%| F|  |TAMS 0x0000000084500000, 0x0000000084500000| Untracked 
|  70|0x0000000084600000, 0x0000000084600000, 0x0000000084700000|  0%| F|  |TAMS 0x0000000084600000, 0x0000000084600000| Untracked 
|  71|0x0000000084700000, 0x0000000084700000, 0x0000000084800000|  0%| F|  |TAMS 0x0000000084700000, 0x0000000084700000| Untracked 
|  72|0x0000000084800000, 0x0000000084800000, 0x0000000084900000|  0%| F|  |TAMS 0x0000000084800000, 0x0000000084800000| Untracked 
|  73|0x0000000084900000, 0x0000000084900000, 0x0000000084a00000|  0%| F|  |TAMS 0x0000000084900000, 0x0000000084900000| Untracked 
|  74|0x0000000084a00000, 0x0000000084a00000, 0x0000000084b00000|  0%| F|  |TAMS 0x0000000084a00000, 0x0000000084a00000| Untracked 
|  75|0x0000000084b00000, 0x0000000084b00000, 0x0000000084c00000|  0%| F|  |TAMS 0x0000000084b00000, 0x0000000084b00000| Untracked 
|  76|0x0000000084c00000, 0x0000000084c00000, 0x0000000084d00000|  0%| F|  |TAMS 0x0000000084c00000, 0x0000000084c00000| Untracked 
|  77|0x0000000084d00000, 0x0000000084d00000, 0x0000000084e00000|  0%| F|  |TAMS 0x0000000084d00000, 0x0000000084d00000| Untracked 
|  78|0x0000000084e00000, 0x0000000084e00000, 0x0000000084f00000|  0%| F|  |TAMS 0x0000000084e00000, 0x0000000084e00000| Untracked 
|  79|0x0000000084f00000, 0x0000000084f00000, 0x0000000085000000|  0%| F|  |TAMS 0x0000000084f00000, 0x0000000084f00000| Untracked 
|  80|0x0000000085000000, 0x0000000085000000, 0x0000000085100000|  0%| F|  |TAMS 0x0000000085000000, 0x0000000085000000| Untracked 
|  81|0x0000000085100000, 0x0000000085100000, 0x0000000085200000|  0%| F|  |TAMS 0x0000000085100000, 0x0000000085100000| Untracked 
|  82|0x0000000085200000, 0x0000000085200000, 0x0000000085300000|  0%| F|  |TAMS 0x0000000085200000, 0x0000000085200000| Untracked 
|  83|0x0000000085300000, 0x0000000085304bf8, 0x0000000085400000|  1%| S|CS|TAMS 0x0000000085300000, 0x0000000085300000| Complete 
|  84|0x0000000085400000, 0x0000000085500000, 0x0000000085500000|100%| S|CS|TAMS 0x0000000085400000, 0x0000000085400000| Complete 
|  85|0x0000000085500000, 0x0000000085600000, 0x0000000085600000|100%| S|CS|TAMS 0x0000000085500000, 0x0000000085500000| Complete 
|  86|0x0000000085600000, 0x0000000085600000, 0x0000000085700000|  0%| F|  |TAMS 0x0000000085600000, 0x0000000085600000| Untracked 
|  87|0x0000000085700000, 0x0000000085700000, 0x0000000085800000|  0%| F|  |TAMS 0x0000000085700000, 0x0000000085700000| Untracked 
|  88|0x0000000085800000, 0x0000000085800000, 0x0000000085900000|  0%| F|  |TAMS 0x0000000085800000, 0x0000000085800000| Untracked 
|  89|0x0000000085900000, 0x0000000085900000, 0x0000000085a00000|  0%| F|  |TAMS 0x0000000085900000, 0x0000000085900000| Untracked 
|  90|0x0000000085a00000, 0x0000000085a00000, 0x0000000085b00000|  0%| F|  |TAMS 0x0000000085a00000, 0x0000000085a00000| Untracked 
|  91|0x0000000085b00000, 0x0000000085b00000, 0x0000000085c00000|  0%| F|  |TAMS 0x0000000085b00000, 0x0000000085b00000| Untracked 
|  92|0x0000000085c00000, 0x0000000085c00000, 0x0000000085d00000|  0%| F|  |TAMS 0x0000000085c00000, 0x0000000085c00000| Untracked 
|  93|0x0000000085d00000, 0x0000000085d00000, 0x0000000085e00000|  0%| F|  |TAMS 0x0000000085d00000, 0x0000000085d00000| Untracked 
|  94|0x0000000085e00000, 0x0000000085e00000, 0x0000000085f00000|  0%| F|  |TAMS 0x0000000085e00000, 0x0000000085e00000| Untracked 
|  95|0x0000000085f00000, 0x0000000085f00000, 0x0000000086000000|  0%| F|  |TAMS 0x0000000085f00000, 0x0000000085f00000| Untracked 
|  96|0x0000000086000000, 0x0000000086000000, 0x0000000086100000|  0%| F|  |TAMS 0x0000000086000000, 0x0000000086000000| Untracked 
|  97|0x0000000086100000, 0x0000000086100000, 0x0000000086200000|  0%| F|  |TAMS 0x0000000086100000, 0x0000000086100000| Untracked 
|  98|0x0000000086200000, 0x0000000086200000, 0x0000000086300000|  0%| F|  |TAMS 0x0000000086200000, 0x0000000086200000| Untracked 
|  99|0x0000000086300000, 0x0000000086300000, 0x0000000086400000|  0%| F|  |TAMS 0x0000000086300000, 0x0000000086300000| Untracked 
| 100|0x0000000086400000, 0x0000000086400000, 0x0000000086500000|  0%| F|  |TAMS 0x0000000086400000, 0x0000000086400000| Untracked 
| 101|0x0000000086500000, 0x0000000086500000, 0x0000000086600000|  0%| F|  |TAMS 0x0000000086500000, 0x0000000086500000| Untracked 
| 102|0x0000000086600000, 0x0000000086600000, 0x0000000086700000|  0%| F|  |TAMS 0x0000000086600000, 0x0000000086600000| Untracked 
| 103|0x0000000086700000, 0x0000000086700000, 0x0000000086800000|  0%| F|  |TAMS 0x0000000086700000, 0x0000000086700000| Untracked 
| 104|0x0000000086800000, 0x0000000086800000, 0x0000000086900000|  0%| F|  |TAMS 0x0000000086800000, 0x0000000086800000| Untracked 
| 105|0x0000000086900000, 0x0000000086900000, 0x0000000086a00000|  0%| F|  |TAMS 0x0000000086900000, 0x0000000086900000| Untracked 
| 106|0x0000000086a00000, 0x0000000086a00000, 0x0000000086b00000|  0%| F|  |TAMS 0x0000000086a00000, 0x0000000086a00000| Untracked 
| 107|0x0000000086b00000, 0x0000000086b00000, 0x0000000086c00000|  0%| F|  |TAMS 0x0000000086b00000, 0x0000000086b00000| Untracked 
| 108|0x0000000086c00000, 0x0000000086c00000, 0x0000000086d00000|  0%| F|  |TAMS 0x0000000086c00000, 0x0000000086c00000| Untracked 
| 109|0x0000000086d00000, 0x0000000086d00000, 0x0000000086e00000|  0%| F|  |TAMS 0x0000000086d00000, 0x0000000086d00000| Untracked 
| 110|0x0000000086e00000, 0x0000000086e00000, 0x0000000086f00000|  0%| F|  |TAMS 0x0000000086e00000, 0x0000000086e00000| Untracked 
| 111|0x0000000086f00000, 0x0000000086f00000, 0x0000000087000000|  0%| F|  |TAMS 0x0000000086f00000, 0x0000000086f00000| Untracked 
| 112|0x0000000087000000, 0x0000000087000000, 0x0000000087100000|  0%| F|  |TAMS 0x0000000087000000, 0x0000000087000000| Untracked 
| 113|0x0000000087100000, 0x0000000087100000, 0x0000000087200000|  0%| F|  |TAMS 0x0000000087100000, 0x0000000087100000| Untracked 
| 114|0x0000000087200000, 0x0000000087200000, 0x0000000087300000|  0%| F|  |TAMS 0x0000000087200000, 0x0000000087200000| Untracked 
| 115|0x0000000087300000, 0x0000000087300000, 0x0000000087400000|  0%| F|  |TAMS 0x0000000087300000, 0x0000000087300000| Untracked 
| 116|0x0000000087400000, 0x0000000087400000, 0x0000000087500000|  0%| F|  |TAMS 0x0000000087400000, 0x0000000087400000| Untracked 
| 117|0x0000000087500000, 0x0000000087500000, 0x0000000087600000|  0%| F|  |TAMS 0x0000000087500000, 0x0000000087500000| Untracked 
| 118|0x0000000087600000, 0x0000000087600000, 0x0000000087700000|  0%| F|  |TAMS 0x0000000087600000, 0x0000000087600000| Untracked 
| 119|0x0000000087700000, 0x0000000087700000, 0x0000000087800000|  0%| F|  |TAMS 0x0000000087700000, 0x0000000087700000| Untracked 
| 120|0x0000000087800000, 0x0000000087800000, 0x0000000087900000|  0%| F|  |TAMS 0x0000000087800000, 0x0000000087800000| Untracked 
| 121|0x0000000087900000, 0x0000000087900000, 0x0000000087a00000|  0%| F|  |TAMS 0x0000000087900000, 0x0000000087900000| Untracked 
| 122|0x0000000087a00000, 0x0000000087a00000, 0x0000000087b00000|  0%| F|  |TAMS 0x0000000087a00000, 0x0000000087a00000| Untracked 
| 123|0x0000000087b00000, 0x0000000087b00000, 0x0000000087c00000|  0%| F|  |TAMS 0x0000000087b00000, 0x0000000087b00000| Untracked 
| 124|0x0000000087c00000, 0x0000000087c00000, 0x0000000087d00000|  0%| F|  |TAMS 0x0000000087c00000, 0x0000000087c00000| Untracked 
| 125|0x0000000087d00000, 0x0000000087d00000, 0x0000000087e00000|  0%| F|  |TAMS 0x0000000087d00000, 0x0000000087d00000| Untracked 
| 126|0x0000000087e00000, 0x0000000087e00000, 0x0000000087f00000|  0%| F|  |TAMS 0x0000000087e00000, 0x0000000087e00000| Untracked 
| 127|0x0000000087f00000, 0x0000000087f00000, 0x0000000088000000|  0%| F|  |TAMS 0x0000000087f00000, 0x0000000087f00000| Untracked 
| 128|0x0000000088000000, 0x0000000088000000, 0x0000000088100000|  0%| F|  |TAMS 0x0000000088000000, 0x0000000088000000| Untracked 
| 129|0x0000000088100000, 0x00000000881834a0, 0x0000000088200000| 51%| E|  |TAMS 0x0000000088100000, 0x0000000088100000| Complete 
| 130|0x0000000088200000, 0x0000000088300000, 0x0000000088300000|100%| E|CS|TAMS 0x0000000088200000, 0x0000000088200000| Complete 

Card table byte_map: [0x000002a9fef40000,0x000002a9ff340000] _byte_map_base: 0x000002a9feb40000

Marking Bits (Prev, Next): (CMBitMap*) 0x000002a9f6d3f690, (CMBitMap*) 0x000002a9f6d3f650
 Prev Bits: [0x000002a991000000, 0x000002a993000000)
 Next Bits: [0x000002a98f000000, 0x000002a991000000)

Polling page: 0x000002a9f6490000

Metaspace:

Usage:
  Non-class:     58.10 MB used.
      Class:      9.51 MB used.
       Both:     67.61 MB used.

Virtual space:
  Non-class space:       64.00 MB reserved,      58.56 MB ( 92%) committed,  1 nodes.
      Class space:      416.00 MB reserved,       9.94 MB (  2%) committed,  1 nodes.
             Both:      480.00 MB reserved,      68.50 MB ( 14%) committed. 

Chunk freelists:
   Non-Class:  4.97 MB
       Class:  6.05 MB
        Both:  11.02 MB

MaxMetaspaceSize: 512.00 MB
CompressedClassSpaceSize: 416.00 MB
Initial GC threshold: 21.00 MB
Current GC threshold: 108.88 MB
CDS: on
MetaspaceReclaimPolicy: balanced
 - commit_granule_bytes: 65536.
 - commit_granule_words: 8192.
 - virtual_space_node_default_size: 8388608.
 - enlarge_chunks_in_place: 1.
 - new_chunks_are_fully_committed: 0.
 - uncommit_free_chunks: 1.
 - use_allocation_guard: 0.
 - handle_deallocations: 1.


Internal statistics:

num_allocs_failed_limit: 6.
num_arena_births: 1140.
num_arena_deaths: 0.
num_vsnodes_births: 2.
num_vsnodes_deaths: 0.
num_space_committed: 1096.
num_space_uncommitted: 0.
num_chunks_returned_to_freelist: 6.
num_chunks_taken_from_freelist: 4186.
num_chunk_merges: 6.
num_chunk_splits: 2635.
num_chunks_enlarged: 1599.
num_inconsistent_stats: 0.

CodeHeap 'non-profiled nmethods': size=120000Kb used=4900Kb max_used=4900Kb free=115099Kb
 bounds [0x000002a987ad0000, 0x000002a987fa0000, 0x000002a98f000000]
CodeHeap 'profiled nmethods': size=120000Kb used=16918Kb max_used=16918Kb free=103082Kb
 bounds [0x000002a980000000, 0x000002a981090000, 0x000002a987530000]
CodeHeap 'non-nmethods': size=5760Kb used=2378Kb max_used=2425Kb free=3381Kb
 bounds [0x000002a987530000, 0x000002a9877a0000, 0x000002a987ad0000]
 total_blobs=9382 nmethods=8474 adapters=820
 compilation: enabled
              stopped_count=0, restarted_count=0
 full_count=0

Compilation events (20 events):
Event: 97.161 Thread 0x000002a9951a2790 9290       3       com.google.common.collect.MultimapBuilder$LinkedHashSetSupplier::get (5 bytes)
Event: 97.162 Thread 0x000002a9951a2790 nmethod 9290 0x000002a98107ff10 code [0x000002a981080100, 0x000002a981080478]
Event: 97.162 Thread 0x000002a9951a2790 9291       3       com.google.common.collect.MultimapBuilder$LinkedHashSetSupplier::get (8 bytes)
Event: 97.162 Thread 0x000002a9951a2790 nmethod 9291 0x000002a981080610 code [0x000002a981080800, 0x000002a981080b18]
Event: 97.162 Thread 0x000002a9951a2790 9292       3       com.google.common.collect.Platform::newLinkedHashSetWithExpectedSize (5 bytes)
Event: 97.163 Thread 0x000002a9951a2790 nmethod 9292 0x000002a981080c90 code [0x000002a981080e80, 0x000002a9810810f8]
Event: 97.163 Thread 0x000002a9951a2790 9286       3       org.gradle.internal.reflect.annotations.impl.DefaultTypeAnnotationMetadataStore::lambda$getOrCreatePropertyBuilder$3 (12 bytes)
Event: 97.163 Thread 0x000002a9951a2790 nmethod 9286 0x000002a981081210 code [0x000002a9810813c0, 0x000002a981081708]
Event: 97.163 Thread 0x000002a9951a2790 9282       3       com.google.common.collect.MultimapBuilder$ArrayListSupplier::<init> (15 bytes)
Event: 97.164 Thread 0x000002a9951a2790 nmethod 9282 0x000002a981081890 code [0x000002a981081a40, 0x000002a981081be8]
Event: 97.164 Thread 0x000002a9951a2790 9283       3       com.google.common.collect.Multimaps::newListMultimap (10 bytes)
Event: 97.165 Thread 0x000002a9951a2790 nmethod 9283 0x000002a981081d10 code [0x000002a981081f40, 0x000002a9810827e8]
Event: 97.165 Thread 0x000002a9951a2790 9284       3       com.google.common.collect.Multimaps$CustomListMultimap::<init> (17 bytes)
Event: 97.166 Thread 0x000002a9951a2790 nmethod 9284 0x000002a981082b10 code [0x000002a981082d20, 0x000002a981083508]
Event: 97.254 Thread 0x000002a9951a2790 9293       3       java.lang.ClassLoader::getSystemClassLoader (96 bytes)
Event: 97.256 Thread 0x000002a9951a2790 nmethod 9293 0x000002a981083790 code [0x000002a981083a00, 0x000002a9810845c8]
Event: 97.316 Thread 0x000002a9951a2790 9294       1       org.gradle.internal.extensibility.DefaultConvention::getExtensionsAsDynamicObject (5 bytes)
Event: 97.316 Thread 0x000002a9951a2790 nmethod 9294 0x000002a987f98e10 code [0x000002a987f98fa0, 0x000002a987f99078]
Event: 97.550 Thread 0x000002a9951a2790 9295       2       com.google.common.collect.ImmutableMapEntry$NonTerminalImmutableMapEntry::<init> (12 bytes)
Event: 97.551 Thread 0x000002a9951a2790 nmethod 9295 0x000002a981084990 code [0x000002a981084b40, 0x000002a981084da8]

GC Heap History (20 events):
Event: 78.871 GC heap after
{Heap after GC invocations=24 (full 0):
 garbage-first heap   total 91136K, used 59861K [0x0000000080000000, 0x0000000100000000)
  region size 1024K, 1 young (1024K), 1 survivors (1024K)
 Metaspace       used 57639K, committed 58368K, reserved 491520K
  class space    used 8048K, committed 8384K, reserved 425984K
}
Event: 81.910 GC heap before
{Heap before GC invocations=24 (full 0):
 garbage-first heap   total 91136K, used 74197K [0x0000000080000000, 0x0000000100000000)
  region size 1024K, 15 young (15360K), 1 survivors (1024K)
 Metaspace       used 59417K, committed 60160K, reserved 491520K
  class space    used 8283K, committed 8640K, reserved 425984K
}
Event: 81.914 GC heap after
{Heap after GC invocations=25 (full 0):
 garbage-first heap   total 91136K, used 60316K [0x0000000080000000, 0x0000000100000000)
  region size 1024K, 1 young (1024K), 1 survivors (1024K)
 Metaspace       used 59417K, committed 60160K, reserved 491520K
  class space    used 8283K, committed 8640K, reserved 425984K
}
Event: 82.995 GC heap before
{Heap before GC invocations=26 (full 0):
 garbage-first heap   total 104448K, used 74652K [0x0000000080000000, 0x0000000100000000)
  region size 1024K, 15 young (15360K), 1 survivors (1024K)
 Metaspace       used 60322K, committed 61056K, reserved 491520K
  class space    used 8413K, committed 8768K, reserved 425984K
}
Event: 82.998 GC heap after
{Heap after GC invocations=27 (full 0):
 garbage-first heap   total 104448K, used 60735K [0x0000000080000000, 0x0000000100000000)
  region size 1024K, 2 young (2048K), 2 survivors (2048K)
 Metaspace       used 60322K, committed 61056K, reserved 491520K
  class space    used 8413K, committed 8768K, reserved 425984K
}
Event: 83.096 GC heap before
{Heap before GC invocations=27 (full 0):
 garbage-first heap   total 104448K, used 63807K [0x0000000080000000, 0x0000000100000000)
  region size 1024K, 5 young (5120K), 2 survivors (2048K)
 Metaspace       used 60513K, committed 61312K, reserved 491520K
  class space    used 8439K, committed 8832K, reserved 425984K
}
Event: 83.102 GC heap after
{Heap after GC invocations=28 (full 0):
 garbage-first heap   total 104448K, used 59011K [0x0000000080000000, 0x0000000100000000)
  region size 1024K, 1 young (1024K), 1 survivors (1024K)
 Metaspace       used 60513K, committed 61312K, reserved 491520K
  class space    used 8439K, committed 8832K, reserved 425984K
}
Event: 84.954 GC heap before
{Heap before GC invocations=28 (full 0):
 garbage-first heap   total 104448K, used 84611K [0x0000000080000000, 0x0000000100000000)
  region size 1024K, 27 young (27648K), 1 survivors (1024K)
 Metaspace       used 62301K, committed 63040K, reserved 491520K
  class space    used 8668K, committed 9024K, reserved 425984K
}
Event: 84.959 GC heap after
{Heap after GC invocations=29 (full 0):
 garbage-first heap   total 104448K, used 59940K [0x0000000080000000, 0x0000000100000000)
  region size 1024K, 2 young (2048K), 2 survivors (2048K)
 Metaspace       used 62301K, committed 63040K, reserved 491520K
  class space    used 8668K, committed 9024K, reserved 425984K
}
Event: 87.157 GC heap before
{Heap before GC invocations=30 (full 0):
 garbage-first heap   total 104448K, used 85540K [0x0000000080000000, 0x0000000100000000)
  region size 1024K, 27 young (27648K), 2 survivors (2048K)
 Metaspace       used 64569K, committed 65344K, reserved 491520K
  class space    used 9076K, committed 9408K, reserved 425984K
}
Event: 87.163 GC heap after
{Heap after GC invocations=31 (full 0):
 garbage-first heap   total 104448K, used 60792K [0x0000000080000000, 0x0000000100000000)
  region size 1024K, 3 young (3072K), 3 survivors (3072K)
 Metaspace       used 64569K, committed 65344K, reserved 491520K
  class space    used 9076K, committed 9408K, reserved 425984K
}
Event: 87.318 GC heap before
{Heap before GC invocations=31 (full 0):
 garbage-first heap   total 104448K, used 61816K [0x0000000080000000, 0x0000000100000000)
  region size 1024K, 5 young (5120K), 3 survivors (3072K)
 Metaspace       used 64645K, committed 65472K, reserved 491520K
  class space    used 9092K, committed 9472K, reserved 425984K
}
Event: 87.324 GC heap after
{Heap after GC invocations=32 (full 0):
 garbage-first heap   total 104448K, used 60593K [0x0000000080000000, 0x0000000100000000)
  region size 1024K, 1 young (1024K), 1 survivors (1024K)
 Metaspace       used 64645K, committed 65472K, reserved 491520K
  class space    used 9092K, committed 9472K, reserved 425984K
}
Event: 88.880 GC heap before
{Heap before GC invocations=32 (full 0):
 garbage-first heap   total 104448K, used 90289K [0x0000000080000000, 0x0000000100000000)
  region size 1024K, 27 young (27648K), 1 survivors (1024K)
 Metaspace       used 66071K, committed 66816K, reserved 491520K
  class space    used 9298K, committed 9664K, reserved 425984K
}
Event: 88.885 GC heap after
{Heap after GC invocations=33 (full 0):
 garbage-first heap   total 134144K, used 64256K [0x0000000080000000, 0x0000000100000000)
  region size 1024K, 1 young (1024K), 1 survivors (1024K)
 Metaspace       used 66071K, committed 66816K, reserved 491520K
  class space    used 9298K, committed 9664K, reserved 425984K
}
Event: 92.453 GC heap before
{Heap before GC invocations=34 (full 0):
 garbage-first heap   total 134144K, used 112384K [0x0000000080000000, 0x0000000100000000)
  region size 1024K, 48 young (49152K), 1 survivors (1024K)
 Metaspace       used 67769K, committed 68544K, reserved 491520K
  class space    used 9548K, committed 9920K, reserved 425984K
}
Event: 92.460 GC heap after
{Heap after GC invocations=35 (full 0):
 garbage-first heap   total 134144K, used 66540K [0x0000000080000000, 0x0000000100000000)
  region size 1024K, 4 young (4096K), 4 survivors (4096K)
 Metaspace       used 67769K, committed 68544K, reserved 491520K
  class space    used 9548K, committed 9920K, reserved 425984K
}
Event: 92.856 GC heap before
{Heap before GC invocations=35 (full 0):
 garbage-first heap   total 134144K, used 68588K [0x0000000080000000, 0x0000000100000000)
  region size 1024K, 6 young (6144K), 4 survivors (4096K)
 Metaspace       used 67800K, committed 68544K, reserved 491520K
  class space    used 9548K, committed 9920K, reserved 425984K
}
Event: 92.867 GC heap after
{Heap after GC invocations=36 (full 0):
 garbage-first heap   total 134144K, used 66155K [0x0000000080000000, 0x0000000100000000)
  region size 1024K, 1 young (1024K), 1 survivors (1024K)
 Metaspace       used 67800K, committed 68544K, reserved 491520K
  class space    used 9548K, committed 9920K, reserved 425984K
}
Event: 97.726 GC heap before
{Heap before GC invocations=36 (full 0):
 garbage-first heap   total 134144K, used 111211K [0x0000000080000000, 0x0000000100000000)
  region size 1024K, 45 young (46080K), 1 survivors (1024K)
 Metaspace       used 69180K, committed 70016K, reserved 491520K
  class space    used 9726K, committed 10112K, reserved 425984K
}

Dll operation events (16 events):
Event: 0.076 Loaded shared library C:\Program Files\Microsoft\jdk-17.0.13.11-hotspot\bin\java.dll
Event: 0.270 Loaded shared library C:\Program Files\Microsoft\jdk-17.0.13.11-hotspot\bin\jsvml.dll
Event: 0.773 Loaded shared library C:\Program Files\Microsoft\jdk-17.0.13.11-hotspot\bin\zip.dll
Event: 0.789 Loaded shared library C:\Program Files\Microsoft\jdk-17.0.13.11-hotspot\bin\instrument.dll
Event: 0.814 Loaded shared library C:\Program Files\Microsoft\jdk-17.0.13.11-hotspot\bin\net.dll
Event: 0.822 Loaded shared library C:\Program Files\Microsoft\jdk-17.0.13.11-hotspot\bin\nio.dll
Event: 0.839 Loaded shared library C:\Program Files\Microsoft\jdk-17.0.13.11-hotspot\bin\zip.dll
Event: 2.380 Loaded shared library C:\Program Files\Microsoft\jdk-17.0.13.11-hotspot\bin\jimage.dll
Event: 3.476 Loaded shared library C:\Program Files\Microsoft\jdk-17.0.13.11-hotspot\bin\verify.dll
Event: 3.928 Loaded shared library C:\Users\saura\.gradle\native\1def1411415f61bf3af743bc5b6707747c0891f09f0c88961ee8f79bc544acac\windows-amd64\native-platform.dll
Event: 3.960 Loaded shared library C:\Users\saura\.gradle\native\0.2.5\x86_64-windows-gnu\gradle-fileevents.dll
Event: 11.394 Loaded shared library C:\Program Files\Microsoft\jdk-17.0.13.11-hotspot\bin\management.dll
Event: 11.430 Loaded shared library C:\Program Files\Microsoft\jdk-17.0.13.11-hotspot\bin\management_ext.dll
Event: 12.778 Loaded shared library C:\Program Files\Microsoft\jdk-17.0.13.11-hotspot\bin\extnet.dll
Event: 15.166 Loaded shared library C:\Program Files\Microsoft\jdk-17.0.13.11-hotspot\bin\sunmscapi.dll
Event: 18.562 Loaded shared library C:\Users\saura\AppData\Local\Temp\native-platform13388589103451913033dir\gradle-fileevents.dll

Deoptimization events (20 events):
Event: 96.713 Thread 0x000002a9b51c9370 DEOPT PACKING pc=0x000002a987f95d68 sp=0x000000ab8d2f8fd0
Event: 96.713 Thread 0x000002a9b51c9370 DEOPT UNPACKING pc=0x000002a9875869a3 sp=0x000000ab8d2f8f68 mode 2
Event: 96.713 Thread 0x000002a9b51c9370 Uncommon trap: trap_request=0xffffffd6 fr.pc=0x000002a987f95d68 relative=0x0000000000000ac8
Event: 96.713 Thread 0x000002a9b51c9370 Uncommon trap: reason=array_check action=maybe_recompile pc=0x000002a987f95d68 method=com.google.common.collect.RegularImmutableMap.fromEntryArrayCheckingBucketOverflow(I[Ljava/util/Map$Entry;Z)Lcom/google/common/collect/ImmutableMap; @ 220 c2
Event: 96.713 Thread 0x000002a9b51c9370 DEOPT PACKING pc=0x000002a987f95d68 sp=0x000000ab8d2f8f00
Event: 96.713 Thread 0x000002a9b51c9370 DEOPT UNPACKING pc=0x000002a9875869a3 sp=0x000000ab8d2f8e98 mode 2
Event: 96.723 Thread 0x000002a9b51c9370 Uncommon trap: trap_request=0xffffffd6 fr.pc=0x000002a987f95d68 relative=0x0000000000000ac8
Event: 96.723 Thread 0x000002a9b51c9370 Uncommon trap: reason=array_check action=maybe_recompile pc=0x000002a987f95d68 method=com.google.common.collect.RegularImmutableMap.fromEntryArrayCheckingBucketOverflow(I[Ljava/util/Map$Entry;Z)Lcom/google/common/collect/ImmutableMap; @ 220 c2
Event: 96.723 Thread 0x000002a9b51c9370 DEOPT PACKING pc=0x000002a987f95d68 sp=0x000000ab8d2f7a90
Event: 96.723 Thread 0x000002a9b51c9370 DEOPT UNPACKING pc=0x000002a9875869a3 sp=0x000000ab8d2f7a28 mode 2
Event: 96.723 Thread 0x000002a9b51c9370 Uncommon trap: trap_request=0xffffffd6 fr.pc=0x000002a987f95d68 relative=0x0000000000000ac8
Event: 96.723 Thread 0x000002a9b51c9370 Uncommon trap: reason=array_check action=maybe_recompile pc=0x000002a987f95d68 method=com.google.common.collect.RegularImmutableMap.fromEntryArrayCheckingBucketOverflow(I[Ljava/util/Map$Entry;Z)Lcom/google/common/collect/ImmutableMap; @ 220 c2
Event: 96.723 Thread 0x000002a9b51c9370 DEOPT PACKING pc=0x000002a987f95d68 sp=0x000000ab8d2f79c0
Event: 96.723 Thread 0x000002a9b51c9370 DEOPT UNPACKING pc=0x000002a9875869a3 sp=0x000000ab8d2f7958 mode 2
Event: 96.822 Thread 0x000002a9b51c9370 DEOPT PACKING pc=0x000002a980031a15 sp=0x000000ab8d2f6460
Event: 96.822 Thread 0x000002a9b51c9370 DEOPT UNPACKING pc=0x000002a987587143 sp=0x000000ab8d2f5a00 mode 0
Event: 96.826 Thread 0x000002a9b51c9370 Uncommon trap: trap_request=0xffffff45 fr.pc=0x000002a987e0662c relative=0x000000000000258c
Event: 96.826 Thread 0x000002a9b51c9370 Uncommon trap: reason=unstable_if action=reinterpret pc=0x000002a987e0662c method=org.objectweb.asm.Frame.execute(IILorg/objectweb/asm/Symbol;Lorg/objectweb/asm/SymbolTable;)V @ 1 c2
Event: 96.826 Thread 0x000002a9b51c9370 DEOPT PACKING pc=0x000002a987e0662c sp=0x000000ab8d2f5e80
Event: 96.826 Thread 0x000002a9b51c9370 DEOPT UNPACKING pc=0x000002a9875869a3 sp=0x000000ab8d2f5e28 mode 2

Classes loaded (20 events):
Event: 85.403 Loading class com/sun/org/apache/xerces/internal/utils/XMLSecurityManager
Event: 85.405 Loading class com/sun/org/apache/xerces/internal/utils/XMLSecurityManager done
Event: 85.405 Loading class com/sun/org/apache/xerces/internal/utils/XMLSecurityManager$Limit
Event: 85.407 Loading class com/sun/org/apache/xerces/internal/utils/XMLSecurityManager$Limit done
Event: 85.407 Loading class com/sun/org/apache/xerces/internal/utils/XMLSecurityManager$NameMap
Event: 85.407 Loading class com/sun/org/apache/xerces/internal/utils/XMLSecurityManager$NameMap done
Event: 85.408 Loading class com/sun/org/apache/xerces/internal/utils/XMLSecurityPropertyManager
Event: 85.408 Loading class com/sun/org/apache/xerces/internal/utils/XMLSecurityPropertyManager done
Event: 85.409 Loading class com/sun/org/apache/xerces/internal/utils/XMLSecurityPropertyManager$State
Event: 85.409 Loading class com/sun/org/apache/xerces/internal/utils/XMLSecurityPropertyManager$State done
Event: 85.409 Loading class com/sun/org/apache/xerces/internal/utils/XMLSecurityPropertyManager$Property
Event: 85.409 Loading class com/sun/org/apache/xerces/internal/utils/XMLSecurityPropertyManager$Property done
Event: 96.690 Loading class java/lang/AbstractMethodError
Event: 96.691 Loading class java/lang/AbstractMethodError done
Event: 97.219 Loading class java/util/stream/ReduceOps$5
Event: 97.221 Loading class java/util/stream/ReduceOps$5 done
Event: 97.221 Loading class java/util/stream/ReduceOps$CountingSink$OfRef
Event: 97.236 Loading class java/util/stream/ReduceOps$CountingSink
Event: 97.236 Loading class java/util/stream/ReduceOps$CountingSink done
Event: 97.236 Loading class java/util/stream/ReduceOps$CountingSink$OfRef done

Classes unloaded (0 events):
No events

Classes redefined (0 events):
No events

Internal exceptions (20 events):
Event: 79.538 Thread 0x000002a9b51c9370 Exception <a 'java/lang/NoSuchMethodError'{0x0000000085319f60}: static Lorg/jetbrains/kotlin/gradle/plugin/internal/DefaultConfigurationCacheStartParameterAccessorVariantFactory;.<clinit>()V> (0x0000000085319f60) 
thrown [s\src\hotspot\share\prims\jni.cpp, line 1112]
Event: 79.545 Thread 0x000002a9b51c9370 Exception <a 'java/lang/NoSuchMethodError'{0x0000000085341478}: static Lorg/jetbrains/kotlin/gradle/plugin/internal/MavenPluginConfigurator$DefaultMavenPluginConfiguratorVariantFactory;.<clinit>()V> (0x0000000085341478) 
thrown [s\src\hotspot\share\prims\jni.cpp, line 1112]
Event: 79.552 Thread 0x000002a9b51c9370 Exception <a 'java/lang/NoSuchMethodError'{0x0000000085367300}: static Lorg/jetbrains/kotlin/gradle/targets/js/nodejs/DefaultUnameExecutorVariantFactory;.<clinit>()V> (0x0000000085367300) 
thrown [s\src\hotspot\share\prims\jni.cpp, line 1112]
Event: 79.566 Thread 0x000002a9b51c9370 Exception <a 'java/lang/NoSuchMethodError'{0x000000008538de80}: static Lorg/jetbrains/kotlin/gradle/plugin/internal/DefaultBasePluginConfigurationVariantFactory;.<clinit>()V> (0x000000008538de80) 
thrown [s\src\hotspot\share\prims\jni.cpp, line 1112]
Event: 79.576 Thread 0x000002a9b51c9370 Exception <a 'java/lang/NoSuchMethodError'{0x00000000853b4d98}: static Lorg/jetbrains/kotlin/gradle/plugin/internal/DefaultAttributeConfigurationHelperVariantFactory;.<clinit>()V> (0x00000000853b4d98) 
thrown [s\src\hotspot\share\prims\jni.cpp, line 1112]
Event: 80.063 Thread 0x000002a9b51c9370 Exception <a 'java/lang/IncompatibleClassChangeError'{0x0000000084e4cfe0}: Found class java.lang.Object, but interface was expected> (0x0000000084e4cfe0) 
thrown [s\src\hotspot\share\interpreter\linkResolver.cpp, line 826]
Event: 85.706 Thread 0x000002a9b51c9370 Exception <a 'java/lang/NoSuchMethodError'{0x0000000085de6b08}: 'void java.lang.invoke.DirectMethodHandle$Holder.invokeVirtual(java.lang.Object, java.lang.Object)'> (0x0000000085de6b08) 
thrown [s\src\hotspot\share\interpreter\linkResolver.cpp, line 759]
Event: 88.381 Thread 0x000002a9b51c9370 Exception <a 'java/lang/NoSuchMethodError'{0x000000008512a9a0}: static Lorg/jetbrains/kotlin/gradle/plugin/internal/DefaultIdeaSyncDetector$createIdeaPropertiesEvaluator$1;.<clinit>()V> (0x000000008512a9a0) 
thrown [s\src\hotspot\share\prims\jni.cpp, line 1112]
Event: 88.958 Thread 0x000002a9b51c9370 Exception <a 'java/lang/ClassNotFoundException'{0x00000000882faaf8}: org/jetbrains/kotlin/gradle/targets/js/npm/DefaultNpmDependencyExtensionBeanInfo> (0x00000000882faaf8) 
thrown [s\src\hotspot\share\classfile\systemDictionary.cpp, line 256]
Event: 88.960 Thread 0x000002a9b51c9370 Exception <a 'java/lang/ClassNotFoundException'{0x000000008810f548}: org/jetbrains/kotlin/gradle/targets/js/npm/DefaultNpmDependencyExtensionCustomizer> (0x000000008810f548) 
thrown [s\src\hotspot\share\classfile\systemDictionary.cpp, line 256]
Event: 88.987 Thread 0x000002a9b51c9370 Exception <a 'java/lang/ClassNotFoundException'{0x00000000881bb3a8}: org/jetbrains/kotlin/gradle/targets/js/npm/NpmDependencyExtensionKt$defaultNpmDependencyDelegate$1BeanInfo> (0x00000000881bb3a8) 
thrown [s\src\hotspot\share\classfile\systemDictionary.cpp, line 256]
Event: 88.990 Thread 0x000002a9b51c9370 Exception <a 'java/lang/ClassNotFoundException'{0x00000000881d0688}: org/jetbrains/kotlin/gradle/targets/js/npm/NpmDependencyExtensionDelegateBeanInfo> (0x00000000881d0688) 
thrown [s\src\hotspot\share\classfile\systemDictionary.cpp, line 256]
Event: 88.992 Thread 0x000002a9b51c9370 Exception <a 'java/lang/ClassNotFoundException'{0x00000000881e5170}: org/jetbrains/kotlin/gradle/targets/js/npm/NpmDependencyExtensionDelegateCustomizer> (0x00000000881e5170) 
thrown [s\src\hotspot\share\classfile\systemDictionary.cpp, line 256]
Event: 89.007 Thread 0x000002a9b51c9370 Exception <a 'java/lang/ClassNotFoundException'{0x0000000088020be8}: org/jetbrains/kotlin/gradle/targets/js/npm/NpmDependencyExtensionKt$defaultNpmDependencyDelegate$1Customizer> (0x0000000088020be8) 
thrown [s\src\hotspot\share\classfile\systemDictionary.cpp, line 256]
Event: 89.018 Thread 0x000002a9b51c9370 Exception <a 'java/lang/ClassNotFoundException'{0x000000008806ebd0}: org/jetbrains/kotlin/gradle/targets/js/npm/DefaultDevNpmDependencyExtensionBeanInfo> (0x000000008806ebd0) 
thrown [s\src\hotspot\share\classfile\systemDictionary.cpp, line 256]
Event: 89.021 Thread 0x000002a9b51c9370 Exception <a 'java/lang/ClassNotFoundException'{0x00000000880836b0}: org/jetbrains/kotlin/gradle/targets/js/npm/DefaultDevNpmDependencyExtensionCustomizer> (0x00000000880836b0) 
thrown [s\src\hotspot\share\classfile\systemDictionary.cpp, line 256]
Event: 89.032 Thread 0x000002a9b51c9370 Exception <a 'java/lang/ClassNotFoundException'{0x00000000880da6e0}: org/jetbrains/kotlin/gradle/targets/js/npm/DefaultPeerNpmDependencyExtensionBeanInfo> (0x00000000880da6e0) 
thrown [s\src\hotspot\share\classfile\systemDictionary.cpp, line 256]
Event: 89.035 Thread 0x000002a9b51c9370 Exception <a 'java/lang/ClassNotFoundException'{0x00000000880eef40}: org/jetbrains/kotlin/gradle/targets/js/npm/DefaultPeerNpmDependencyExtensionCustomizer> (0x00000000880eef40) 
thrown [s\src\hotspot\share\classfile\systemDictionary.cpp, line 256]
Event: 89.044 Thread 0x000002a9b51c9370 Exception <a 'java/lang/ClassNotFoundException'{0x0000000087f4ee20}: org/jetbrains/kotlin/gradle/targets/js/npm/DefaultPeerNpmDependencyExtension$delegate$1BeanInfo> (0x0000000087f4ee20) 
thrown [s\src\hotspot\share\classfile\systemDictionary.cpp, line 256]
Event: 89.047 Thread 0x000002a9b51c9370 Exception <a 'java/lang/ClassNotFoundException'{0x0000000087f63850}: org/jetbrains/kotlin/gradle/targets/js/npm/DefaultPeerNpmDependencyExtension$delegate$1Customizer> (0x0000000087f63850) 
thrown [s\src\hotspot\share\classfile\systemDictionary.cpp, line 256]

VM Operations (20 events):
Event: 89.049 Executing VM operation: G1PauseCleanup done
Event: 90.061 Executing VM operation: Cleanup
Event: 90.061 Executing VM operation: Cleanup done
Event: 91.064 Executing VM operation: Cleanup
Event: 91.064 Executing VM operation: Cleanup done
Event: 92.077 Executing VM operation: Cleanup
Event: 92.077 Executing VM operation: Cleanup done
Event: 92.453 Executing VM operation: G1CollectForAllocation
Event: 92.460 Executing VM operation: G1CollectForAllocation done
Event: 92.856 Executing VM operation: G1CollectForAllocation
Event: 92.867 Executing VM operation: G1CollectForAllocation done
Event: 93.875 Executing VM operation: Cleanup
Event: 93.875 Executing VM operation: Cleanup done
Event: 94.889 Executing VM operation: Cleanup
Event: 94.889 Executing VM operation: Cleanup done
Event: 95.903 Executing VM operation: Cleanup
Event: 95.903 Executing VM operation: Cleanup done
Event: 96.914 Executing VM operation: Cleanup
Event: 96.930 Executing VM operation: Cleanup done
Event: 97.726 Executing VM operation: G1CollectForAllocation

Memory protections (0 events):
No events

Nmethod flushes (20 events):
Event: 51.515 Thread 0x000002a995220800 flushing  nmethod 0x000002a9807cc090
Event: 51.515 Thread 0x000002a995220800 flushing  nmethod 0x000002a9807dd290
Event: 51.515 Thread 0x000002a995220800 flushing  nmethod 0x000002a9807dde10
Event: 51.515 Thread 0x000002a995220800 flushing  nmethod 0x000002a9807de610
Event: 51.515 Thread 0x000002a995220800 flushing  nmethod 0x000002a9807df410
Event: 51.515 Thread 0x000002a995220800 flushing  nmethod 0x000002a9807e0590
Event: 51.515 Thread 0x000002a995220800 flushing  nmethod 0x000002a9807f2e10
Event: 51.515 Thread 0x000002a995220800 flushing  nmethod 0x000002a980806c90
Event: 51.515 Thread 0x000002a995220800 flushing  nmethod 0x000002a980822990
Event: 51.515 Thread 0x000002a995220800 flushing  nmethod 0x000002a980835e90
Event: 51.516 Thread 0x000002a995220800 flushing  nmethod 0x000002a9808f8a10
Event: 51.516 Thread 0x000002a995220800 flushing  nmethod 0x000002a9808fa910
Event: 51.516 Thread 0x000002a995220800 flushing  nmethod 0x000002a9808fce10
Event: 51.516 Thread 0x000002a995220800 flushing  nmethod 0x000002a9808fda10
Event: 51.516 Thread 0x000002a995220800 flushing  nmethod 0x000002a98090f610
Event: 51.516 Thread 0x000002a995220800 flushing  nmethod 0x000002a980932490
Event: 51.517 Thread 0x000002a995220800 flushing  nmethod 0x000002a98098f010
Event: 51.518 Thread 0x000002a995220800 flushing  nmethod 0x000002a980a16810
Event: 83.321 Thread 0x000002a995220800 flushing  nmethod 0x000002a98048eb10
Event: 83.326 Thread 0x000002a995220800 flushing  nmethod 0x000002a98072d810

Events (20 events):
Event: 61.892 Thread 0x000002a9b51c9370 Thread added: 0x000002a9b69a6770
Event: 61.892 Thread 0x000002a9b51c9370 Thread added: 0x000002a9b69a80c0
Event: 61.893 Thread 0x000002a9b51c9370 Thread added: 0x000002a9b69a8ff0
Event: 61.908 Thread 0x000002a9b51c9370 Thread added: 0x000002a9b69a85d0
Event: 62.245 Thread 0x000002a9b51c9370 Thread added: 0x000002a9b69a5d50
Event: 62.254 Thread 0x000002a9b51c9370 Thread added: 0x000002a9b69a8ae0
Event: 62.264 Thread 0x000002a9b51c9370 Thread added: 0x000002a9b69a6c80
Event: 62.306 Thread 0x000002a9b51c9370 Thread added: 0x000002a9b6c9db80
Event: 62.376 Thread 0x000002a9b51c9370 Thread added: 0x000002a9b6c9c230
Event: 62.395 Thread 0x000002a9b51c9370 Thread added: 0x000002a9b6c9d670
Event: 62.427 Thread 0x000002a9b51c9370 Thread added: 0x000002a9b6c9e090
Event: 62.879 Thread 0x000002a9b51c9370 Thread added: 0x000002a9b6c9d160
Event: 62.884 Thread 0x000002a9b51c9370 Thread added: 0x000002a9b6c9eab0
Event: 62.889 Thread 0x000002a9b51c9370 Thread added: 0x000002a9b6c9e5a0
Event: 62.899 Thread 0x000002a9b51c9370 Thread added: 0x000002a9b6c9efc0
Event: 62.902 Thread 0x000002a9b51c9370 Thread added: 0x000002a9b6c9b810
Event: 62.910 Thread 0x000002a9b51c9370 Thread added: 0x000002a9b6c9cc50
Event: 62.960 Thread 0x000002a9b51c9370 Thread added: 0x000002a9b6c9f4d0
Event: 82.156 Thread 0x000002a9b51c9370 Thread added: 0x000002a9b6c9bd20
Event: 85.605 Thread 0x000002a9b51c9370 Thread added: 0x000002a9b6ca1d50


Dynamic libraries:
0x00007ff6fa070000 - 0x00007ff6fa07e000 	C:\Program Files\Microsoft\jdk-17.0.13.11-hotspot\bin\java.exe
0x00007ffe00120000 - 0x00007ffe00388000 	C:\WINDOWS\SYSTEM32\ntdll.dll
0x00007ffdff4f0000 - 0x00007ffdff5b9000 	C:\WINDOWS\System32\KERNEL32.DLL
0x00007ffdfd270000 - 0x00007ffdfd65d000 	C:\WINDOWS\System32\KERNELBASE.dll
0x00007ffdfdb90000 - 0x00007ffdfdcdb000 	C:\WINDOWS\System32\ucrtbase.dll
0x00007ffd999f0000 - 0x00007ffd99a07000 	C:\Program Files\Microsoft\jdk-17.0.13.11-hotspot\bin\jli.dll
0x00007ffdffe00000 - 0x00007ffdfffcc000 	C:\WINDOWS\System32\USER32.dll
0x00007ffdfdaa0000 - 0x00007ffdfdac7000 	C:\WINDOWS\System32\win32u.dll
0x00007ffdffda0000 - 0x00007ffdffdcb000 	C:\WINDOWS\System32\GDI32.dll
0x00007ffd99cf0000 - 0x00007ffd99d0d000 	C:\Program Files\Microsoft\jdk-17.0.13.11-hotspot\bin\VCRUNTIME140.dll
0x00007ffdfdd80000 - 0x00007ffdfdeb7000 	C:\WINDOWS\System32\gdi32full.dll
0x00007ffdfd870000 - 0x00007ffdfd913000 	C:\WINDOWS\System32\msvcp_win.dll
0x00007ffdeeaf0000 - 0x00007ffdeed8a000 	C:\WINDOWS\WinSxS\amd64_microsoft.windows.common-controls_6595b64144ccf1df_6.0.26100.4484_none_3e0e6d4ce32ef3b3\COMCTL32.dll
0x00007ffdfef90000 - 0x00007ffdff039000 	C:\WINDOWS\System32\msvcrt.dll
0x00007ffdff110000 - 0x00007ffdff13f000 	C:\WINDOWS\System32\IMM32.DLL
0x00007ffdda330000 - 0x00007ffdda33c000 	C:\Program Files\Microsoft\jdk-17.0.13.11-hotspot\bin\vcruntime140_1.dll
0x00007ffd6f080000 - 0x00007ffd6f10d000 	C:\Program Files\Microsoft\jdk-17.0.13.11-hotspot\bin\msvcp140.dll
0x00007ffd30520000 - 0x00007ffd31191000 	C:\Program Files\Microsoft\jdk-17.0.13.11-hotspot\bin\server\jvm.dll
0x00007ffdff150000 - 0x00007ffdff204000 	C:\WINDOWS\System32\ADVAPI32.dll
0x00007ffdfe610000 - 0x00007ffdfe6b6000 	C:\WINDOWS\System32\sechost.dll
0x00007ffdfed80000 - 0x00007ffdfee98000 	C:\WINDOWS\System32\RPCRT4.dll
0x00007ffdff3c0000 - 0x00007ffdff434000 	C:\WINDOWS\System32\WS2_32.dll
0x00007ffdebb60000 - 0x00007ffdebb95000 	C:\WINDOWS\SYSTEM32\WINMM.dll
0x00007ffdfd0e0000 - 0x00007ffdfd13e000 	C:\WINDOWS\SYSTEM32\POWRPROF.dll
0x00007ffdef570000 - 0x00007ffdef57b000 	C:\WINDOWS\SYSTEM32\VERSION.dll
0x00007ffdfd0c0000 - 0x00007ffdfd0d4000 	C:\WINDOWS\SYSTEM32\UMPDC.dll
0x00007ffdfc010000 - 0x00007ffdfc02b000 	C:\WINDOWS\SYSTEM32\kernel.appcore.dll
0x00007ffdd7800000 - 0x00007ffdd780a000 	C:\Program Files\Microsoft\jdk-17.0.13.11-hotspot\bin\jimage.dll
0x00007ffdf5860000 - 0x00007ffdf5aa1000 	C:\WINDOWS\SYSTEM32\DBGHELP.DLL
0x00007ffdfe9f0000 - 0x00007ffdfed76000 	C:\WINDOWS\System32\combase.dll
0x00007ffdfeea0000 - 0x00007ffdfef80000 	C:\WINDOWS\System32\OLEAUT32.dll
0x00007ffdebb10000 - 0x00007ffdebb53000 	C:\WINDOWS\SYSTEM32\dbgcore.DLL
0x00007ffdfdce0000 - 0x00007ffdfdd79000 	C:\WINDOWS\System32\bcryptPrimitives.dll
0x00007ffdc8010000 - 0x00007ffdc801e000 	C:\Program Files\Microsoft\jdk-17.0.13.11-hotspot\bin\instrument.dll
0x00007ffd99910000 - 0x00007ffd99935000 	C:\Program Files\Microsoft\jdk-17.0.13.11-hotspot\bin\java.dll
0x00007ffd6db70000 - 0x00007ffd6dc47000 	C:\Program Files\Microsoft\jdk-17.0.13.11-hotspot\bin\jsvml.dll
0x00007ffdfdec0000 - 0x00007ffdfe60a000 	C:\WINDOWS\System32\SHELL32.dll
0x00007ffdfd660000 - 0x00007ffdfd7d4000 	C:\WINDOWS\System32\wintypes.dll
0x00007ffdfaef0000 - 0x00007ffdfb74b000 	C:\WINDOWS\SYSTEM32\windows.storage.dll
0x00007ffdfffe0000 - 0x00007ffe000d5000 	C:\WINDOWS\System32\SHCORE.dll
0x00007ffdff040000 - 0x00007ffdff0aa000 	C:\WINDOWS\System32\shlwapi.dll
0x00007ffdfd180000 - 0x00007ffdfd1af000 	C:\WINDOWS\SYSTEM32\profapi.dll
0x00007ffd99580000 - 0x00007ffd99598000 	C:\Program Files\Microsoft\jdk-17.0.13.11-hotspot\bin\zip.dll
0x00007ffd999d0000 - 0x00007ffd999ea000 	C:\Program Files\Microsoft\jdk-17.0.13.11-hotspot\bin\net.dll
0x00007ffdf5e60000 - 0x00007ffdf5f7e000 	C:\WINDOWS\SYSTEM32\WINHTTP.dll
0x00007ffdfc5a0000 - 0x00007ffdfc60a000 	C:\WINDOWS\system32\mswsock.dll
0x00007ffd998a0000 - 0x00007ffd998b6000 	C:\Program Files\Microsoft\jdk-17.0.13.11-hotspot\bin\nio.dll
0x00007ffdd70e0000 - 0x00007ffdd70f0000 	C:\Program Files\Microsoft\jdk-17.0.13.11-hotspot\bin\verify.dll
0x00007ffd92070000 - 0x00007ffd92097000 	C:\Users\saura\.gradle\native\1def1411415f61bf3af743bc5b6707747c0891f09f0c88961ee8f79bc544acac\windows-amd64\native-platform.dll
0x0000000070960000 - 0x00000000709d3000 	C:\Users\saura\.gradle\native\0.2.5\x86_64-windows-gnu\gradle-fileevents.dll
0x00007ffdd6950000 - 0x00007ffdd695a000 	C:\Program Files\Microsoft\jdk-17.0.13.11-hotspot\bin\management.dll
0x00007ffdce310000 - 0x00007ffdce31b000 	C:\Program Files\Microsoft\jdk-17.0.13.11-hotspot\bin\management_ext.dll
0x00007ffdfe760000 - 0x00007ffdfe768000 	C:\WINDOWS\System32\PSAPI.DLL
0x00007ffdfc850000 - 0x00007ffdfc86b000 	C:\WINDOWS\SYSTEM32\CRYPTSP.dll
0x00007ffdfbf70000 - 0x00007ffdfbfab000 	C:\WINDOWS\system32\rsaenh.dll
0x00007ffdfc640000 - 0x00007ffdfc66b000 	C:\WINDOWS\SYSTEM32\USERENV.dll
0x00007ffdfd150000 - 0x00007ffdfd176000 	C:\WINDOWS\SYSTEM32\bcrypt.dll
0x00007ffdfc870000 - 0x00007ffdfc87c000 	C:\WINDOWS\SYSTEM32\CRYPTBASE.dll
0x00007ffdfba40000 - 0x00007ffdfba73000 	C:\WINDOWS\SYSTEM32\IPHLPAPI.DLL
0x00007ffdfffd0000 - 0x00007ffdfffda000 	C:\WINDOWS\System32\NSI.dll
0x00007ffdf67b0000 - 0x00007ffdf67cf000 	C:\WINDOWS\SYSTEM32\dhcpcsvc6.DLL
0x00007ffdf62d0000 - 0x00007ffdf62f5000 	C:\WINDOWS\SYSTEM32\dhcpcsvc.DLL
0x00007ffdfbb30000 - 0x00007ffdfbc56000 	C:\WINDOWS\SYSTEM32\DNSAPI.dll
0x00007ffdcb7c0000 - 0x00007ffdcb7c9000 	C:\Program Files\Microsoft\jdk-17.0.13.11-hotspot\bin\extnet.dll
0x00007ffdc7840000 - 0x00007ffdc784e000 	C:\Program Files\Microsoft\jdk-17.0.13.11-hotspot\bin\sunmscapi.dll
0x00007ffdfd920000 - 0x00007ffdfda97000 	C:\WINDOWS\System32\CRYPT32.dll
0x00007ffdfca70000 - 0x00007ffdfcaa0000 	C:\WINDOWS\SYSTEM32\ncrypt.dll
0x00007ffdfca20000 - 0x00007ffdfca5f000 	C:\WINDOWS\SYSTEM32\NTASN1.dll
0x00007ffd5a340000 - 0x00007ffd5a348000 	C:\WINDOWS\system32\wshunix.dll
0x0000000070860000 - 0x00000000708d3000 	C:\Users\saura\AppData\Local\Temp\native-platform13388589103451913033dir\gradle-fileevents.dll

dbghelp: loaded successfully - version: 4.0.5 - missing functions: none
symbol engine: initialized successfully - sym options: 0x614 - pdb path: .;C:\Program Files\Microsoft\jdk-17.0.13.11-hotspot\bin;C:\WINDOWS\SYSTEM32;C:\WINDOWS\WinSxS\amd64_microsoft.windows.common-controls_6595b64144ccf1df_6.0.26100.4484_none_3e0e6d4ce32ef3b3;C:\Program Files\Microsoft\jdk-17.0.13.11-hotspot\bin\server;C:\Users\saura\.gradle\native\1def1411415f61bf3af743bc5b6707747c0891f09f0c88961ee8f79bc544acac\windows-amd64;C:\Users\saura\.gradle\native\0.2.5\x86_64-windows-gnu;C:\Users\saura\AppData\Local\Temp\native-platform13388589103451913033dir

VM Arguments:
jvm_args: --add-opens=java.base/java.lang=ALL-UNNAMED --add-opens=java.base/java.lang.invoke=ALL-UNNAMED --add-opens=java.base/java.util=ALL-UNNAMED --add-opens=java.prefs/java.util.prefs=ALL-UNNAMED --add-exports=jdk.compiler/com.sun.tools.javac.api=ALL-UNNAMED --add-exports=jdk.compiler/com.sun.tools.javac.util=ALL-UNNAMED --add-opens=java.base/java.util=ALL-UNNAMED --add-opens=java.prefs/java.util.prefs=ALL-UNNAMED --add-opens=java.base/java.nio.charset=ALL-UNNAMED --add-opens=java.base/java.net=ALL-UNNAMED --add-opens=java.base/java.util.concurrent.atomic=ALL-UNNAMED --add-opens=java.xml/javax.xml.namespace=ALL-UNNAMED -XX:MaxMetaspaceSize=512m -Xmx2048m -Dfile.encoding=UTF-8 -Duser.country=US -Duser.language=en -Duser.variant -javaagent:C:\Users\saura\.gradle\wrapper\dists\gradle-8.12-all\ejduaidbjup3bmmkhw3rie4zb\gradle-8.12\lib\agents\gradle-instrumentation-agent-8.12.jar 
java_command: org.gradle.launcher.daemon.bootstrap.GradleDaemon 8.12
java_class_path (initial): C:\Users\saura\.gradle\wrapper\dists\gradle-8.12-all\ejduaidbjup3bmmkhw3rie4zb\gradle-8.12\lib\gradle-daemon-main-8.12.jar
Launcher Type: SUN_STANDARD

[Global flags]
     intx CICompilerCount                          = 4                                         {product} {ergonomic}
   size_t CompressedClassSpaceSize                 = 436207616                                 {product} {ergonomic}
     uint ConcGCThreads                            = 2                                         {product} {ergonomic}
     uint G1ConcRefinementThreads                  = 8                                         {product} {ergonomic}
   size_t G1HeapRegionSize                         = 1048576                                   {product} {ergonomic}
    uintx GCDrainStackTargetSize                   = 64                                        {product} {ergonomic}
   size_t InitialHeapSize                          = 100663296                                 {product} {ergonomic}
   size_t MarkStackSize                            = 4194304                                   {product} {ergonomic}
   size_t MaxHeapSize                              = 2147483648                                {product} {command line}
   size_t MaxMetaspaceSize                         = 536870912                                 {product} {command line}
   size_t MaxNewSize                               = 1287651328                                {product} {ergonomic}
   size_t MinHeapDeltaBytes                        = 1048576                                   {product} {ergonomic}
   size_t MinHeapSize                              = 8388608                                   {product} {ergonomic}
    uintx NonNMethodCodeHeapSize                   = 5839372                                {pd product} {ergonomic}
    uintx NonProfiledCodeHeapSize                  = 122909434                              {pd product} {ergonomic}
    uintx ProfiledCodeHeapSize                     = 122909434                              {pd product} {ergonomic}
    uintx ReservedCodeCacheSize                    = 251658240                              {pd product} {ergonomic}
     bool SegmentedCodeCache                       = true                                      {product} {ergonomic}
   size_t SoftMaxHeapSize                          = 2147483648                             {manageable} {ergonomic}
     bool UseCompressedClassPointers               = true                           {product lp64_product} {ergonomic}
     bool UseCompressedOops                        = true                           {product lp64_product} {ergonomic}
     bool UseG1GC                                  = true                                      {product} {ergonomic}
     bool UseLargePagesIndividualAllocation        = false                                  {pd product} {ergonomic}

Logging:
Log output configuration:
 #0: stdout all=warning uptime,level,tags
 #1: stderr all=off uptime,level,tags

Environment Variables:
JAVA_HOME=C:\Program Files\Microsoft\jdk-17.0.13.11-hotspot
PATH=C:\Program Files\Microsoft\jdk-17.0.13.11-hotspot\bin;C:\Program Files\Common Files\Oracle\Java\javapath;C:\Program Files\NVIDIA GPU Computing Toolkit\CUDA\v11.7\bin;C:\Program Files\NVIDIA GPU Computing Toolkit\CUDA\v11.7\libnvvp;C:\Windows\system32;C:\Windows;C:\Windows\System32\Wbem;C:\Windows\System32\WindowsPowerShell\v1.0\;C:\Windows\System32\OpenSSH\;C:\MinGW\bin;C:\Program Files\Git\cmd;C:\Program Files\MySQL\MySQL Server 8.0\bin;C:\Program Files\NVIDIA Corporation\Nsight Compute 2022.2.0\;C:\Program Files (x86)\NVIDIA Corporation\PhysX\Common;C:\WINDOWS\system32;C:\WINDOWS;C:\WINDOWS\System32\Wbem;C:\WINDOWS\System32\WindowsPowerShell\v1.0\;C:\WINDOWS\System32\OpenSSH\;C:\Program Files\Git\bin;C:\Program Files\CMake\bin;C:\Program Files\Java\jdk-19\bin;C:\Program Files\MongoDB\Server\6.0\bin;C:\mongoshell\mongosh-1.8.0-win32-x64\bin;C:\Program Files\MiKTeX\miktex\bin\x64\;C:\Users\saura\AppData\Local\Pub\Cache\bin;C:\xampp\php;C:\ProgramData\ComposerSetup\bin;C:\ProgramData\chocolatey\bin;C:\Program Files\nodejs\;C:\Users\saura\AppData\Local\Android\Sdk\platforms;C:\Users\saura\AppData\Local\Android\Sdk;C:\Users\saura\AppData\Local\Android\Sdk\platform-tools;C:\Users\saura\AppData\Local\Android\Sdk\build-tools;C:\Users\saura\AppData\Local\Android\Sdk\emulator;C:\src\flutter\bin;C:\Users\saura\AppData\Local\Android\Sdk\tools;C:\Program Files\Microsoft\jdk-17.0.13.11-hotspot\bin;C:\Program Files\MySQL\MySQL Shell 8.0\bin\;C:\Users\saura\AppData\Local\Programs\Python\Python38\Scripts\;C:\Users\saura\AppData\Local\Programs\Python\Python38\;C:\Users\saura\.conda;C:\Users\saura\.conda\Library\mingw-w64\bin;C:\Users\saura\.conda\Library\usr\bin;C:\Users\saura\.conda\Library\bin;C:\Users\saura\.conda\Scripts;C:\Users\saura\anaconda3;C:\Users\saura\anaconda3\Library\mingw-w64\bin;C:\Users\saura\anaconda3\Library\usr\bin;C:\Users\saura\anaconda3\Library\bin;C:\Users\saura\anaconda3\Scripts;C:\Users\saura\AppData\Local\Microsoft\WindowsApps;C:\Users\saura\AppData\Lo
USERNAME=saura
OS=Windows_NT
PROCESSOR_IDENTIFIER=AMD64 Family 23 Model 24 Stepping 1, AuthenticAMD
TMP=C:\Users\saura\AppData\Local\Temp
TEMP=C:\Users\saura\AppData\Local\Temp



Periodic native trim disabled


---------------  S Y S T E M  ---------------

OS:
 Windows 11 , 64 bit Build 26100 (10.0.26100.4484)
OS uptime: 2 days 1:06 hours

CPU: total 8 (initial active 8) (8 cores per cpu, 2 threads per core) family 23 model 24 stepping 1 microcode 0x8108109, cx8, cmov, fxsr, ht, mmx, 3dnowpref, sse, sse2, sse3, ssse3, sse4a, sse4.1, sse4.2, popcnt, lzcnt, tsc, tscinvbit, avx, avx2, aes, clmul, bmi1, bmi2, adx, sha, fma, vzeroupper, clflush, clflushopt
Processor Information for the first 8 processors :
  Max Mhz: 2100, Current Mhz: 2100, Mhz Limit: 2100

Memory: 4k page, system-wide physical 6088M (317M free)
TotalPageFile size 24520M (AvailPageFile size 71M)
current process WorkingSet (physical memory assigned to process): 260M, peak: 263M
current process commit charge ("private bytes"): 381M, peak: 382M

vm_info: OpenJDK 64-Bit Server VM (17.0.13+11-LTS) for windows-amd64 JRE (17.0.13+11-LTS), built on Oct 11 2024 23:25:05 by "MicrosoftCorporation" with unknown MS VC++:1939

END.
