#
# There is insufficient memory for the Java Runtime Environment to continue.
# Native memory allocation (malloc) failed to allocate 1127648 bytes. Error detail: Chunk::new
# Possible reasons:
#   The system is out of physical RAM or swap space
#   This process is running with CompressedOops enabled, and the Java Heap may be blocking the growth of the native heap
# Possible solutions:
#   Reduce memory load on the system
#   Increase physical memory or swap space
#   Check if swap backing store is full
#   Decrease Java heap size (-Xmx/-Xms)
#   Decrease number of Java threads
#   Decrease Java thread stack sizes (-Xss)
#   Set larger code cache with -XX:ReservedCodeCacheSize=
#   JVM is running with Unscaled Compressed Oops mode in which the Java heap is
#     placed in the first 4GB address space. The Java Heap base address is the
#     maximum limit for the native heap growth. Please use -XX:HeapBaseMinAddress
#     to set the Java Heap base and to place the Java Heap above 4GB virtual address.
# This output file may be truncated or incomplete.
#
#  Out of Memory Error (arena.cpp:191), pid=19948, tid=20568
#
# JRE version: OpenJDK Runtime Environment Microsoft-10376486 (17.0.13+11) (build 17.0.13+11-LTS)
# Java VM: OpenJDK 64-Bit Server VM Microsoft-10376486 (17.0.13+11-LTS, mixed mode, sharing, tiered, compressed oops, compressed class ptrs, g1 gc, windows-amd64)
# No core dump will be written. Minidumps are not enabled by default on client versions of Windows
#

---------------  S U M M A R Y ------------

Command Line: --add-opens=java.base/java.lang=ALL-UNNAMED --add-opens=java.base/java.lang.invoke=ALL-UNNAMED --add-opens=java.base/java.util=ALL-UNNAMED --add-opens=java.prefs/java.util.prefs=ALL-UNNAMED --add-exports=jdk.compiler/com.sun.tools.javac.api=ALL-UNNAMED --add-exports=jdk.compiler/com.sun.tools.javac.util=ALL-UNNAMED --add-opens=java.base/java.util=ALL-UNNAMED --add-opens=java.prefs/java.util.prefs=ALL-UNNAMED --add-opens=java.base/java.nio.charset=ALL-UNNAMED --add-opens=java.base/java.net=ALL-UNNAMED --add-opens=java.base/java.util.concurrent.atomic=ALL-UNNAMED --add-opens=java.xml/javax.xml.namespace=ALL-UNNAMED -XX:MaxMetaspaceSize=512m -Xmx2048m -Dfile.encoding=windows-1252 -Duser.country=US -Duser.language=en -Duser.variant -javaagent:C:\Users\saura\.gradle\wrapper\dists\gradle-8.12-all\ejduaidbjup3bmmkhw3rie4zb\gradle-8.12\lib\agents\gradle-instrumentation-agent-8.12.jar org.gradle.launcher.daemon.bootstrap.GradleDaemon 8.12

Host: AMD Ryzen 5 3500U with Radeon Vega Mobile Gfx  , 8 cores, 5G,  Windows 11 , 64 bit Build 26100 (10.0.26100.4768)
Time: Sat Aug 30 12:53:02 2025 India Standard Time elapsed time: 21.243149 seconds (0d 0h 0m 21s)

---------------  T H R E A D  ---------------

Current thread (0x00000149e4cf8260):  JavaThread "C2 CompilerThread0" daemon [_thread_in_native, id=20568, stack(0x0000002136200000,0x0000002136300000)]


Current CompileTask:
C2:  21266 3781       4       java.util.regex.Pattern::compile (500 bytes)

Stack: [0x0000002136200000,0x0000002136300000]
Native frames: (J=compiled Java code, j=interpreted, Vv=VM code, C=native code)
V  [jvm.dll+0x687fc9]
V  [jvm.dll+0x83eeb8]
V  [jvm.dll+0x840963]
V  [jvm.dll+0x840fd3]
V  [jvm.dll+0x24951f]
V  [jvm.dll+0xad0c4]
V  [jvm.dll+0xad75c]
V  [jvm.dll+0x36aafe]
V  [jvm.dll+0x335153]
V  [jvm.dll+0x3345ea]
V  [jvm.dll+0x21a748]
V  [jvm.dll+0x219b7f]
V  [jvm.dll+0x1a5506]
V  [jvm.dll+0x22a1ca]
V  [jvm.dll+0x22830b]
V  [jvm.dll+0x7f4708]
V  [jvm.dll+0x7eea6c]
V  [jvm.dll+0x686ea7]
C  [ucrtbase.dll+0x37b0]
C  [KERNEL32.DLL+0x2e8d7]
C  [ntdll.dll+0x3c34c]


---------------  P R O C E S S  ---------------

Threads class SMR info:
_java_thread_list=0x00000149eb444110, length=30, elements={
0x00000149c6c519d0, 0x00000149e4ccbb10, 0x00000149e4ccc5e0, 0x00000149e4ce24a0,
0x00000149e4ce4f80, 0x00000149e4ce7860, 0x00000149e4cec150, 0x00000149e4cf8260,
0x00000149e4cfac30, 0x00000149e4cfd550, 0x00000149e4cfedc0, 0x00000149e5307c10,
0x00000149eafec0f0, 0x00000149e5887c20, 0x00000149e584f830, 0x00000149ea2dfa60,
0x00000149e532eb90, 0x00000149eabdaac0, 0x00000149eabdce30, 0x00000149eabdc410,
0x00000149eabdb4e0, 0x00000149eabdb9f0, 0x00000149eabdc920, 0x00000149eabdbf00,
0x00000149eabd9680, 0x00000149eabdafd0, 0x00000149eabda0a0, 0x00000149eabda5b0,
0x00000149ec6aa8c0, 0x00000149ea36d0a0
}

Java Threads: ( => current thread )
  0x00000149c6c519d0 JavaThread "main" [_thread_blocked, id=27032, stack(0x0000002135500000,0x0000002135600000)]
  0x00000149e4ccbb10 JavaThread "Reference Handler" daemon [_thread_blocked, id=22032, stack(0x0000002135c00000,0x0000002135d00000)]
  0x00000149e4ccc5e0 JavaThread "Finalizer" daemon [_thread_blocked, id=23120, stack(0x0000002135d00000,0x0000002135e00000)]
  0x00000149e4ce24a0 JavaThread "Signal Dispatcher" daemon [_thread_blocked, id=18456, stack(0x0000002135e00000,0x0000002135f00000)]
  0x00000149e4ce4f80 JavaThread "Attach Listener" daemon [_thread_blocked, id=1580, stack(0x0000002135f00000,0x0000002136000000)]
  0x00000149e4ce7860 JavaThread "Service Thread" daemon [_thread_blocked, id=18288, stack(0x0000002136000000,0x0000002136100000)]
  0x00000149e4cec150 JavaThread "Monitor Deflation Thread" daemon [_thread_blocked, id=27908, stack(0x0000002136100000,0x0000002136200000)]
=>0x00000149e4cf8260 JavaThread "C2 CompilerThread0" daemon [_thread_in_native, id=20568, stack(0x0000002136200000,0x0000002136300000)]
  0x00000149e4cfac30 JavaThread "C1 CompilerThread0" daemon [_thread_in_vm, id=19200, stack(0x0000002136300000,0x0000002136400000)]
  0x00000149e4cfd550 JavaThread "Sweeper thread" daemon [_thread_blocked, id=24556, stack(0x0000002136400000,0x0000002136500000)]
  0x00000149e4cfedc0 JavaThread "Common-Cleaner" daemon [_thread_blocked, id=24192, stack(0x0000002136500000,0x0000002136600000)]
  0x00000149e5307c10 JavaThread "Notification Thread" daemon [_thread_blocked, id=23524, stack(0x0000002136600000,0x0000002136700000)]
  0x00000149eafec0f0 JavaThread "Daemon health stats" [_thread_blocked, id=24588, stack(0x0000002136d00000,0x0000002136e00000)]
  0x00000149e5887c20 JavaThread "Incoming local TCP Connector on port 61550" [_thread_in_native, id=31984, stack(0x0000002136c00000,0x0000002136d00000)]
  0x00000149e584f830 JavaThread "Daemon periodic checks" [_thread_blocked, id=29836, stack(0x0000002136e00000,0x0000002136f00000)]
  0x00000149ea2dfa60 JavaThread "Daemon" [_thread_blocked, id=12824, stack(0x0000002137000000,0x0000002137100000)]
  0x00000149e532eb90 JavaThread "Handler for socket connection from /127.0.0.1:61550 to /127.0.0.1:61551" [_thread_in_native, id=10088, stack(0x0000002137100000,0x0000002137200000)]
  0x00000149eabdaac0 JavaThread "Cancel handler" [_thread_blocked, id=35172, stack(0x0000002136f00000,0x0000002137000000)]
  0x00000149eabdce30 JavaThread "Daemon worker" [_thread_blocked, id=1784, stack(0x0000002137200000,0x0000002137300000)]
  0x00000149eabdc410 JavaThread "Asynchronous log dispatcher for DefaultDaemonConnection: socket connection from /127.0.0.1:61550 to /127.0.0.1:61551" [_thread_blocked, id=23704, stack(0x0000002137300000,0x0000002137400000)]
  0x00000149eabdb4e0 JavaThread "Stdin handler" [_thread_blocked, id=29360, stack(0x0000002137400000,0x0000002137500000)]
  0x00000149eabdb9f0 JavaThread "Daemon client event forwarder" [_thread_blocked, id=14908, stack(0x0000002137500000,0x0000002137600000)]
  0x00000149eabdc920 JavaThread "Cache worker for journal cache (C:\Users\saura\.gradle\caches\journal-1)" [_thread_blocked, id=35180, stack(0x0000002137900000,0x0000002137a00000)]
  0x00000149eabdbf00 JavaThread "File lock request listener" [_thread_in_native, id=32736, stack(0x0000002137a00000,0x0000002137b00000)]
  0x00000149eabd9680 JavaThread "Cache worker for file hash cache (C:\Users\saura\.gradle\caches\8.12\fileHashes)" [_thread_blocked, id=33104, stack(0x0000002137b00000,0x0000002137c00000)]
  0x00000149eabdafd0 JavaThread "Cache worker for file hash cache (C:\Users\saura\Desktop\SvindoVendor\Svindo_VendorApp\android\.gradle\8.12\fileHashes)" [_thread_blocked, id=34516, stack(0x0000002137c00000,0x0000002137d00000)]
  0x00000149eabda0a0 JavaThread "Cache worker for Build Output Cleanup Cache (C:\Users\saura\Desktop\SvindoVendor\Svindo_VendorApp\android\.gradle\buildOutputCleanup)" [_thread_blocked, id=29572, stack(0x0000002137d00000,0x0000002137e00000)]
  0x00000149eabda5b0 JavaThread "File watcher server" daemon [_thread_in_native, id=34500, stack(0x0000002138000000,0x0000002138100000)]
  0x00000149ec6aa8c0 JavaThread "File watcher consumer" daemon [_thread_blocked, id=28360, stack(0x0000002138100000,0x0000002138200000)]
  0x00000149ea36d0a0 JavaThread "C2 CompilerThread1" daemon [_thread_in_native, id=35016, stack(0x0000002137e00000,0x0000002137f00000)]

Other Threads:
  0x00000149e4cc4b10 VMThread "VM Thread" [stack: 0x0000002135b00000,0x0000002135c00000] [id=7332]
  0x00000149e52cc140 WatcherThread [stack: 0x0000002136700000,0x0000002136800000] [id=20744]
  0x00000149c6caf800 GCTaskThread "GC Thread#0" [stack: 0x0000002135600000,0x0000002135700000] [id=24040]
  0x00000149e58ca6b0 GCTaskThread "GC Thread#1" [stack: 0x0000002136900000,0x0000002136a00000] [id=33156]
  0x00000149e5aaec30 GCTaskThread "GC Thread#2" [stack: 0x0000002136a00000,0x0000002136b00000] [id=3120]
  0x00000149e5d4ebe0 GCTaskThread "GC Thread#3" [stack: 0x0000002136800000,0x0000002136900000] [id=32780]
  0x00000149e57d55d0 GCTaskThread "GC Thread#4" [stack: 0x0000002136b00000,0x0000002136c00000] [id=4028]
  0x00000149e52e9210 GCTaskThread "GC Thread#5" [stack: 0x0000002137600000,0x0000002137700000] [id=19032]
  0x00000149e52e9fd0 GCTaskThread "GC Thread#6" [stack: 0x0000002137700000,0x0000002137800000] [id=32040]
  0x00000149e52e8f50 GCTaskThread "GC Thread#7" [stack: 0x0000002137800000,0x0000002137900000] [id=20132]
  0x00000149c6cc1330 ConcurrentGCThread "G1 Main Marker" [stack: 0x0000002135700000,0x0000002135800000] [id=30368]
  0x00000149c6cc1c60 ConcurrentGCThread "G1 Conc#0" [stack: 0x0000002135800000,0x0000002135900000] [id=34148]
  0x00000149e52e8450 ConcurrentGCThread "G1 Conc#1" [stack: 0x0000002137f00000,0x0000002138000000] [id=22696]
  0x00000149e4b7e020 ConcurrentGCThread "G1 Refine#0" [stack: 0x0000002135900000,0x0000002135a00000] [id=22452]
  0x00000149e4b7e960 ConcurrentGCThread "G1 Service" [stack: 0x0000002135a00000,0x0000002135b00000] [id=31364]

Threads with active compile tasks:
C2 CompilerThread0    23671 3781       4       java.util.regex.Pattern::compile (500 bytes)
C1 CompilerThread0    23671 3846   !   3       jdk.internal.loader.Resource::getBytes (244 bytes)
C2 CompilerThread1    23671 3826   !   4       java.net.URLClassLoader::findClass (47 bytes)

VM state: not at safepoint (normal execution)

VM Mutex/Monitor currently owned by a thread:  ([mutex/lock_event])
[0x00000149c6c17e10] CodeCache_lock - owner thread: 0x00000149e4cfac30
[0x00000149c6c50130] Compile_lock - owner thread: 0x00000149e4cfac30
[0x00000149c6c4fd40] MethodCompileQueue_lock - owner thread: 0x00000149e4cfac30

Heap address: 0x0000000080000000, size: 2048 MB, Compressed Oops mode: 32-bit

CDS archive(s) mapped at: [0x0000014980000000-0x0000014980bb0000-0x0000014980bb0000), size 12255232, SharedBaseAddress: 0x0000014980000000, ArchiveRelocationMode: 1.
Compressed class space mapped at: 0x0000014981000000-0x000001499b000000, reserved size: 436207616
Narrow klass base: 0x0000014980000000, Narrow klass shift: 0, Narrow klass range: 0x100000000

GC Precious Log:
 CPUs: 8 total, 8 available
 Memory: 6088M
 Large Page Support: Disabled
 NUMA Support: Disabled
 Compressed Oops: Enabled (32-bit)
 Heap Region Size: 1M
 Heap Min Capacity: 8M
 Heap Initial Capacity: 96M
 Heap Max Capacity: 2G
 Pre-touch: Disabled
 Parallel Workers: 8
 Concurrent Workers: 2
 Concurrent Refinement Workers: 8
 Periodic GC: Disabled

Heap:
 garbage-first heap   total 89088K, used 45724K [0x0000000080000000, 0x0000000100000000)
  region size 1024K, 25 young (25600K), 7 survivors (7168K)
 Metaspace       used 29691K, committed 30080K, reserved 491520K
  class space    used 4117K, committed 4288K, reserved 425984K

Heap Regions: E=young(eden), S=young(survivor), O=old, HS=humongous(starts), HC=humongous(continues), CS=collection set, F=free, OA=open archive, CA=closed archive, TAMS=top-at-mark-start (previous, next)
|   0|0x0000000080000000, 0x0000000080100000, 0x0000000080100000|100%| O|  |TAMS 0x0000000080100000, 0x0000000080000000| Untracked 
|   1|0x0000000080100000, 0x0000000080200000, 0x0000000080200000|100%|HS|  |TAMS 0x0000000080200000, 0x0000000080100000| Complete 
|   2|0x0000000080200000, 0x0000000080300000, 0x0000000080300000|100%|HC|  |TAMS 0x0000000080300000, 0x0000000080200000| Complete 
|   3|0x0000000080300000, 0x0000000080400000, 0x0000000080400000|100%|HC|  |TAMS 0x0000000080400000, 0x0000000080300000| Complete 
|   4|0x0000000080400000, 0x0000000080500000, 0x0000000080500000|100%| O|  |TAMS 0x0000000080500000, 0x0000000080400000| Untracked 
|   5|0x0000000080500000, 0x0000000080600000, 0x0000000080600000|100%| O|  |TAMS 0x0000000080600000, 0x0000000080500000| Untracked 
|   6|0x0000000080600000, 0x0000000080700000, 0x0000000080700000|100%| O|  |TAMS 0x0000000080700000, 0x0000000080600000| Untracked 
|   7|0x0000000080700000, 0x0000000080800000, 0x0000000080800000|100%|HS|  |TAMS 0x0000000080800000, 0x0000000080700000| Complete 
|   8|0x0000000080800000, 0x0000000080900000, 0x0000000080900000|100%| O|  |TAMS 0x0000000080900000, 0x0000000080800000| Untracked 
|   9|0x0000000080900000, 0x0000000080a00000, 0x0000000080a00000|100%| O|  |TAMS 0x0000000080a00000, 0x0000000080900000| Untracked 
|  10|0x0000000080a00000, 0x0000000080b00000, 0x0000000080b00000|100%| O|  |TAMS 0x0000000080b00000, 0x0000000080a00000| Untracked 
|  11|0x0000000080b00000, 0x0000000080c00000, 0x0000000080c00000|100%| O|  |TAMS 0x0000000080c00000, 0x0000000080b00000| Untracked 
|  12|0x0000000080c00000, 0x0000000080d00000, 0x0000000080d00000|100%| O|  |TAMS 0x0000000080d00000, 0x0000000080c00000| Untracked 
|  13|0x0000000080d00000, 0x0000000080e00000, 0x0000000080e00000|100%| O|  |TAMS 0x0000000080e00000, 0x0000000080d00000| Untracked 
|  14|0x0000000080e00000, 0x0000000080f00000, 0x0000000080f00000|100%| O|  |TAMS 0x0000000080f00000, 0x0000000080e00000| Untracked 
|  15|0x0000000080f00000, 0x0000000081000000, 0x0000000081000000|100%| O|  |TAMS 0x0000000081000000, 0x0000000080f00000| Untracked 
|  16|0x0000000081000000, 0x0000000081100000, 0x0000000081100000|100%| O|  |TAMS 0x0000000081100000, 0x0000000081000000| Untracked 
|  17|0x0000000081100000, 0x0000000081200000, 0x0000000081200000|100%| O|  |TAMS 0x0000000081200000, 0x0000000081100000| Untracked 
|  18|0x0000000081200000, 0x0000000081300000, 0x0000000081300000|100%| O|  |TAMS 0x0000000081300000, 0x0000000081200000| Untracked 
|  19|0x0000000081300000, 0x0000000081400000, 0x0000000081400000|100%| O|  |TAMS 0x0000000081400000, 0x0000000081300000| Untracked 
|  20|0x0000000081400000, 0x0000000081431000, 0x0000000081500000| 19%| O|  |TAMS 0x0000000081431000, 0x0000000081400000| Untracked 
|  21|0x0000000081500000, 0x0000000081576200, 0x0000000081600000| 46%| O|  |TAMS 0x0000000081500000, 0x0000000081500000| Untracked 
|  22|0x0000000081600000, 0x0000000081600000, 0x0000000081700000|  0%| F|  |TAMS 0x0000000081600000, 0x0000000081600000| Untracked 
|  23|0x0000000081700000, 0x0000000081700000, 0x0000000081800000|  0%| F|  |TAMS 0x0000000081700000, 0x0000000081700000| Untracked 
|  24|0x0000000081800000, 0x0000000081800000, 0x0000000081900000|  0%| F|  |TAMS 0x0000000081800000, 0x0000000081800000| Untracked 
|  25|0x0000000081900000, 0x0000000081900000, 0x0000000081a00000|  0%| F|  |TAMS 0x0000000081900000, 0x0000000081900000| Untracked 
|  26|0x0000000081a00000, 0x0000000081a00000, 0x0000000081b00000|  0%| F|  |TAMS 0x0000000081a00000, 0x0000000081a00000| Untracked 
|  27|0x0000000081b00000, 0x0000000081b00000, 0x0000000081c00000|  0%| F|  |TAMS 0x0000000081b00000, 0x0000000081b00000| Untracked 
|  28|0x0000000081c00000, 0x0000000081c00000, 0x0000000081d00000|  0%| F|  |TAMS 0x0000000081c00000, 0x0000000081c00000| Untracked 
|  29|0x0000000081d00000, 0x0000000081e00000, 0x0000000081e00000|100%| S|CS|TAMS 0x0000000081d00000, 0x0000000081d00000| Complete 
|  30|0x0000000081e00000, 0x0000000081f00000, 0x0000000081f00000|100%| S|CS|TAMS 0x0000000081e00000, 0x0000000081e00000| Complete 
|  31|0x0000000081f00000, 0x0000000082000000, 0x0000000082000000|100%| S|CS|TAMS 0x0000000081f00000, 0x0000000081f00000| Complete 
|  32|0x0000000082000000, 0x0000000082100000, 0x0000000082100000|100%| S|CS|TAMS 0x0000000082000000, 0x0000000082000000| Complete 
|  33|0x0000000082100000, 0x0000000082200000, 0x0000000082200000|100%| S|CS|TAMS 0x0000000082100000, 0x0000000082100000| Complete 
|  34|0x0000000082200000, 0x0000000082300000, 0x0000000082300000|100%| S|CS|TAMS 0x0000000082200000, 0x0000000082200000| Complete 
|  35|0x0000000082300000, 0x0000000082400000, 0x0000000082400000|100%| S|CS|TAMS 0x0000000082300000, 0x0000000082300000| Complete 
|  36|0x0000000082400000, 0x0000000082400000, 0x0000000082500000|  0%| F|  |TAMS 0x0000000082400000, 0x0000000082400000| Untracked 
|  37|0x0000000082500000, 0x0000000082500000, 0x0000000082600000|  0%| F|  |TAMS 0x0000000082500000, 0x0000000082500000| Untracked 
|  38|0x0000000082600000, 0x0000000082600000, 0x0000000082700000|  0%| F|  |TAMS 0x0000000082600000, 0x0000000082600000| Untracked 
|  39|0x0000000082700000, 0x0000000082700000, 0x0000000082800000|  0%| F|  |TAMS 0x0000000082700000, 0x0000000082700000| Untracked 
|  40|0x0000000082800000, 0x0000000082800000, 0x0000000082900000|  0%| F|  |TAMS 0x0000000082800000, 0x0000000082800000| Untracked 
|  41|0x0000000082900000, 0x0000000082900000, 0x0000000082a00000|  0%| F|  |TAMS 0x0000000082900000, 0x0000000082900000| Untracked 
|  42|0x0000000082a00000, 0x0000000082a00000, 0x0000000082b00000|  0%| F|  |TAMS 0x0000000082a00000, 0x0000000082a00000| Untracked 
|  43|0x0000000082b00000, 0x0000000082b00000, 0x0000000082c00000|  0%| F|  |TAMS 0x0000000082b00000, 0x0000000082b00000| Untracked 
|  44|0x0000000082c00000, 0x0000000082c00000, 0x0000000082d00000|  0%| F|  |TAMS 0x0000000082c00000, 0x0000000082c00000| Untracked 
|  45|0x0000000082d00000, 0x0000000082d00000, 0x0000000082e00000|  0%| F|  |TAMS 0x0000000082d00000, 0x0000000082d00000| Untracked 
|  46|0x0000000082e00000, 0x0000000082e00000, 0x0000000082f00000|  0%| F|  |TAMS 0x0000000082e00000, 0x0000000082e00000| Untracked 
|  47|0x0000000082f00000, 0x0000000082f00000, 0x0000000083000000|  0%| F|  |TAMS 0x0000000082f00000, 0x0000000082f00000| Untracked 
|  48|0x0000000083000000, 0x0000000083000000, 0x0000000083100000|  0%| F|  |TAMS 0x0000000083000000, 0x0000000083000000| Untracked 
|  49|0x0000000083100000, 0x0000000083100000, 0x0000000083200000|  0%| F|  |TAMS 0x0000000083100000, 0x0000000083100000| Untracked 
|  50|0x0000000083200000, 0x0000000083200000, 0x0000000083300000|  0%| F|  |TAMS 0x0000000083200000, 0x0000000083200000| Untracked 
|  51|0x0000000083300000, 0x0000000083300000, 0x0000000083400000|  0%| F|  |TAMS 0x0000000083300000, 0x0000000083300000| Untracked 
|  52|0x0000000083400000, 0x0000000083400000, 0x0000000083500000|  0%| F|  |TAMS 0x0000000083400000, 0x0000000083400000| Untracked 
|  53|0x0000000083500000, 0x0000000083500000, 0x0000000083600000|  0%| F|  |TAMS 0x0000000083500000, 0x0000000083500000| Untracked 
|  54|0x0000000083600000, 0x0000000083600000, 0x0000000083700000|  0%| F|  |TAMS 0x0000000083600000, 0x0000000083600000| Untracked 
|  55|0x0000000083700000, 0x0000000083700000, 0x0000000083800000|  0%| F|  |TAMS 0x0000000083700000, 0x0000000083700000| Untracked 
|  56|0x0000000083800000, 0x0000000083800000, 0x0000000083900000|  0%| F|  |TAMS 0x0000000083800000, 0x0000000083800000| Untracked 
|  57|0x0000000083900000, 0x0000000083900000, 0x0000000083a00000|  0%| F|  |TAMS 0x0000000083900000, 0x0000000083900000| Untracked 
|  58|0x0000000083a00000, 0x0000000083a00000, 0x0000000083b00000|  0%| F|  |TAMS 0x0000000083a00000, 0x0000000083a00000| Untracked 
|  59|0x0000000083b00000, 0x0000000083b00000, 0x0000000083c00000|  0%| F|  |TAMS 0x0000000083b00000, 0x0000000083b00000| Untracked 
|  60|0x0000000083c00000, 0x0000000083c00000, 0x0000000083d00000|  0%| F|  |TAMS 0x0000000083c00000, 0x0000000083c00000| Untracked 
|  61|0x0000000083d00000, 0x0000000083d00000, 0x0000000083e00000|  0%| F|  |TAMS 0x0000000083d00000, 0x0000000083d00000| Untracked 
|  62|0x0000000083e00000, 0x0000000083e00000, 0x0000000083f00000|  0%| F|  |TAMS 0x0000000083e00000, 0x0000000083e00000| Untracked 
|  63|0x0000000083f00000, 0x0000000083f00000, 0x0000000084000000|  0%| F|  |TAMS 0x0000000083f00000, 0x0000000083f00000| Untracked 
|  64|0x0000000084000000, 0x0000000084000000, 0x0000000084100000|  0%| F|  |TAMS 0x0000000084000000, 0x0000000084000000| Untracked 
|  65|0x0000000084100000, 0x0000000084100000, 0x0000000084200000|  0%| F|  |TAMS 0x0000000084100000, 0x0000000084100000| Untracked 
|  66|0x0000000084200000, 0x0000000084200000, 0x0000000084300000|  0%| F|  |TAMS 0x0000000084200000, 0x0000000084200000| Untracked 
|  67|0x0000000084300000, 0x0000000084300000, 0x0000000084400000|  0%| F|  |TAMS 0x0000000084300000, 0x0000000084300000| Untracked 
|  68|0x0000000084400000, 0x0000000084400000, 0x0000000084500000|  0%| F|  |TAMS 0x0000000084400000, 0x0000000084400000| Untracked 
|  69|0x0000000084500000, 0x0000000084580000, 0x0000000084600000| 50%| E|  |TAMS 0x0000000084500000, 0x0000000084500000| Complete 
|  70|0x0000000084600000, 0x0000000084700000, 0x0000000084700000|100%| E|CS|TAMS 0x0000000084600000, 0x0000000084600000| Complete 
|  71|0x0000000084700000, 0x0000000084800000, 0x0000000084800000|100%| E|CS|TAMS 0x0000000084700000, 0x0000000084700000| Complete 
|  72|0x0000000084800000, 0x0000000084900000, 0x0000000084900000|100%| E|CS|TAMS 0x0000000084800000, 0x0000000084800000| Complete 
|  73|0x0000000084900000, 0x0000000084a00000, 0x0000000084a00000|100%| E|CS|TAMS 0x0000000084900000, 0x0000000084900000| Complete 
|  74|0x0000000084a00000, 0x0000000084b00000, 0x0000000084b00000|100%| E|CS|TAMS 0x0000000084a00000, 0x0000000084a00000| Complete 
|  75|0x0000000084b00000, 0x0000000084c00000, 0x0000000084c00000|100%| E|CS|TAMS 0x0000000084b00000, 0x0000000084b00000| Complete 
|  76|0x0000000084c00000, 0x0000000084d00000, 0x0000000084d00000|100%| E|CS|TAMS 0x0000000084c00000, 0x0000000084c00000| Complete 
|  77|0x0000000084d00000, 0x0000000084e00000, 0x0000000084e00000|100%| E|CS|TAMS 0x0000000084d00000, 0x0000000084d00000| Complete 
|  78|0x0000000084e00000, 0x0000000084f00000, 0x0000000084f00000|100%| E|CS|TAMS 0x0000000084e00000, 0x0000000084e00000| Complete 
|  79|0x0000000084f00000, 0x0000000085000000, 0x0000000085000000|100%| E|CS|TAMS 0x0000000084f00000, 0x0000000084f00000| Complete 
|  80|0x0000000085000000, 0x0000000085100000, 0x0000000085100000|100%| E|CS|TAMS 0x0000000085000000, 0x0000000085000000| Complete 
|  81|0x0000000085100000, 0x0000000085200000, 0x0000000085200000|100%| E|CS|TAMS 0x0000000085100000, 0x0000000085100000| Complete 
|  82|0x0000000085200000, 0x0000000085300000, 0x0000000085300000|100%| E|CS|TAMS 0x0000000085200000, 0x0000000085200000| Complete 
|  83|0x0000000085300000, 0x0000000085400000, 0x0000000085400000|100%| E|CS|TAMS 0x0000000085300000, 0x0000000085300000| Complete 
|  84|0x0000000085400000, 0x0000000085500000, 0x0000000085500000|100%| E|CS|TAMS 0x0000000085400000, 0x0000000085400000| Complete 
|  85|0x0000000085500000, 0x0000000085600000, 0x0000000085600000|100%| E|CS|TAMS 0x0000000085500000, 0x0000000085500000| Complete 
|  95|0x0000000085f00000, 0x0000000086000000, 0x0000000086000000|100%| E|CS|TAMS 0x0000000085f00000, 0x0000000085f00000| Complete 

Card table byte_map: [0x00000149ddeb0000,0x00000149de2b0000] _byte_map_base: 0x00000149ddab0000

Marking Bits (Prev, Next): (CMBitMap*) 0x00000149c6cafd70, (CMBitMap*) 0x00000149c6cafd30
 Prev Bits: [0x00000149e06b0000, 0x00000149e26b0000)
 Next Bits: [0x00000149de6b0000, 0x00000149e06b0000)

Polling page: 0x00000149c4a70000

Metaspace:

Usage:
  Non-class:     24.97 MB used.
      Class:      4.02 MB used.
       Both:     29.00 MB used.

Virtual space:
  Non-class space:       64.00 MB reserved,      25.19 MB ( 39%) committed,  1 nodes.
      Class space:      416.00 MB reserved,       4.19 MB (  1%) committed,  1 nodes.
             Both:      480.00 MB reserved,      29.38 MB (  6%) committed. 

Chunk freelists:
   Non-Class:  6.03 MB
       Class:  11.62 MB
        Both:  17.66 MB

MaxMetaspaceSize: 512.00 MB
CompressedClassSpaceSize: 416.00 MB
Initial GC threshold: 21.00 MB
Current GC threshold: 35.12 MB
CDS: on
MetaspaceReclaimPolicy: balanced
 - commit_granule_bytes: 65536.
 - commit_granule_words: 8192.
 - virtual_space_node_default_size: 8388608.
 - enlarge_chunks_in_place: 1.
 - new_chunks_are_fully_committed: 0.
 - uncommit_free_chunks: 1.
 - use_allocation_guard: 0.
 - handle_deallocations: 1.


Internal statistics:

num_allocs_failed_limit: 3.
num_arena_births: 354.
num_arena_deaths: 0.
num_vsnodes_births: 2.
num_vsnodes_deaths: 0.
num_space_committed: 470.
num_space_uncommitted: 0.
num_chunks_returned_to_freelist: 3.
num_chunks_taken_from_freelist: 1379.
num_chunk_merges: 3.
num_chunk_splits: 934.
num_chunks_enlarged: 683.
num_inconsistent_stats: 0.

CodeHeap 'non-profiled nmethods': size=120000Kb used=2238Kb max_used=2238Kb free=117761Kb
 bounds [0x00000149d6250000, 0x00000149d64c0000, 0x00000149dd780000]
CodeHeap 'profiled nmethods': size=120000Kb used=7868Kb max_used=7868Kb free=112131Kb
 bounds [0x00000149ce780000, 0x00000149cef30000, 0x00000149d5cb0000]
CodeHeap 'non-nmethods': size=5760Kb used=1598Kb max_used=1626Kb free=4161Kb
 bounds [0x00000149d5cb0000, 0x00000149d5f20000, 0x00000149d6250000]
 total_blobs=4497 nmethods=3837 adapters=572
 compilation: enabled
              stopped_count=0, restarted_count=0
 full_count=0

Compilation events (20 events):
Event: 20.147 Thread 0x00000149e4cfac30 3829       3       org.gradle.internal.service.DefaultServiceRegistry$FactoryMethodService::getParameterTypes (10 bytes)
Event: 20.147 Thread 0x00000149e4cfac30 nmethod 3829 0x00000149cef21290 code [0x00000149cef21440, 0x00000149cef21668]
Event: 20.147 Thread 0x00000149e4cfac30 3832       3       java.lang.ThreadLocal::set (30 bytes)
Event: 20.147 Thread 0x00000149e4cfac30 nmethod 3832 0x00000149cef21790 code [0x00000149cef21960, 0x00000149cef21cd8]
Event: 20.148 Thread 0x00000149e4cfac30 3830       3       org.gradle.internal.service.DefaultServiceRegistry$FactoryMethodService::createServiceInstance (17 bytes)
Event: 20.148 Thread 0x00000149e4cfac30 nmethod 3830 0x00000149cef21e10 code [0x00000149cef21fc0, 0x00000149cef22238]
Event: 20.157 Thread 0x00000149ea36d0a0 nmethod 3821 0x00000149d647dd10 code [0x00000149d647dfc0, 0x00000149d647eb58]
Event: 20.157 Thread 0x00000149ea36d0a0 3826   !   4       java.net.URLClassLoader::findClass (47 bytes)
Event: 20.177 Thread 0x00000149e4cfac30 3834   !   3       java.net.URLClassLoader::defineClass (224 bytes)
Event: 20.180 Thread 0x00000149e4cfac30 nmethod 3834 0x00000149cef22310 code [0x00000149cef22720, 0x00000149cef24378]
Event: 20.356 Thread 0x00000149e4cfac30 3835       3       javax.management.ObjectName::construct (1135 bytes)
Event: 21.211 Thread 0x00000149e4cfac30 nmethod 3835 0x00000149cef24d10 code [0x00000149cef25360, 0x00000149cef28ce8]
Event: 21.211 Thread 0x00000149e4cfac30 3839       2       java.lang.ref.Reference::clear (5 bytes)
Event: 21.211 Thread 0x00000149e4cfac30 nmethod 3839 0x00000149cef2a410 code [0x00000149cef2a5a0, 0x00000149cef2a6c8]
Event: 21.211 Thread 0x00000149e4cfac30 3836       3       java.lang.invoke.DirectMethodHandle$Holder::invokeStatic (14 bytes)
Event: 21.211 Thread 0x00000149e4cfac30 nmethod 3836 0x00000149cef2a790 code [0x00000149cef2a960, 0x00000149cef2ae98]
Event: 21.211 Thread 0x00000149e4cfac30 3837       3       java.lang.invoke.DirectMethodHandle$Holder::invokeStatic (17 bytes)
Event: 21.212 Thread 0x00000149e4cfac30 nmethod 3837 0x00000149cef2af90 code [0x00000149cef2b160, 0x00000149cef2b638]
Event: 21.212 Thread 0x00000149e4cfac30 3838       1       javax.management.ObjectName::getCanonicalName (5 bytes)
Event: 21.212 Thread 0x00000149e4cfac30 nmethod 3838 0x00000149d647f790 code [0x00000149d647f920, 0x00000149d647f9f8]

GC Heap History (14 events):
Event: 1.089 GC heap before
{Heap before GC invocations=0 (full 0):
 garbage-first heap   total 98304K, used 22528K [0x0000000080000000, 0x0000000100000000)
  region size 1024K, 23 young (23552K), 0 survivors (0K)
 Metaspace       used 1077K, committed 1216K, reserved 491520K
  class space    used 72K, committed 128K, reserved 425984K
}
Event: 1.097 GC heap after
{Heap after GC invocations=1 (full 0):
 garbage-first heap   total 98304K, used 3832K [0x0000000080000000, 0x0000000100000000)
  region size 1024K, 3 young (3072K), 3 survivors (3072K)
 Metaspace       used 1077K, committed 1216K, reserved 491520K
  class space    used 72K, committed 128K, reserved 425984K
}
Event: 2.723 GC heap before
{Heap before GC invocations=1 (full 0):
 garbage-first heap   total 98304K, used 38648K [0x0000000080000000, 0x0000000100000000)
  region size 1024K, 34 young (34816K), 3 survivors (3072K)
 Metaspace       used 4347K, committed 4544K, reserved 491520K
  class space    used 545K, committed 640K, reserved 425984K
}
Event: 2.738 GC heap after
{Heap after GC invocations=2 (full 0):
 garbage-first heap   total 98304K, used 11230K [0x0000000080000000, 0x0000000100000000)
  region size 1024K, 5 young (5120K), 5 survivors (5120K)
 Metaspace       used 4347K, committed 4544K, reserved 491520K
  class space    used 545K, committed 640K, reserved 425984K
}
Event: 4.591 GC heap before
{Heap before GC invocations=2 (full 0):
 garbage-first heap   total 98304K, used 51166K [0x0000000080000000, 0x0000000100000000)
  region size 1024K, 42 young (43008K), 5 survivors (5120K)
 Metaspace       used 4437K, committed 4608K, reserved 491520K
  class space    used 547K, committed 640K, reserved 425984K
}
Event: 4.605 GC heap after
{Heap after GC invocations=3 (full 0):
 garbage-first heap   total 98304K, used 16250K [0x0000000080000000, 0x0000000100000000)
  region size 1024K, 4 young (4096K), 4 survivors (4096K)
 Metaspace       used 4437K, committed 4608K, reserved 491520K
  class space    used 547K, committed 640K, reserved 425984K
}
Event: 7.737 GC heap before
{Heap before GC invocations=3 (full 0):
 garbage-first heap   total 98304K, used 67450K [0x0000000080000000, 0x0000000100000000)
  region size 1024K, 54 young (55296K), 4 survivors (4096K)
 Metaspace       used 13268K, committed 13504K, reserved 491520K
  class space    used 1812K, committed 1920K, reserved 425984K
}
Event: 7.750 GC heap after
{Heap after GC invocations=4 (full 0):
 garbage-first heap   total 98304K, used 20619K [0x0000000080000000, 0x0000000100000000)
  region size 1024K, 5 young (5120K), 5 survivors (5120K)
 Metaspace       used 13268K, committed 13504K, reserved 491520K
  class space    used 1812K, committed 1920K, reserved 425984K
}
Event: 12.588 GC heap before
{Heap before GC invocations=4 (full 0):
 garbage-first heap   total 98304K, used 66699K [0x0000000080000000, 0x0000000100000000)
  region size 1024K, 50 young (51200K), 5 survivors (5120K)
 Metaspace       used 19015K, committed 19328K, reserved 491520K
  class space    used 2737K, committed 2880K, reserved 425984K
}
Event: 12.604 GC heap after
{Heap after GC invocations=5 (full 0):
 garbage-first heap   total 98304K, used 23687K [0x0000000080000000, 0x0000000100000000)
  region size 1024K, 3 young (3072K), 3 survivors (3072K)
 Metaspace       used 19015K, committed 19328K, reserved 491520K
  class space    used 2737K, committed 2880K, reserved 425984K
}
Event: 15.126 GC heap before
{Heap before GC invocations=5 (full 0):
 garbage-first heap   total 98304K, used 42119K [0x0000000080000000, 0x0000000100000000)
  region size 1024K, 22 young (22528K), 3 survivors (3072K)
 Metaspace       used 21185K, committed 21504K, reserved 491520K
  class space    used 3076K, committed 3264K, reserved 425984K
}
Event: 15.133 GC heap after
{Heap after GC invocations=6 (full 0):
 garbage-first heap   total 98304K, used 24612K [0x0000000080000000, 0x0000000100000000)
  region size 1024K, 4 young (4096K), 4 survivors (4096K)
 Metaspace       used 21185K, committed 21504K, reserved 491520K
  class space    used 3076K, committed 3264K, reserved 425984K
}
Event: 19.824 GC heap before
{Heap before GC invocations=7 (full 0):
 garbage-first heap   total 89088K, used 71716K [0x0000000080000000, 0x0000000100000000)
  region size 1024K, 51 young (52224K), 4 survivors (4096K)
 Metaspace       used 29184K, committed 29632K, reserved 491520K
  class space    used 4068K, committed 4288K, reserved 425984K
}
Event: 19.836 GC heap after
{Heap after GC invocations=8 (full 0):
 garbage-first heap   total 89088K, used 28316K [0x0000000080000000, 0x0000000100000000)
  region size 1024K, 7 young (7168K), 7 survivors (7168K)
 Metaspace       used 29184K, committed 29632K, reserved 491520K
  class space    used 4068K, committed 4288K, reserved 425984K
}

Dll operation events (16 events):
Event: 0.056 Loaded shared library C:\Program Files\Microsoft\jdk-17.0.13.11-hotspot\bin\java.dll
Event: 0.097 Loaded shared library C:\Program Files\Microsoft\jdk-17.0.13.11-hotspot\bin\jsvml.dll
Event: 0.249 Loaded shared library C:\Program Files\Microsoft\jdk-17.0.13.11-hotspot\bin\zip.dll
Event: 0.259 Loaded shared library C:\Program Files\Microsoft\jdk-17.0.13.11-hotspot\bin\instrument.dll
Event: 0.271 Loaded shared library C:\Program Files\Microsoft\jdk-17.0.13.11-hotspot\bin\net.dll
Event: 0.278 Loaded shared library C:\Program Files\Microsoft\jdk-17.0.13.11-hotspot\bin\nio.dll
Event: 0.285 Loaded shared library C:\Program Files\Microsoft\jdk-17.0.13.11-hotspot\bin\zip.dll
Event: 0.882 Loaded shared library C:\Program Files\Microsoft\jdk-17.0.13.11-hotspot\bin\jimage.dll
Event: 1.229 Loaded shared library C:\Program Files\Microsoft\jdk-17.0.13.11-hotspot\bin\verify.dll
Event: 1.599 Loaded shared library C:\Users\saura\.gradle\native\1def1411415f61bf3af743bc5b6707747c0891f09f0c88961ee8f79bc544acac\windows-amd64\native-platform.dll
Event: 1.640 Loaded shared library C:\Users\saura\.gradle\native\0.2.5\x86_64-windows-gnu\gradle-fileevents.dll
Event: 5.254 Loaded shared library C:\Program Files\Microsoft\jdk-17.0.13.11-hotspot\bin\management.dll
Event: 5.260 Loaded shared library C:\Program Files\Microsoft\jdk-17.0.13.11-hotspot\bin\management_ext.dll
Event: 5.779 Loaded shared library C:\Program Files\Microsoft\jdk-17.0.13.11-hotspot\bin\extnet.dll
Event: 6.494 Loaded shared library C:\Program Files\Microsoft\jdk-17.0.13.11-hotspot\bin\sunmscapi.dll
Event: 9.521 Loaded shared library C:\Users\saura\AppData\Local\Temp\native-platform15346594575309710423dir\gradle-fileevents.dll

Deoptimization events (20 events):
Event: 18.238 Thread 0x00000149eabdce30 Uncommon trap: trap_request=0xffffff45 fr.pc=0x00000149d62e0190 relative=0x0000000000000670
Event: 18.238 Thread 0x00000149eabdce30 Uncommon trap: reason=unstable_if action=reinterpret pc=0x00000149d62e0190 method=java.util.Properties$LineReader.readLine()I @ 95 c2
Event: 18.238 Thread 0x00000149eabdce30 DEOPT PACKING pc=0x00000149d62e0190 sp=0x00000021372f8d50
Event: 18.238 Thread 0x00000149eabdce30 DEOPT UNPACKING pc=0x00000149d5d069a3 sp=0x00000021372f8d08 mode 2
Event: 19.206 Thread 0x00000149eabdce30 Uncommon trap: trap_request=0xffffff45 fr.pc=0x00000149d638cfd0 relative=0x00000000000061d0
Event: 19.206 Thread 0x00000149eabdce30 Uncommon trap: reason=unstable_if action=reinterpret pc=0x00000149d638cfd0 method=java.lang.ClassLoader.getClassLoadingLock(Ljava/lang/String;)Ljava/lang/Object; @ 6 c2
Event: 19.206 Thread 0x00000149eabdce30 DEOPT PACKING pc=0x00000149d638cfd0 sp=0x00000021372f8cf0
Event: 19.206 Thread 0x00000149eabdce30 DEOPT UNPACKING pc=0x00000149d5d069a3 sp=0x00000021372f8d20 mode 2
Event: 19.355 Thread 0x00000149eabdce30 Uncommon trap: trap_request=0xffffffc6 fr.pc=0x00000149d6435b14 relative=0x00000000000042d4
Event: 19.355 Thread 0x00000149eabdce30 Uncommon trap: reason=bimorphic_or_optimized_type_check action=maybe_recompile pc=0x00000149d6435b14 method=java.net.URL.<init>(Ljava/net/URL;Ljava/lang/String;Ljava/net/URLStreamHandler;)V @ 504 c2
Event: 19.355 Thread 0x00000149eabdce30 DEOPT PACKING pc=0x00000149d6435b14 sp=0x00000021372f8440
Event: 19.355 Thread 0x00000149eabdce30 DEOPT UNPACKING pc=0x00000149d5d069a3 sp=0x00000021372f8400 mode 2
Event: 19.824 Thread 0x00000149eabdce30 Uncommon trap: trap_request=0xffffff45 fr.pc=0x00000149d6365500 relative=0x00000000000000e0
Event: 19.824 Thread 0x00000149eabdce30 Uncommon trap: reason=unstable_if action=reinterpret pc=0x00000149d6365500 method=java.lang.ClassLoader.getClassLoadingLock(Ljava/lang/String;)Ljava/lang/Object; @ 6 c2
Event: 19.824 Thread 0x00000149eabdce30 DEOPT PACKING pc=0x00000149d6365500 sp=0x00000021372f8d50
Event: 19.824 Thread 0x00000149eabdce30 DEOPT UNPACKING pc=0x00000149d5d069a3 sp=0x00000021372f8ce0 mode 2
Event: 19.858 Thread 0x00000149eabdce30 Uncommon trap: trap_request=0xffffff6e fr.pc=0x00000149d6467454 relative=0x0000000000000474
Event: 19.858 Thread 0x00000149eabdce30 Uncommon trap: reason=loop_limit_check action=maybe_recompile pc=0x00000149d6467454 method=java.util.regex.Pattern$Start.match(Ljava/util/regex/Matcher;ILjava/lang/CharSequence;)Z @ 34 c2
Event: 19.858 Thread 0x00000149eabdce30 DEOPT PACKING pc=0x00000149d6467454 sp=0x00000021372f8ac0
Event: 19.858 Thread 0x00000149eabdce30 DEOPT UNPACKING pc=0x00000149d5d069a3 sp=0x00000021372f8a00 mode 2

Classes loaded (20 events):
Event: 19.893 Loading class jdk/internal/jrtfs/SystemImage$1
Event: 19.894 Loading class jdk/internal/jrtfs/SystemImage$1 done
Event: 19.894 Loading class jdk/internal/jimage/ImageReader$SharedImageReader$LocationVisitor
Event: 19.894 Loading class jdk/internal/jimage/ImageReader$SharedImageReader$LocationVisitor done
Event: 19.895 Loading class java/nio/ByteBufferAsIntBufferL
Event: 19.899 Loading class java/nio/ByteBufferAsIntBufferL done
Event: 19.901 Loading class jdk/internal/jrtfs/JrtFileAttributes
Event: 19.921 Loading class jdk/internal/jrtfs/JrtFileAttributes done
Event: 19.921 Loading class jdk/internal/jrtfs/JrtDirectoryStream
Event: 19.922 Loading class jdk/internal/jrtfs/JrtDirectoryStream done
Event: 19.924 Loading class jdk/internal/jrtfs/JrtDirectoryStream$1
Event: 19.925 Loading class jdk/internal/jrtfs/JrtDirectoryStream$1 done
Event: 19.926 Loading class java/util/function/BooleanSupplier
Event: 19.926 Loading class java/util/function/BooleanSupplier done
Event: 19.927 Loading class jdk/internal/jimage/ImageReader$Resource
Event: 19.927 Loading class jdk/internal/jimage/ImageReader$Resource done
Event: 20.082 Loading class java/util/WeakHashMap$KeyIterator
Event: 20.086 Loading class java/util/WeakHashMap$HashIterator
Event: 20.087 Loading class java/util/WeakHashMap$HashIterator done
Event: 20.087 Loading class java/util/WeakHashMap$KeyIterator done

Classes unloaded (0 events):
No events

Classes redefined (0 events):
No events

Internal exceptions (20 events):
Event: 15.476 Thread 0x00000149eabdce30 Exception <a 'java/lang/NoSuchMethodError'{0x00000000852e7c18}: 'int java.lang.invoke.DirectMethodHandle$Holder.invokeVirtual(java.lang.Object, java.lang.Object)'> (0x00000000852e7c18) 
thrown [s\src\hotspot\share\interpreter\linkResolver.cpp, line 759]
Event: 16.444 Thread 0x00000149eabdce30 Implicit null exception at 0x00000149d62b930f to 0x00000149d62b984c
Event: 16.530 Thread 0x00000149eabdce30 Exception <a 'java/lang/NoSuchMethodError'{0x0000000083edc5a0}: 'java.lang.Object java.lang.invoke.DirectMethodHandle$Holder.newInvokeSpecial(java.lang.Object, java.lang.Object, int, int)'> (0x0000000083edc5a0) 
thrown [s\src\hotspot\share\interpreter\linkResolver.cpp, line 759]
Event: 17.114 Thread 0x00000149eabdce30 Implicit null exception at 0x00000149d63e36ea to 0x00000149d63e3b78
Event: 17.152 Thread 0x00000149eabdce30 Exception <a 'java/lang/NoSuchMethodError'{0x000000008376b3f8}: 'java.lang.Object java.lang.invoke.DirectMethodHandle$Holder.invokeStaticInit(java.lang.Object, java.lang.Object, java.lang.Object)'> (0x000000008376b3f8) 
thrown [s\src\hotspot\share\interpreter\linkResolver.cpp, line 759]
Event: 17.189 Thread 0x00000149eabdce30 Exception <a 'java/lang/NoSuchMethodError'{0x0000000083655120}: 'void java.lang.invoke.DirectMethodHandle$Holder.invokeStaticInit(java.lang.Object, java.lang.Object, java.lang.Object)'> (0x0000000083655120) 
thrown [s\src\hotspot\share\interpreter\linkResolver.cpp, line 759]
Event: 17.191 Thread 0x00000149eabdce30 Exception <a 'java/lang/NoSuchMethodError'{0x000000008365c538}: 'void java.lang.invoke.DirectMethodHandle$Holder.invokeStaticInit(java.lang.Object, java.lang.Object, java.lang.Object, java.lang.Object)'> (0x000000008365c538) 
thrown [s\src\hotspot\share\interpreter\linkResolver.cpp, line 759]
Event: 17.197 Thread 0x00000149eabdce30 Exception <a 'java/lang/NoSuchMethodError'{0x000000008367e8f8}: 'void java.lang.invoke.DirectMethodHandle$Holder.invokeStaticInit(java.lang.Object, java.lang.Object, java.lang.Object, java.lang.Object, java.lang.Object)'> (0x000000008367e8f8) 
thrown [s\src\hotspot\share\interpreter\linkResolver.cpp, line 759]
Event: 17.246 Thread 0x00000149eabdce30 Exception <a 'java/lang/NoSuchMethodError'{0x00000000836d9e60}: 'int java.lang.invoke.DirectMethodHandle$Holder.invokeStaticInit(java.lang.Object, java.lang.Object, java.lang.Object, java.lang.Object)'> (0x00000000836d9e60) 
thrown [s\src\hotspot\share\interpreter\linkResolver.cpp, line 759]
Event: 18.531 Thread 0x00000149eabdce30 Exception <a 'java/lang/ClassNotFoundException'{0x0000000082b40f68}: groovy/lang/ExpandoMetaClassBeanInfo> (0x0000000082b40f68) 
thrown [s\src\hotspot\share\classfile\systemDictionary.cpp, line 256]
Event: 18.532 Thread 0x00000149eabdce30 Exception <a 'java/lang/ClassNotFoundException'{0x0000000082b581f0}: groovy/lang/MetaClassImplBeanInfo> (0x0000000082b581f0) 
thrown [s\src\hotspot\share\classfile\systemDictionary.cpp, line 256]
Event: 18.532 Thread 0x00000149eabdce30 Exception <a 'java/lang/ClassNotFoundException'{0x0000000082b5d628}: java/lang/ObjectBeanInfo> (0x0000000082b5d628) 
thrown [s\src\hotspot\share\classfile\systemDictionary.cpp, line 256]
Event: 18.540 Thread 0x00000149eabdce30 Exception <a 'java/lang/ClassNotFoundException'{0x0000000082b63c98}: java/lang/ObjectCustomizer> (0x0000000082b63c98) 
thrown [s\src\hotspot\share\classfile\systemDictionary.cpp, line 256]
Event: 18.599 Thread 0x00000149eabdce30 Exception <a 'java/lang/IncompatibleClassChangeError'{0x0000000082b73658}: Found class java.lang.Object, but interface was expected> (0x0000000082b73658) 
thrown [s\src\hotspot\share\interpreter\linkResolver.cpp, line 826]
Event: 18.649 Thread 0x00000149eabdce30 Exception <a 'java/lang/ClassNotFoundException'{0x0000000082b9b0a0}: groovy/lang/MetaClassImplCustomizer> (0x0000000082b9b0a0) 
thrown [s\src\hotspot\share\classfile\systemDictionary.cpp, line 256]
Event: 18.663 Thread 0x00000149eabdce30 Exception <a 'java/lang/ClassNotFoundException'{0x0000000082bd1510}: groovy/lang/ExpandoMetaClassCustomizer> (0x0000000082bd1510) 
thrown [s\src\hotspot\share\classfile\systemDictionary.cpp, line 256]
Event: 20.095 Thread 0x00000149eabdce30 Exception <a 'java/lang/ClassNotFoundException'{0x0000000084793800}: org/gradle/internal/extensibility/DefaultExtraPropertiesExtensionBeanInfo> (0x0000000084793800) 
thrown [s\src\hotspot\share\classfile\systemDictionary.cpp, line 256]
Event: 20.100 Thread 0x00000149eabdce30 Exception <a 'java/lang/ClassNotFoundException'{0x00000000847aab18}: groovy/lang/GroovyObjectSupportBeanInfo> (0x00000000847aab18) 
thrown [s\src\hotspot\share\classfile\systemDictionary.cpp, line 256]
Event: 20.101 Thread 0x00000149eabdce30 Exception <a 'java/lang/ClassNotFoundException'{0x00000000847c1e48}: groovy/lang/GroovyObjectSupportCustomizer> (0x00000000847c1e48) 
thrown [s\src\hotspot\share\classfile\systemDictionary.cpp, line 256]
Event: 20.105 Thread 0x00000149eabdce30 Exception <a 'java/lang/ClassNotFoundException'{0x00000000847dc118}: org/gradle/internal/extensibility/DefaultExtraPropertiesExtensionCustomizer> (0x00000000847dc118) 
thrown [s\src\hotspot\share\classfile\systemDictionary.cpp, line 256]

VM Operations (20 events):
Event: 16.967 Executing VM operation: HandshakeAllThreads
Event: 16.967 Executing VM operation: HandshakeAllThreads done
Event: 17.590 Executing VM operation: HandshakeAllThreads
Event: 17.590 Executing VM operation: HandshakeAllThreads done
Event: 17.590 Executing VM operation: Cleanup
Event: 17.590 Executing VM operation: Cleanup done
Event: 18.603 Executing VM operation: Cleanup
Event: 18.619 Executing VM operation: Cleanup done
Event: 19.356 Executing VM operation: HandshakeAllThreads
Event: 19.356 Executing VM operation: HandshakeAllThreads done
Event: 19.356 Executing VM operation: HandshakeAllThreads
Event: 19.356 Executing VM operation: HandshakeAllThreads done
Event: 19.456 Executing VM operation: HandshakeAllThreads
Event: 19.456 Executing VM operation: HandshakeAllThreads done
Event: 19.824 Executing VM operation: G1CollectForAllocation
Event: 19.836 Executing VM operation: G1CollectForAllocation done
Event: 19.900 Executing VM operation: HandshakeAllThreads
Event: 19.900 Executing VM operation: HandshakeAllThreads done
Event: 20.916 Executing VM operation: Cleanup
Event: 21.211 Executing VM operation: Cleanup done

Memory protections (0 events):
No events

Nmethod flushes (0 events):
No events

Events (20 events):
Event: 6.432 Thread 0x00000149c6c519d0 Thread added: 0x00000149e584f830
Event: 6.577 Thread 0x00000149e4cfac30 Thread added: 0x00000149ea36db40
Event: 6.661 Thread 0x00000149e5887c20 Thread added: 0x00000149ea2dfa60
Event: 6.671 Thread 0x00000149ea2dfa60 Thread added: 0x00000149e532eb90
Event: 6.766 Thread 0x00000149ea36db40 Thread exited: 0x00000149ea36db40
Event: 6.781 Thread 0x00000149ea2dfa60 Thread added: 0x00000149eabdaac0
Event: 6.807 Thread 0x00000149ea2dfa60 Thread added: 0x00000149eabdce30
Event: 6.834 Thread 0x00000149eabdce30 Thread added: 0x00000149eabdc410
Event: 6.841 Thread 0x00000149eabdce30 Thread added: 0x00000149eabdb4e0
Event: 6.848 Thread 0x00000149eabdce30 Thread added: 0x00000149eabdb9f0
Event: 8.068 Thread 0x00000149eabdce30 Thread added: 0x00000149eabdc920
Event: 8.096 Thread 0x00000149eabdce30 Thread added: 0x00000149eabdbf00
Event: 9.205 Thread 0x00000149eabdce30 Thread added: 0x00000149eabd9680
Event: 14.320 Thread 0x00000149eabdce30 Thread added: 0x00000149eabdafd0
Event: 14.464 Thread 0x00000149eabdce30 Thread added: 0x00000149eabda0a0
Event: 14.903 Thread 0x00000149e4cfac30 Thread added: 0x00000149ea36e090
Event: 15.423 Thread 0x00000149eabdce30 Thread added: 0x00000149eabda5b0
Event: 15.465 Thread 0x00000149eabdce30 Thread added: 0x00000149ec6aa8c0
Event: 17.566 Thread 0x00000149ea36e090 Thread exited: 0x00000149ea36e090
Event: 19.647 Thread 0x00000149e4cf8260 Thread added: 0x00000149ea36d0a0


Dynamic libraries:
0x00007ff7ceac0000 - 0x00007ff7ceace000 	C:\Program Files\Microsoft\jdk-17.0.13.11-hotspot\bin\java.exe
0x00007ffe58740000 - 0x00007ffe589a7000 	C:\WINDOWS\SYSTEM32\ntdll.dll
0x00007ffe567f0000 - 0x00007ffe568b9000 	C:\WINDOWS\System32\KERNEL32.DLL
0x00007ffe55e30000 - 0x00007ffe56220000 	C:\WINDOWS\System32\KERNELBASE.dll
0x00007ffe55900000 - 0x00007ffe55a4b000 	C:\WINDOWS\System32\ucrtbase.dll
0x00007ffe46690000 - 0x00007ffe466a7000 	C:\Program Files\Microsoft\jdk-17.0.13.11-hotspot\bin\jli.dll
0x00007ffe57ef0000 - 0x00007ffe580b5000 	C:\WINDOWS\System32\USER32.dll
0x00007ffe55b00000 - 0x00007ffe55b27000 	C:\WINDOWS\System32\win32u.dll
0x00007ffe56e40000 - 0x00007ffe56e6b000 	C:\WINDOWS\System32\GDI32.dll
0x00007ffe56230000 - 0x00007ffe56368000 	C:\WINDOWS\System32\gdi32full.dll
0x00007ffe55a50000 - 0x00007ffe55af3000 	C:\WINDOWS\System32\msvcp_win.dll
0x00007ffe49e30000 - 0x00007ffe49e4d000 	C:\Program Files\Microsoft\jdk-17.0.13.11-hotspot\bin\VCRUNTIME140.dll
0x00007ffe46780000 - 0x00007ffe46a1a000 	C:\WINDOWS\WinSxS\amd64_microsoft.windows.common-controls_6595b64144ccf1df_6.0.26100.4768_none_3e0c112ce331287c\COMCTL32.dll
0x00007ffe568c0000 - 0x00007ffe56969000 	C:\WINDOWS\System32\msvcrt.dll
0x00007ffe564d0000 - 0x00007ffe564ff000 	C:\WINDOWS\System32\IMM32.DLL
0x00007ffe49f60000 - 0x00007ffe49f6c000 	C:\Program Files\Microsoft\jdk-17.0.13.11-hotspot\bin\vcruntime140_1.dll
0x00007ffe02b60000 - 0x00007ffe02bed000 	C:\Program Files\Microsoft\jdk-17.0.13.11-hotspot\bin\msvcp140.dll
0x00007ffdd8fc0000 - 0x00007ffdd9c31000 	C:\Program Files\Microsoft\jdk-17.0.13.11-hotspot\bin\server\jvm.dll
0x00007ffe56c10000 - 0x00007ffe56cc4000 	C:\WINDOWS\System32\ADVAPI32.dll
0x00007ffe56b60000 - 0x00007ffe56c06000 	C:\WINDOWS\System32\sechost.dll
0x00007ffe585e0000 - 0x00007ffe586f8000 	C:\WINDOWS\System32\RPCRT4.dll
0x00007ffe57230000 - 0x00007ffe572a4000 	C:\WINDOWS\System32\WS2_32.dll
0x00007ffe556d0000 - 0x00007ffe5572e000 	C:\WINDOWS\SYSTEM32\POWRPROF.dll
0x00007ffe46a20000 - 0x00007ffe46a55000 	C:\WINDOWS\SYSTEM32\WINMM.dll
0x00007ffe477f0000 - 0x00007ffe477fb000 	C:\WINDOWS\SYSTEM32\VERSION.dll
0x00007ffe556a0000 - 0x00007ffe556b4000 	C:\WINDOWS\SYSTEM32\UMPDC.dll
0x00007ffe545f0000 - 0x00007ffe5460b000 	C:\WINDOWS\SYSTEM32\kernel.appcore.dll
0x00007ffe3ce80000 - 0x00007ffe3ce8a000 	C:\Program Files\Microsoft\jdk-17.0.13.11-hotspot\bin\jimage.dll
0x00007ffe504c0000 - 0x00007ffe50701000 	C:\WINDOWS\SYSTEM32\DBGHELP.DLL
0x00007ffe58180000 - 0x00007ffe58505000 	C:\WINDOWS\System32\combase.dll
0x00007ffe56690000 - 0x00007ffe56770000 	C:\WINDOWS\System32\OLEAUT32.dll
0x00007ffe45640000 - 0x00007ffe45683000 	C:\WINDOWS\SYSTEM32\dbgcore.DLL
0x00007ffe56370000 - 0x00007ffe56409000 	C:\WINDOWS\System32\bcryptPrimitives.dll
0x00007ffe3c080000 - 0x00007ffe3c08e000 	C:\Program Files\Microsoft\jdk-17.0.13.11-hotspot\bin\instrument.dll
0x00007ffe30e70000 - 0x00007ffe30e95000 	C:\Program Files\Microsoft\jdk-17.0.13.11-hotspot\bin\java.dll
0x00007ffe00ff0000 - 0x00007ffe010c7000 	C:\Program Files\Microsoft\jdk-17.0.13.11-hotspot\bin\jsvml.dll
0x00007ffe57310000 - 0x00007ffe57a5d000 	C:\WINDOWS\System32\SHELL32.dll
0x00007ffe55cb0000 - 0x00007ffe55e23000 	C:\WINDOWS\System32\wintypes.dll
0x00007ffe53490000 - 0x00007ffe53cf0000 	C:\WINDOWS\SYSTEM32\windows.storage.dll
0x00007ffe57020000 - 0x00007ffe57115000 	C:\WINDOWS\System32\SHCORE.dll
0x00007ffe56780000 - 0x00007ffe567ea000 	C:\WINDOWS\System32\shlwapi.dll
0x00007ffe55790000 - 0x00007ffe557b9000 	C:\WINDOWS\SYSTEM32\profapi.dll
0x00007ffe3af50000 - 0x00007ffe3af68000 	C:\Program Files\Microsoft\jdk-17.0.13.11-hotspot\bin\zip.dll
0x00007ffe35920000 - 0x00007ffe3593a000 	C:\Program Files\Microsoft\jdk-17.0.13.11-hotspot\bin\net.dll
0x00007ffe4e230000 - 0x00007ffe4e34e000 	C:\WINDOWS\SYSTEM32\WINHTTP.dll
0x00007ffe54b80000 - 0x00007ffe54beb000 	C:\WINDOWS\system32\mswsock.dll
0x00007ffe30d70000 - 0x00007ffe30d86000 	C:\Program Files\Microsoft\jdk-17.0.13.11-hotspot\bin\nio.dll
0x00007ffe3bf70000 - 0x00007ffe3bf80000 	C:\Program Files\Microsoft\jdk-17.0.13.11-hotspot\bin\verify.dll
0x00007ffe31050000 - 0x00007ffe31077000 	C:\Users\saura\.gradle\native\1def1411415f61bf3af743bc5b6707747c0891f09f0c88961ee8f79bc544acac\windows-amd64\native-platform.dll
0x000000005ecb0000 - 0x000000005ed23000 	C:\Users\saura\.gradle\native\0.2.5\x86_64-windows-gnu\gradle-fileevents.dll
0x00007ffe3bf40000 - 0x00007ffe3bf4a000 	C:\Program Files\Microsoft\jdk-17.0.13.11-hotspot\bin\management.dll
0x00007ffe3bdd0000 - 0x00007ffe3bddb000 	C:\Program Files\Microsoft\jdk-17.0.13.11-hotspot\bin\management_ext.dll
0x00007ffe58550000 - 0x00007ffe58558000 	C:\WINDOWS\System32\PSAPI.DLL
0x00007ffe54e40000 - 0x00007ffe54e5b000 	C:\WINDOWS\SYSTEM32\CRYPTSP.dll
0x00007ffe54550000 - 0x00007ffe5458b000 	C:\WINDOWS\system32\rsaenh.dll
0x00007ffe54c20000 - 0x00007ffe54c4b000 	C:\WINDOWS\SYSTEM32\USERENV.dll
0x00007ffe55760000 - 0x00007ffe55786000 	C:\WINDOWS\SYSTEM32\bcrypt.dll
0x00007ffe54e60000 - 0x00007ffe54e6c000 	C:\WINDOWS\SYSTEM32\CRYPTBASE.dll
0x00007ffe54000000 - 0x00007ffe54033000 	C:\WINDOWS\SYSTEM32\IPHLPAPI.DLL
0x00007ffe58540000 - 0x00007ffe5854a000 	C:\WINDOWS\System32\NSI.dll
0x00007ffe4ed00000 - 0x00007ffe4ed1f000 	C:\WINDOWS\SYSTEM32\dhcpcsvc6.DLL
0x00007ffe4e950000 - 0x00007ffe4e975000 	C:\WINDOWS\SYSTEM32\dhcpcsvc.DLL
0x00007ffe54090000 - 0x00007ffe541b6000 	C:\WINDOWS\SYSTEM32\DNSAPI.dll
0x00007ffe3bdc0000 - 0x00007ffe3bdc9000 	C:\Program Files\Microsoft\jdk-17.0.13.11-hotspot\bin\extnet.dll
0x00007ffe3bdb0000 - 0x00007ffe3bdbe000 	C:\Program Files\Microsoft\jdk-17.0.13.11-hotspot\bin\sunmscapi.dll
0x00007ffe55b30000 - 0x00007ffe55ca7000 	C:\WINDOWS\System32\CRYPT32.dll
0x00007ffe55060000 - 0x00007ffe55090000 	C:\WINDOWS\SYSTEM32\ncrypt.dll
0x00007ffe55010000 - 0x00007ffe5504f000 	C:\WINDOWS\SYSTEM32\NTASN1.dll
0x00007ffdb2130000 - 0x00007ffdb2138000 	C:\WINDOWS\system32\wshunix.dll
0x000000005ebb0000 - 0x000000005ec23000 	C:\Users\saura\AppData\Local\Temp\native-platform15346594575309710423dir\gradle-fileevents.dll

dbghelp: loaded successfully - version: 4.0.5 - missing functions: none
symbol engine: initialized successfully - sym options: 0x614 - pdb path: .;C:\Program Files\Microsoft\jdk-17.0.13.11-hotspot\bin;C:\WINDOWS\SYSTEM32;C:\WINDOWS\WinSxS\amd64_microsoft.windows.common-controls_6595b64144ccf1df_6.0.26100.4768_none_3e0c112ce331287c;C:\Program Files\Microsoft\jdk-17.0.13.11-hotspot\bin\server;C:\Users\saura\.gradle\native\1def1411415f61bf3af743bc5b6707747c0891f09f0c88961ee8f79bc544acac\windows-amd64;C:\Users\saura\.gradle\native\0.2.5\x86_64-windows-gnu;C:\Users\saura\AppData\Local\Temp\native-platform15346594575309710423dir

VM Arguments:
jvm_args: --add-opens=java.base/java.lang=ALL-UNNAMED --add-opens=java.base/java.lang.invoke=ALL-UNNAMED --add-opens=java.base/java.util=ALL-UNNAMED --add-opens=java.prefs/java.util.prefs=ALL-UNNAMED --add-exports=jdk.compiler/com.sun.tools.javac.api=ALL-UNNAMED --add-exports=jdk.compiler/com.sun.tools.javac.util=ALL-UNNAMED --add-opens=java.base/java.util=ALL-UNNAMED --add-opens=java.prefs/java.util.prefs=ALL-UNNAMED --add-opens=java.base/java.nio.charset=ALL-UNNAMED --add-opens=java.base/java.net=ALL-UNNAMED --add-opens=java.base/java.util.concurrent.atomic=ALL-UNNAMED --add-opens=java.xml/javax.xml.namespace=ALL-UNNAMED -XX:MaxMetaspaceSize=512m -Xmx2048m -Dfile.encoding=windows-1252 -Duser.country=US -Duser.language=en -Duser.variant -javaagent:C:\Users\saura\.gradle\wrapper\dists\gradle-8.12-all\ejduaidbjup3bmmkhw3rie4zb\gradle-8.12\lib\agents\gradle-instrumentation-agent-8.12.jar 
java_command: org.gradle.launcher.daemon.bootstrap.GradleDaemon 8.12
java_class_path (initial): C:\Users\saura\.gradle\wrapper\dists\gradle-8.12-all\ejduaidbjup3bmmkhw3rie4zb\gradle-8.12\lib\gradle-daemon-main-8.12.jar
Launcher Type: SUN_STANDARD

[Global flags]
     intx CICompilerCount                          = 4                                         {product} {ergonomic}
   size_t CompressedClassSpaceSize                 = 436207616                                 {product} {ergonomic}
     uint ConcGCThreads                            = 2                                         {product} {ergonomic}
     uint G1ConcRefinementThreads                  = 8                                         {product} {ergonomic}
   size_t G1HeapRegionSize                         = 1048576                                   {product} {ergonomic}
    uintx GCDrainStackTargetSize                   = 64                                        {product} {ergonomic}
   size_t InitialHeapSize                          = 100663296                                 {product} {ergonomic}
   size_t MarkStackSize                            = 4194304                                   {product} {ergonomic}
   size_t MaxHeapSize                              = 2147483648                                {product} {command line}
   size_t MaxMetaspaceSize                         = 536870912                                 {product} {command line}
   size_t MaxNewSize                               = 1287651328                                {product} {ergonomic}
   size_t MinHeapDeltaBytes                        = 1048576                                   {product} {ergonomic}
   size_t MinHeapSize                              = 8388608                                   {product} {ergonomic}
    uintx NonNMethodCodeHeapSize                   = 5839372                                {pd product} {ergonomic}
    uintx NonProfiledCodeHeapSize                  = 122909434                              {pd product} {ergonomic}
    uintx ProfiledCodeHeapSize                     = 122909434                              {pd product} {ergonomic}
    uintx ReservedCodeCacheSize                    = 251658240                              {pd product} {ergonomic}
     bool SegmentedCodeCache                       = true                                      {product} {ergonomic}
   size_t SoftMaxHeapSize                          = 2147483648                             {manageable} {ergonomic}
     bool UseCompressedClassPointers               = true                           {product lp64_product} {ergonomic}
     bool UseCompressedOops                        = true                           {product lp64_product} {ergonomic}
     bool UseG1GC                                  = true                                      {product} {ergonomic}
     bool UseLargePagesIndividualAllocation        = false                                  {pd product} {ergonomic}

Logging:
Log output configuration:
 #0: stdout all=warning uptime,level,tags
 #1: stderr all=off uptime,level,tags

Environment Variables:
JAVA_HOME=C:\Program Files\Microsoft\jdk-17.0.13.11-hotspot
CLASSPATH=C:\Users\saura\Desktop\SvindoVendor\Svindo_VendorApp\android\\gradle\wrapper\gradle-wrapper.jar
PATH=C:\Users\saura\Desktop\SvindoVendor\Svindo_VendorApp\node_modules\.bin;C:\Users\saura\Desktop\SvindoVendor\Svindo_VendorApp\node_modules\.bin;C:\Users\saura\Desktop\SvindoVendor\node_modules\.bin;C:\Users\saura\Desktop\node_modules\.bin;C:\Users\saura\node_modules\.bin;C:\Users\node_modules\.bin;C:\node_modules\.bin;C:\Users\saura\AppData\Roaming\npm\node_modules\npm\node_modules\@npmcli\run-script\lib\node-gyp-bin;C:\Program Files\Microsoft\jdk-17.0.13.11-hotspot\bin;C:\Program Files\Common Files\Oracle\Java\javapath;C:\Program Files\NVIDIA GPU Computing Toolkit\CUDA\v11.7\bin;C:\Program Files\NVIDIA GPU Computing Toolkit\CUDA\v11.7\libnvvp;C:\Windows\system32;C:\Windows;C:\Windows\System32\Wbem;C:\Windows\System32\WindowsPowerShell\v1.0\;C:\Windows\System32\OpenSSH\;C:\MinGW\bin;C:\Program Files\Git\cmd;C:\Program Files\MySQL\MySQL Server 8.0\bin;C:\Program Files\NVIDIA Corporation\Nsight Compute 2022.2.0\;C:\Program Files (x86)\NVIDIA Corporation\PhysX\Common;C:\WINDOWS\system32;C:\WINDOWS;C:\WINDOWS\System32\Wbem;C:\WINDOWS\System32\WindowsPowerShell\v1.0\;C:\WINDOWS\System32\OpenSSH\;C:\Program Files\Git\bin;C:\Program Files\CMake\bin;C:\Program Files\Java\jdk-19\bin;C:\Program Files\MongoDB\Server\6.0\bin;C:\mongoshell\mongosh-1.8.0-win32-x64\bin;C:\Program Files\MiKTeX\miktex\bin\x64\;C:\Users\saura\AppData\Local\Pub\Cache\bin;C:\xampp\php;C:\ProgramData\ComposerSetup\bin;C:\ProgramData\chocolatey\bin;C:\Program Files\nodejs\;C:\Users\saura\AppData\Local\Android\Sdk\platforms;C:\Users\saura\AppData\Local\Android\Sdk;C:\Users\saura\AppData\Local\Android\Sdk\platform-tools;C:\Users\saura\AppData\Local\Android\Sdk\build-tools;C:\Users\saura\AppData\Local\Android\Sdk\emulator;C:\src\flutter\bin;C:\Users\saura\AppData\Local\Android\Sdk\tools;C:\Program Files\MySQL\MySQL Shell 8.0\bin\;C:\Users\saura\AppData\Local\Programs\Python\Python38\Scripts\;C:\Users\saura\AppData\Local\Programs\Python\Python38\;C:\Users\saura\.conda;C:\Users\saura\.conda\Library\mingw-w64\
USERNAME=saura
OS=Windows_NT
PROCESSOR_IDENTIFIER=AMD64 Family 23 Model 24 Stepping 1, AuthenticAMD
TMP=C:\Users\saura\AppData\Local\Temp
TEMP=C:\Users\saura\AppData\Local\Temp



Periodic native trim disabled


---------------  S Y S T E M  ---------------

OS:
 Windows 11 , 64 bit Build 26100 (10.0.26100.4768)
OS uptime: 8 days 1:00 hours

CPU: total 8 (initial active 8) (8 cores per cpu, 2 threads per core) family 23 model 24 stepping 1 microcode 0x8108109, cx8, cmov, fxsr, ht, mmx, 3dnowpref, sse, sse2, sse3, ssse3, sse4a, sse4.1, sse4.2, popcnt, lzcnt, tsc, tscinvbit, avx, avx2, aes, clmul, bmi1, bmi2, adx, sha, fma, vzeroupper, clflush, clflushopt
Processor Information for the first 8 processors :
  Max Mhz: 2100, Current Mhz: 1700, Mhz Limit: 2100

Memory: 4k page, system-wide physical 6088M (536M free)
TotalPageFile size 24520M (AvailPageFile size 0M)
current process WorkingSet (physical memory assigned to process): 204M, peak: 204M
current process commit charge ("private bytes"): 254M, peak: 255M

vm_info: OpenJDK 64-Bit Server VM (17.0.13+11-LTS) for windows-amd64 JRE (17.0.13+11-LTS), built on Oct 11 2024 23:25:05 by "MicrosoftCorporation" with unknown MS VC++:1939

END.
